******************************************************************************
                  TI ARM Linker PC v15.12.3                    
******************************************************************************
>> Linked Sun Nov 11 19:03:23 2018

OUTPUT FILE NAME:   <blink_HWI.out>
ENTRY POINT SYMBOL: "_c_int00"  address: 00003ee1


MEMORY CONFIGURATION

         name            origin    length      used     unused   attr    fill
----------------------  --------  ---------  --------  --------  ----  --------
  FLASH                 00000000   00040000  00007d78  00038288  R  X
  SRAM                  20000000   00008000  000025a0  00005a60  RW X


SEGMENT ALLOCATION MAP

run origin  load origin   length   init length attrs members
----------  ----------- ---------- ----------- ----- -------
00000000    00000000    00007d84   00007d84    r-x
  00000000    00000000    0000003c   0000003c    r-- .resetVecs
  00000040    00000040    00005732   00005732    r-x .text
  00005774    00005774    00002246   00002246    r-- .const
  000079c0    000079c0    000003c4   000003c4    r-- .cinit
20000000    20000000    00000360   00000000    rw-
  20000000    20000000    00000360   00000000    rw- .vecs
20000380    20000380    00002240   00000000    rw-
  20000380    20000380    000018b0   00000000    rw- .bss
  20001c30    20001c30    00000590   00000000    rw- .data
  200021c0    200021c0    00000400   00000000    rw- .stack


SECTION ALLOCATION MAP

 output                                  attributes/
section   page    origin      length       input sections
--------  ----  ----------  ----------   ----------------
.text      0    00000040    00005732     
                  00000040    00000430     sysbios.aem4f : BIOS.obj (.text:ti_sysbios_family_arm_m3_Hwi_excDumpRegs__I)
                  00000470    0000034c     ti.targets.arm.rtsarm.aem4f : System.oem4f (.text:xdc_runtime_System_doPrint__I)
                  000007bc    00000324     rtsv7M4_T_le_v4SPD16_eabi.lib : trgdrv.obj (.text)
                  00000ae0    00000298     sysbios.aem4f : BIOS.obj (.text:ti_sysbios_knl_Semaphore_pend__E)
                  00000d78    000001fc                   : BIOS.obj (.text:ti_sysbios_family_arm_m3_Hwi_excHandlerMax__I)
                  00000f74    00000004     driverlib.lib : timer.obj (.text:TimerIntClear)
                  00000f78    00000174     sysbios.aem4f : BIOS.obj (.text:ti_sysbios_family_arm_m3_Hwi_excBusFault__I)
                  000010ec    00000004     empty_pem4f.oem4f (.text:malloc)
                  000010f0    00000164     sysbios.aem4f : BIOS.obj (.text:ti_sysbios_family_arm_m3_Hwi_excUsageFault__I)
                  00001254    00000004     empty_pem4f.oem4f (.text:ti_sysbios_BIOS_RtsGateProxy_enter__E)
                  00001258    00000148     sysbios.aem4f : BIOS.obj (.text:ti_sysbios_family_arm_m3_Hwi_excMemFault__I)
                  000013a0    00000144     ti.targets.arm.rtsarm.aem4f : HeapStd.oem4f (.text:xdc_runtime_HeapStd_alloc__E)
                  000014e4    00000138     empty_pem4f.oem4f (.text:ti_uia_loggers_LoggerStopMode_writeMemoryRange__E)
                  0000161c    00000130     driverlib.lib : gpio.obj (.text:GPIOPadConfigSet)
                  0000174c    00000118     ti.targets.arm.rtsarm.aem4f : Error.oem4f (.text:xdc_runtime_Error_policyDefault__E)
                  00001864    00000004     empty_pem4f.oem4f (.text:ti_sysbios_BIOS_RtsGateProxy_leave__E)
                  00001868    00000110     sysbios.aem4f : BIOS.obj (.text:ti_sysbios_family_arm_lm4_TimestampProvider_get64__E)
                  00001978    0000010c     driverlib.lib : sysctl.obj (.text:SysCtlClockGet)
                  00001a84    0000010c     empty_pem4f.oem4f (.text:ti_uia_loggers_LoggerStopMode_write8__E)
                  00001b90    00000108     sysbios.aem4f : BIOS.obj (.text:ti_sysbios_family_arm_lm4_Timer_start__E)
                  00001c98    00000100     Boot.aem4f : Boot_sysctl.oem4f (.text:ti_catalog_arm_cortexm4_tiva_ce_Boot_sysCtlClockSetI__I)
                  00001d98    00000100     ti.targets.arm.rtsarm.aem4f : Core-mem.oem4f (.text:xdc_runtime_Core_createObject__I)
                  00001e98    000000f8                                 : Startup.oem4f (.text:xdc_runtime_Startup_startMods__I)
                  00001f90    000000f8     empty_pem4f.oem4f (.text:xdc_runtime_System_printfExtend__I)
                  00002088    000000f4     sysbios.aem4f : m3_Hwi_asm.obj (.text:ti_sysbios_family_arm_m3_Hwi_dispatch__I)
                  0000217c    000000f4     empty_pem4f.oem4f (.text:ti_uia_loggers_LoggerStopMode_write4__E)
                  00002270    000000f0     driverlib.lib : sysctl.obj (.text:SysCtlClockSet)
                  00002360    000000ec     sysbios.aem4f : BIOS.obj (.text:ti_sysbios_knl_Semaphore_post__E)
                  0000244c    000000e8     empty_pem4f.oem4f (.text:ti_uia_loggers_LoggerStopMode_write2__E)
                  00002534    000000e4     empty_pem4f.oem4f (.text:ti_uia_loggers_LoggerStopMode_write1__E)
                  00002618    000000dc     main.obj (.text:ledToggle)
                  000026f4    000000d8     empty_pem4f.oem4f (.text:ti_uia_loggers_LoggerStopMode_write0__E)
                  000027cc    000000cc     ti.targets.arm.rtsarm.aem4f : Core-smem.oem4f (.text:xdc_runtime_Core_constructObject__I)
                  00002898    000000cc                                 : HeapStd.oem4f (.text:xdc_runtime_HeapStd_Instance_init__E)
                  00002964    00000004     sysbios.aem4f : BIOS.obj (.text:ti_sysbios_family_arm_lm4_Timer_masterEnable__I)
                  00002968    000000bc                   : BIOS.obj (.text:ti_sysbios_family_arm_m3_Hwi_excDebugMon__I)
                  00002a24    00000004     empty_pem4f.oem4f (.text:ti_sysbios_family_arm_m3_TaskSupport_Module__startupDone__S)
                  00002a28    000000bc     sysbios.aem4f : BIOS.obj (.text:ti_sysbios_family_arm_m3_Hwi_excHardFault__I)
                  00002ae4    00000004     empty_pem4f.oem4f (.text:ti_sysbios_knl_Clock_TimerProxy_getMaxTicks__E)
                  00002ae8    000000b4     sysbios.aem4f : BIOS.obj (.text:ti_sysbios_gates_GateMutex_enter__E)
                  00002b9c    00000004     empty_pem4f.oem4f (.text:ti_sysbios_knl_Clock_TimerProxy_getPeriod__E)
                  00002ba0    000000b4     sysbios.aem4f : BIOS.obj (.text:ti_sysbios_knl_Task_checkStacks__E)
                  00002c54    00000004     empty_pem4f.oem4f (.text:ti_sysbios_knl_Queue_destruct)
                  00002c58    000000b0     sysbios.aem4f : BIOS.obj (.text:ti_sysbios_utils_Load_idleFxn__E)
                  00002d08    000000ac                   : BIOS.obj (.text:ti_sysbios_family_arm_lm4_Timer_enableTiva__I)
                  00002db4    000000a8     ti.targets.arm.rtsarm.aem4f : HeapStd.oem4f (.text:xdc_runtime_HeapStd_free__E)
                  00002e5c    000000a0     auto_init.aem4f : auto_init.oem4f (.text)
                  00002efc    000000a0     ti.targets.arm.rtsarm.aem4f : Text.oem4f (.text:xdc_runtime_Text_putMod__E)
                  00002f9c    0000009c     rtsv7M4_T_le_v4SPD16_eabi.lib : memcpy_t2.obj (.text)
                  00003038    0000009c     sysbios.aem4f : BIOS.obj (.text:ti_sysbios_knl_Semaphore_Instance_init__E)
                  000030d4    00000004     empty_pem4f.oem4f (.text:ti_sysbios_knl_Semaphore_destruct)
                  000030d8    0000009c     sysbios.aem4f : BIOS.obj (.text:ti_sysbios_knl_Task_postInit__I)
                  00003174    0000009a     ti.targets.arm.rtsarm.aem4f : Text.oem4f (.text:xdc_runtime_Text_putSite__E)
                  0000320e    00000002     empty_pem4f.oem4f (.text:free)
                  00003210    00000098     Boot.aem4f : Boot.oem4f (.text:ti_catalog_arm_cortexm4_tiva_ce_Boot_sysCtlClockSet__E)
                  000032a8    00000094     sysbios.aem4f : BIOS.obj (.text:ti_sysbios_family_arm_m3_Hwi_initNVIC__E)
                  0000333c    00000090     ti.uia.loggers.aem4f : LoggerStopMode.oem4f (.text:ti_uia_loggers_LoggerStopMode_initQueueDescriptor__E)
                  000033cc    0000008c     sysbios.aem4f : m3_TaskSupport_asm.obj (.text:ti_sysbios_family_arm_m3_TaskSupport_buildTaskStack)
                  00003458    00000084                   : BIOS.obj (.text:ti_sysbios_family_arm_lm4_Timer_getExpiredCounts__E)
                  000034dc    00000004     ti.uia.loggers.aem4f : LoggerStopMode.oem4f (.text:ti_uia_loggers_LoggerStopMode_getContents__E)
                  000034e0    00000084     sysbios.aem4f : BIOS.obj (.text:ti_sysbios_family_arm_m3_Hwi_postInit__I)
                  00003564    00000004     empty_pem4f.oem4f (.text:ti_uia_loggers_LoggerStopMode_getFilterLevel__E)
                  00003568    00000080     sysbios.aem4f : BIOS.obj (.text:ti_sysbios_utils_Load_updateLoads__E)
                  000035e8    0000007a     rtsv7M4_T_le_v4SPD16_eabi.lib : memset_t2.obj (.text)
                  00003662    00000002                                   : i_div0.obj (.text)
                  00003664    00000074     ti.uia.runtime.aem4f : QueueDescriptor.oem4f (.text:ti_uia_runtime_QueueDescriptor_addToList__E)
                  000036d8    0000006d     ti.targets.arm.rtsarm.aem4f : System.oem4f (.text:xdc_runtime_System_formatNum__I)
                  00003745    00000001     --HOLE-- [fill = 0]
                  00003746    00000002     empty_pem4f.oem4f (.text:ti_sysbios_BIOS_nullFunc__I)
                  00003748    0000006c     sysbios.aem4f : BIOS.obj (.text:ti_sysbios_knl_Clock_workFunc__E)
                  000037b4    00000004     ti.uia.loggers.aem4f : LoggerStopMode.oem4f (.text:ti_uia_loggers_LoggerStopMode_getInstanceId__E)
                  000037b8    0000006c     sysbios.aem4f : BIOS.obj (.text:ti_sysbios_knl_Swi_restoreHwi__E)
                  00003824    00000004     ti.uia.loggers.aem4f : LoggerStopMode.oem4f (.text:ti_uia_loggers_LoggerStopMode_getMaxLength__E)
                  00003828    0000006c     sysbios.aem4f : BIOS.obj (.text:ti_sysbios_knl_Task_exit__E)
                  00003894    0000006c     ti.targets.arm.rtsarm.aem4f : Error.oem4f (.text:xdc_runtime_Error_print__E)
                  00003900    0000006c                                 : Memory.oem4f (.text:xdc_runtime_Memory_alloc__E)
                  0000396c    0000006a     rtsv7M4_T_le_v4SPD16_eabi.lib : copy_decompress_rle.obj (.text)
                  000039d6    00000002     empty_pem4f.oem4f (.text:ti_uia_loggers_LoggerStopMode_setFilterLevel__E)
                  000039d8    00000068     main.obj (.text:hardware_init)
                  00003a40    00000068     rtsv7M4_T_le_v4SPD16_eabi.lib : trgmsg.obj (.text)
                  00003aa8    00000066     ti.uia.loggers.aem4f : LoggerStopMode.oem4f (.text:ti_uia_loggers_LoggerStopMode_flush__E)
                  00003b0e    00000066     ti.targets.arm.rtsarm.aem4f : Core-mem.oem4f (.text:xdc_runtime_Core_deleteObject__I)
                  00003b74    00000004     ti.uia.loggers.aem4f : LoggerStopMode.oem4f (.text:ti_uia_loggers_LoggerStopMode_getPriority__E)
                  00003b78    00000064     sysbios.aem4f : BIOS.obj (.text:ti_sysbios_family_arm_lm4_Timer_Module_startup__E)
                  00003bdc    00000004     ti.uia.loggers.aem4f : LoggerStopMode.oem4f (.text:ti_uia_loggers_LoggerStopMode_getTransferType__E)
                  00003be0    00000064     sysbios.aem4f : BIOS.obj (.text:ti_sysbios_family_arm_m3_Hwi_dispatchC__I)
                  00003c44    00000060     driverlib.lib : timer.obj (.text:TimerConfigure)
                  00003ca4    00000004     ti.targets.arm.rtsarm.aem4f : Error.oem4f (.text:xdc_runtime_Error_getSite__E)
                  00003ca8    00000060     sysbios.aem4f : BIOS.obj (.text:ti_sysbios_knl_Task_schedule__I)
                  00003d08    0000005c                   : BIOS.obj (.text:ti_sysbios_knl_Swi_run__I)
                  00003d64    00000004     ti.targets.arm.rtsarm.aem4f : HeapStd.oem4f (.text:xdc_runtime_HeapStd_isBlocking__E)
                  00003d68    0000005c     sysbios.aem4f : BIOS.obj (.text:ti_sysbios_knl_Swi_schedule__I)
                  00003dc4    00000004     empty_pem4f.oem4f (.text:xdc_runtime_System_Module_GateProxy_enter__E)
                  00003dc8    0000005c     sysbios.aem4f : BIOS.obj (.text:ti_sysbios_knl_Task_Module_startup__E)
                  00003e24    00000004     empty_pem4f.oem4f (.text:xdc_runtime_System_Module_GateProxy_leave__E)
                  00003e28    0000005c     sysbios.aem4f : BIOS.obj (.text:ti_sysbios_knl_Task_startCore__E)
                  00003e84    0000005b     ti.targets.arm.rtsarm.aem4f : Text.oem4f (.text:xdc_runtime_Text_putLab__E)
                  00003edf    00000001     --HOLE-- [fill = 0]
                  00003ee0    00000058     boot.aem4f : boot.oem4f (.text)
                  00003f38    00000058     sysbios.aem4f : m3_Hwi_asm_switch.obj (.text:ti_sysbios_family_arm_m3_Hwi_initStacks__E)
                  00003f90    00000058     empty_pem4f.oem4f (.text:xdc_runtime_HeapStd_Object__create__S)
                  00003fe8    00000054     rtsv7M4_T_le_v4SPD16_eabi.lib : exit.obj (.text)
                  0000403c    00000004     ti.targets.arm.rtsarm.aem4f : System.oem4f (.text:xdc_runtime_System_aprintf_va__F)
                  00004040    00000054     sysbios.aem4f : BIOS.obj (.text:ti_sysbios_family_arm_lm4_Timer_initDevice__I)
                  00004094    00000004     ti.targets.arm.rtsarm.aem4f : System.oem4f (.text:xdc_runtime_System_printf_va__F)
                  00004098    00000054     sysbios.aem4f : BIOS.obj (.text:ti_sysbios_family_arm_lm4_TimestampProvider_get32__E)
                  000040ec    00000054     ti.targets.arm.rtsarm.aem4f : Assert.oem4f (.text:xdc_runtime_Assert_raise__I)
                  00004140    00000050     sysbios.aem4f : BIOS.obj (.text:ti_sysbios_family_arm_m3_Hwi_Module_startup__E)
                  00004190    00000050     ti.targets.arm.rtsarm.aem4f : Startup.oem4f (.text:xdc_runtime_Startup_exec__E)
                  000041e0    00000050                                 : Text.oem4f (.text:xdc_runtime_Text_visitRope2__I)
                  00004230    0000004c     rtsv7M4_T_le_v4SPD16_eabi.lib : cpy_tbl.obj (.text)
                  0000427c    00000002     ti.uia.loggers.aem4f : LoggerStopMode.oem4f (.text:ti_uia_loggers_LoggerStopMode_setPriority__E)
                  0000427e    00000002     empty_pem4f.oem4f (.text:xdc_runtime_Startup_reset__I)
                  00004280    0000004c     sysbios.aem4f : BIOS.obj (.text:ti_sysbios_knl_Swi_runLoop__I)
                  000042cc    00000004     --HOLE-- [fill = 0]
                  000042d0    0000004c                   : BIOS.obj (.text:ti_sysbios_knl_Task_allBlockedFunction__I)
                  0000431c    0000004c     ti.uia.loggers.aem4f : LoggerStopMode.oem4f (.text:ti_uia_loggers_LoggerStopMode_Module_startup__E)
                  00004368    00000048     sysbios.aem4f : BIOS.obj (.text:ti_sysbios_family_arm_lm4_Timer_enableTimers__I)
                  000043b0    00000048                   : BIOS.obj (.text:ti_sysbios_family_arm_m3_Hwi_disableInterrupt__E)
                  000043f8    00000048                   : BIOS.obj (.text:ti_sysbios_family_arm_m3_Hwi_enableInterrupt__E)
                  00004440    00000048                   : BIOS.obj (.text:ti_sysbios_family_arm_m3_Hwi_excReserved__I)
                  00004488    00000046     ti.targets.arm.rtsarm.aem4f : Core-params.oem4f (.text:xdc_runtime_Core_assignParams__I)
                  000044ce    00000002     --HOLE-- [fill = 0]
                  000044d0    00000044     sysbios.aem4f : BIOS.obj (.text:ti_sysbios_family_arm_lm4_Timer_isrStub__E)
                  00004514    00000004     --HOLE-- [fill = 0]
                  00004518    00000044                   : BIOS.obj (.text:ti_sysbios_family_arm_m3_Hwi_getStackInfo__E)
                  0000455c    00000004     --HOLE-- [fill = 0]
                  00004560    00000044                   : BIOS.obj (.text:ti_sysbios_knl_Swi_post__E)
                  000045a4    00000044     ti.uia.loggers.aem4f : LoggerStopMode.oem4f (.text:ti_uia_loggers_LoggerStopMode_initBuffer__I)
                  000045e8    00000044     ti.targets.arm.rtsarm.aem4f : Error.oem4f (.text:xdc_runtime_Error_setX__E)
                  0000462c    00000044                                 : SysMin.oem4f (.text:xdc_runtime_SysMin_flush__E)
                  00004670    00000044                                 : Text.oem4f (.text:xdc_runtime_Text_xprintf__I)
                  000046b4    00000040     rtsv7M4_T_le_v4SPD16_eabi.lib : u_divt2.obj (.text)
                  000046f4    00000004     --HOLE-- [fill = 0]
                  000046f8    00000040     sysbios.aem4f : BIOS.obj (.text:ti_sysbios_family_arm_lm4_Timer_startup__E)
                  00004738    0000003c                   : BIOS.obj (.text:ti_sysbios_family_arm_m3_Hwi_excSvCall__I)
                  00004774    00000004     --HOLE-- [fill = 0]
                  00004778    0000003c                   : BIOS.obj (.text:ti_sysbios_knl_Swi_restore__E)
                  000047b4    00000004     --HOLE-- [fill = 0]
                  000047b8    00000038                   : BIOS.obj (.text:ti_sysbios_family_arm_m3_Hwi_excNoIsr__I)
                  000047f0    00000038                   : BIOS.obj (.text:ti_sysbios_knl_Task_processVitalTaskFlag__I)
                  00004828    00000038     ti.targets.arm.rtsarm.aem4f : SysMin.oem4f (.text:xdc_runtime_SysMin_putch__E)
                  00004860    00000038                                 : System.oem4f (.text:xdc_runtime_System_atexit__E)
                  00004898    00000034     driverlib.lib : sysctl.obj (.text:SysCtlPeripheralEnable)
                  000048cc    00000004     --HOLE-- [fill = 0]
                  000048d0    00000034     sysbios.aem4f : BIOS.obj (.text:ti_sysbios_family_arm_m3_Hwi_excNmi__I)
                  00004904    00000004     --HOLE-- [fill = 0]
                  00004908    00000034                   : BIOS.obj (.text:ti_sysbios_hal_Hwi_checkStack)
                  0000493c    00000034     ti.uia.loggers.aem4f : LoggerStopMode.oem4f (.text:ti_uia_loggers_LoggerStopMode_reset__E)
                  00004970    00000034     ti.targets.arm.rtsarm.aem4f : Core-label.oem4f (.text:xdc_runtime_Core_assignLabel__I)
                  000049a4    00000033                                 : Text.oem4f (.text:xdc_runtime_Text_printVisFxn__I)
                  000049d7    00000001     --HOLE-- [fill = 0]
                  000049d8    00000032     sysbios.aem4f : BIOS.obj (.text:ti_sysbios_hal_Hwi_initStack)
                  00004a0a    00000002     --HOLE-- [fill = 0]
                  00004a0c    00000030     empty_pem4f.oem4f (.text:ti_sysbios_BIOS_atExitFunc__I)
                  00004a3c    00000004     --HOLE-- [fill = 0]
                  00004a40    00000030     sysbios.aem4f : BIOS.obj (.text:ti_sysbios_family_arm_lm4_Timer_stop__E)
                  00004a70    00000030                   : BIOS.obj (.text:ti_sysbios_family_arm_m3_TaskSupport_start__E)
                  00004aa0    00000030     empty_pem4f.oem4f (.text:ti_sysbios_gates_GateHwi_Object__create__S)
                  00004ad0    00000030     empty_pem4f.oem4f (.text:ti_sysbios_gates_GateMutex_Object__create__S)
                  00004b00    00000030     empty_pem4f.oem4f (.text:ti_sysbios_knl_Semaphore_construct)
                  00004b30    00000030     sysbios.aem4f : BIOS.obj (.text:ti_sysbios_knl_Semaphore_pendTimeout__I)
                  00004b60    00000030                   : BIOS.obj (.text:ti_sysbios_knl_Task_unblockI__E)
                  00004b90    00000030                   : BIOS.obj (.text:ti_sysbios_utils_Load_updateCurrentThreadTime__E)
                  00004bc0    00000030     empty_pem4f.oem4f (.text:ti_uia_loggers_LoggerStopMode_Object__create__S)
                  00004bf0    00000030     ti.targets.arm.rtsarm.aem4f : SysMin.oem4f (.text:xdc_runtime_SysMin_abort__E)
                  00004c20    00000030                                 : System.oem4f (.text:xdc_runtime_System_processAtExit__E)
                  00004c50    0000002c     empty_pem4f.oem4f (.text:ti_sysbios_knl_Clock_doTick__I)
                  00004c7c    0000002c     empty_pem4f.oem4f (.text:ti_sysbios_knl_Queue_construct)
                  00004ca8    0000002c     sysbios.aem4f : BIOS.obj (.text:ti_sysbios_knl_Task_restore__E)
                  00004cd4    0000002c     ti.targets.arm.rtsarm.aem4f : Text.oem4f (.text:xdc_runtime_Text_cordText__E)
                  00004d00    0000002a     driverlib.lib : gpio.obj (.text:GPIODirModeSet)
                  00004d2a    0000002a     ti.targets.arm.rtsarm.aem4f : System.oem4f (.text:xdc_runtime_System_putchar__I)
                  00004d54    00000004     --HOLE-- [fill = 0]
                  00004d58    00000028     sysbios.aem4f : BIOS.obj (.text:ti_sysbios_knl_Clock_addI__E)
                  00004d80    00000028                   : BIOS.obj (.text:ti_sysbios_knl_Swi_Module_startup__E)
                  00004da8    00000026                   : m3_Hwi_asm.obj (.text:ti_sysbios_family_arm_m3_Hwi_pendSV__I)
                  00004dce    00000026     ti.targets.arm.rtsarm.aem4f : System.oem4f (.text:xdc_runtime_System_avprintf__E)
                  00004df4    00000024     empty_pem4f.oem4f (.text:ti_sysbios_BIOS_errorRaiseHook__I)
                  00004e18    00000024     empty_pem4f.oem4f (.text:ti_sysbios_BIOS_registerRTSLock__I)
                  00004e3c    00000024     empty_pem4f.oem4f (.text:ti_sysbios_BIOS_removeRTSLock__I)
                  00004e60    00000024     empty_pem4f.oem4f (.text:ti_sysbios_BIOS_startFunc__I)
                  00004e84    00000024     empty_pem4f.oem4f (.text:ti_sysbios_gates_GateMutex_Object__delete__S)
                  00004ea8    00000024     sysbios.aem4f : BIOS.obj (.text:ti_sysbios_knl_Clock_Module_startup__E)
                  00004ecc    00000004     --HOLE-- [fill = 0]
                  00004ed0    00000024                   : BIOS.obj (.text:ti_sysbios_knl_Task_restoreHwi__E)
                  00004ef4    00000004     --HOLE-- [fill = 0]
                  00004ef8    00000024                   : BIOS.obj (.text:ti_sysbios_utils_Load_updateThreadContexts__E)
                  00004f1c    00000024     ti.targets.arm.rtsarm.aem4f : System.oem4f (.text:xdc_runtime_System_vprintf__E)
                  00004f40    00000022     sysbios.aem4f : BIOS.obj (.text:ti_sysbios_family_arm_lm4_Timer_write__I)
                  00004f62    00000022     empty_pem4f.oem4f (.text:xdc_runtime_SysMin_output__I)
                  00004f84    00000020     empty_pem4f.oem4f (.text:ti_sysbios_BIOS_rtsLock__I)
                  00004fa4    00000020     sysbios.aem4f : m3_Hwi_asm.obj (.text:ti_sysbios_family_arm_m3_Hwi_excHandlerAsm__I)
                  00004fc4    00000004     --HOLE-- [fill = 0]
                  00004fc8    00000020                   : BIOS.obj (.text:ti_sysbios_family_arm_m3_Hwi_excHandler__I)
                  00004fe8    00000020     empty_pem4f.oem4f (.text:ti_sysbios_gates_GateHwi_Object__delete__S)
                  00005008    00000020     sysbios.aem4f : BIOS.obj (.text:ti_sysbios_knl_Idle_run__E)
                  00005028    00000020     empty_pem4f.oem4f (.text:ti_sysbios_knl_Semaphore_Object__destruct__S)
                  00005048    00000020     empty_pem4f.oem4f (.text:ti_uia_loggers_LoggerStopMode_Object__delete__S)
                  00005068    00000020     ti.targets.arm.rtsarm.aem4f : Registry.oem4f (.text:xdc_runtime_Registry_findById__E)
                  00005088    00000020                                 : SysMin.oem4f (.text:xdc_runtime_SysMin_Module_startup__E)
                  000050a8    0000001e     sysbios.aem4f : m3_Hwi_asm_switch.obj (.text:ti_sysbios_family_xxx_Hwi_switchAndRunFunc)
                  000050c6    00000002     --HOLE-- [fill = 0]
                  000050c8    0000001c                   : BIOS.obj (.text:ti_sysbios_gates_GateMutex_Instance_init__E)
                  000050e4    0000001c     empty_pem4f.oem4f (.text:ti_sysbios_knl_Queue_Object__destruct__S)
                  00005100    0000001c     sysbios.aem4f : BIOS.obj (.text:ti_sysbios_knl_Queue_put__E)
                  0000511c    00000004     --HOLE-- [fill = 0]
                  00005120    0000001c                   : BIOS.obj (.text:ti_sysbios_knl_Task_enter__I)
                  0000513c    0000001c     ti.uia.loggers.aem4f : LoggerStopMode.oem4f (.text:ti_uia_loggers_LoggerStopMode_Instance_init__E)
                  00005158    0000001c     ti.targets.arm.rtsarm.aem4f : Error.oem4f (.text:xdc_runtime_Error_raiseX__E)
                  00005174    0000001c     empty_pem4f.oem4f (.text:xdc_runtime_HeapStd_Object__delete__S)
                  00005190    0000001c     ti.targets.arm.rtsarm.aem4f : Memory.oem4f (.text:xdc_runtime_Memory_valloc__E)
                  000051ac    0000001c                                 : SysMin.oem4f (.text:xdc_runtime_SysMin_exit__E)
                  000051c8    0000001c                                 : System.oem4f (.text:xdc_runtime_System_abort__E)
                  000051e4    0000001a     empty_pem4f.oem4f (.text:ti_sysbios_family_arm_m3_Hwi_Handle__label__S)
                  000051fe    0000001a     empty_pem4f.oem4f (.text:ti_sysbios_gates_GateHwi_Handle__label__S)
                  00005218    0000001a     empty_pem4f.oem4f (.text:ti_sysbios_gates_GateMutex_Handle__label__S)
                  00005232    0000001a     empty_pem4f.oem4f (.text:ti_sysbios_knl_Swi_Handle__label__S)
                  0000524c    0000001a     empty_pem4f.oem4f (.text:ti_sysbios_knl_Task_Handle__label__S)
                  00005266    0000001a     empty_pem4f.oem4f (.text:ti_uia_loggers_LoggerStopMode_Handle__label__S)
                  00005280    0000001a     empty_pem4f.oem4f (.text:xdc_runtime_HeapStd_Handle__label__S)
                  0000529a    0000001a     empty_pem4f.oem4f (.text:xdc_runtime_System_aprintf__E)
                  000052b4    0000001a     empty_pem4f.oem4f (.text:xdc_runtime_System_printf__E)
                  000052ce    00000018     driverlib.lib : gpio.obj (.text:GPIOPinTypeGPIOOutput)
                  000052e6    00000002     --HOLE-- [fill = 0]
                  000052e8    00000018     rtsv7M4_T_le_v4SPD16_eabi.lib : args_main.obj (.text)
                  00005300    00000018     empty_pem4f.oem4f (.text:ti_sysbios_BIOS_rtsUnlock__I)
                  00005318    00000018     empty_pem4f.oem4f (.text:ti_sysbios_family_arm_lm4_Timer_Module__startupDone__F)
                  00005330    00000018     empty_pem4f.oem4f (.text:ti_sysbios_family_arm_m3_Hwi_Module__startupDone__F)
                  00005348    00000018     sysbios.aem4f : m3_TaskSupport_asm.obj (.text:ti_sysbios_family_arm_m3_TaskSupport_swap__E)
                  00005360    00000018                   : BIOS.obj (.text:ti_sysbios_gates_GateMutex_leave__E)
                  00005378    00000018     ti.targets.arm.rtsarm.aem4f : Error.oem4f (.text:xdc_runtime_Error_check__E)
                  00005390    00000018                                 : System.oem4f (.text:xdc_runtime_System_exit__E)
                  000053a8    00000018                                 : Text.oem4f (.text:xdc_runtime_Text_ropeText__E)
                  000053c0    00000016     empty_pem4f.oem4f (.text:ti_sysbios_BIOS_exitFunc__I)
                  000053d6    00000016     ti.uia.loggers.aem4f : LoggerStopMode.oem4f (.text:ti_uia_loggers_LoggerStopMode_disable__E)
                  000053ec    00000016                          : LoggerStopMode.oem4f (.text:ti_uia_loggers_LoggerStopMode_enable__E)
                  00005402    00000002     --HOLE-- [fill = 0]
                  00005404    00000014     rtsv7M4_T_le_v4SPD16_eabi.lib : _lock.obj (.text)
                  00005418    00000014                                   : strcpy.obj (.text)
                  0000542c    00000014                                   : strlen.obj (.text)
                  00005440    00000014     empty_pem4f.oem4f (.text:ti_sysbios_family_arm_m3_Hwi_Object__get__S)
                  00005454    00000004     --HOLE-- [fill = 0]
                  00005458    00000014     sysbios.aem4f : BIOS.obj (.text:ti_sysbios_family_arm_m3_Hwi_switchFromBootStack__E)
                  0000546c    00000014     empty_pem4f.oem4f (.text:ti_sysbios_knl_Swi_Object__get__S)
                  00005480    00000012     driverlib.lib : timer.obj (.text:TimerLoadSet)
                  00005492    00000006                   : gpio.obj (.text:GPIOPinRead)
                  00005498    00000012     sysbios.aem4f : BIOS.obj (.text:ti_sysbios_hal_Hwi_Module_startup__E)
                  000054aa    00000012     empty_pem4f.oem4f (.text:xdc_runtime_Startup_exec__I)
                  000054bc    00000004     --HOLE-- [fill = 0]
                  000054c0    00000010     sysbios.aem4f : BIOS.obj (.text:ti_sysbios_BIOS_getCpuFreq__E)
                  000054d0    00000010                   : BIOS.obj (.text:ti_sysbios_BIOS_setThreadType__E)
                  000054e0    00000010                   : BIOS.obj (.text:ti_sysbios_BIOS_start__E)
                  000054f0    00000010                   : BIOS.obj (.text:ti_sysbios_family_arm_lm4_TimestampProvider_rolloverFunc__E)
                  00005500    00000010                   : m3_TaskSupport_asm.obj (.text:ti_sysbios_family_arm_m3_TaskSupport_glue)
                  00005510    00000010                   : BIOS.obj (.text:ti_sysbios_gates_GateMutex_Instance_finalize__E)
                  00005520    00000010                   : BIOS.obj (.text:ti_sysbios_knl_Semaphore_Instance_finalize__E)
                  00005530    00000010                   : BIOS.obj (.text:ti_sysbios_knl_Swi_disable__E)
                  00005540    00000010     empty_pem4f.oem4f (.text:ti_sysbios_knl_Task_Object__get__S)
                  00005550    00000010     sysbios.aem4f : BIOS.obj (.text:ti_sysbios_knl_Task_disable__E)
                  00005560    00000010     empty_pem4f.oem4f (.text:ti_uia_loggers_LoggerStopMode_Object__get__S)
                  00005570    00000010     ti.uia.loggers.aem4f : LoggerStopMode.oem4f (.text:ti_uia_loggers_LoggerStopMode_isEmpty__E)
                  00005580    00000010     ti.targets.arm.rtsarm.aem4f : Gate.oem4f (.text:xdc_runtime_Gate_leaveSystem__E)
                  00005590    00000010                                 : Memory.oem4f (.text:xdc_runtime_Memory_free__E)
                  000055a0    00000010                                 : SysMin.oem4f (.text:xdc_runtime_SysMin_ready__E)
                  000055b0    00000010                                 : System.oem4f (.text:xdc_runtime_System_vsnprintf__E)
                  000055c0    00000010     empty_pem4f.oem4f (.text:xdc_runtime_Text_visitRope__I)
                  000055d0    0000000e     driverlib.lib : timer.obj (.text:TimerEnable)
                  000055de    0000000e     rtsv7M4_T_le_v4SPD16_eabi.lib : copy_decompress_none.obj (.text:decompress:none)
                  000055ec    00000004     --HOLE-- [fill = 0]
                  000055f0    0000000e     sysbios.aem4f : BIOS.obj (.text:ti_sysbios_knl_Idle_loop__E)
                  000055fe    00000002     --HOLE-- [fill = 0]
                  00005600    0000000e                   : BIOS.obj (.text:ti_sysbios_knl_Queue_empty__E)
                  0000560e    0000000e     ti.targets.arm.rtsarm.aem4f : HeapStd.oem4f (.text:xdc_runtime_HeapStd_getStats__E)
                  0000561c    0000000c     empty_pem4f.oem4f (.text:.bootCodeSection:ti_catalog_arm_cortexm4_tiva_ce_Boot_init__I)
                  00005628    0000000c     main.obj (.text:main)
                  00005634    00000004     --HOLE-- [fill = 0]
                  00005638    0000000c     sysbios.aem4f : BIOS.obj (.text:ti_sysbios_family_arm_lm4_Timer_getMaxTicks__E)
                  00005644    00000004     --HOLE-- [fill = 0]
                  00005648    0000000c                   : BIOS.obj (.text:ti_sysbios_family_arm_lm4_TimestampProvider_startTimer__E)
                  00005654    00000004     --HOLE-- [fill = 0]
                  00005658    0000000c                   : BIOS.obj (.text:ti_sysbios_family_arm_m3_Hwi_disableFxn__E)
                  00005664    00000004     --HOLE-- [fill = 0]
                  00005668    0000000c                   : BIOS.obj (.text:ti_sysbios_family_arm_m3_TaskSupport_checkStack__E)
                  00005674    00000004     --HOLE-- [fill = 0]
                  00005678    0000000c                   : BIOS.obj (.text:ti_sysbios_gates_GateHwi_enter__E)
                  00005684    0000000c     empty_pem4f.oem4f (.text:ti_sysbios_knl_Queue_Object__get__S)
                  00005690    0000000c     ti.targets.arm.rtsarm.aem4f : Error.oem4f (.text:xdc_runtime_Error_init__E)
                  0000569c    0000000c                                 : Gate.oem4f (.text:xdc_runtime_Gate_enterSystem__E)
                  000056a8    0000000c                                 : Memory.oem4f (.text:xdc_runtime_Memory_calloc__E)
                  000056b4    0000000c                                 : Memory.oem4f (.text:xdc_runtime_Memory_getMaxDefaultTypeAlign__E)
                  000056c0    0000000a     empty_pem4f.oem4f (.text:xdc_runtime_IHeap_alloc)
                  000056ca    0000000a     empty_pem4f.oem4f (.text:xdc_runtime_IHeap_free)
                  000056d4    00000008     driverlib.lib : timer.obj (.text:TimerIntEnable)
                  000056dc    00000008     sysbios.aem4f : BIOS.obj (.text:ti_sysbios_family_arm_lm4_Timer_masterDisable__I)
                  000056e4    00000004     --HOLE-- [fill = 0]
                  000056e8    00000008                   : BIOS.obj (.text:ti_sysbios_family_arm_m3_Hwi_doSwiRestore__I)
                  000056f0    00000008                   : BIOS.obj (.text:ti_sysbios_family_arm_m3_Hwi_startup__E)
                  000056f8    00000006     driverlib.lib : gpio.obj (.text:GPIOPinWrite)
                  000056fe    00000006                   : sysctl.obj (.text:SysCtlDelay)
                  00005704    00000006     rtsv7M4_T_le_v4SPD16_eabi.lib : copy_decompress_rle.obj (.text:decompress:rle24)
                  0000570a    00000006     Boot.aem4f : Boot_sysctl.oem4f (.text:ti_catalog_arm_cortexm4_tiva_ce_Boot_sysCtlDelayI__I)
                  00005710    00000006     sysbios.aem4f : BIOS.obj (.text:ti_sysbios_family_arm_lm4_TimestampProvider_Module_startup__E)
                  00005716    00000002     --HOLE-- [fill = 0]
                  00005718    00000006                   : BIOS.obj (.text:ti_sysbios_family_arm_m3_Hwi_doTaskRestore__I)
                  0000571e    00000002     --HOLE-- [fill = 0]
                  00005720    00000006                   : BIOS.obj (.text:ti_sysbios_family_arm_m3_Hwi_restoreFxn__E)
                  00005726    00000002     --HOLE-- [fill = 0]
                  00005728    00000006                   : BIOS.obj (.text:ti_sysbios_gates_GateHwi_leave__E)
                  0000572e    00000002     --HOLE-- [fill = 0]
                  00005730    00000006                   : BIOS.obj (.text:ti_sysbios_knl_Queue_Instance_init__E)
                  00005736    00000002     --HOLE-- [fill = 0]
                  00005738    00000006                   : BIOS.obj (.text:ti_sysbios_knl_Swi_startup__E)
                  0000573e    00000006     ti.targets.arm.rtsarm.aem4f : System.oem4f (.text:xdc_runtime_System_Module_startup__E)
                  00005744    00000004     --HOLE-- [fill = 0]
                  00005748    00000004     sysbios.aem4f : BIOS.obj (.text:ti_sysbios_family_arm_lm4_Timer_getPeriod__E)
                  0000574c    00000004     --HOLE-- [fill = 0]
                  00005750    00000004                   : BIOS.obj (.text:ti_sysbios_gates_GateHwi_query__E)
                  00005754    00000004     --HOLE-- [fill = 0]
                  00005758    00000004                   : BIOS.obj (.text:ti_sysbios_gates_GateMutex_query__E)
                  0000575c    00000004     --HOLE-- [fill = 0]
                  00005760    00000004                   : BIOS.obj (.text:ti_sysbios_knl_Task_startup__E)
                  00005764    00000004     --HOLE-- [fill = 0]
                  00005768    00000002                   : BIOS.obj (.text:ti_sysbios_gates_GateHwi_Instance_init__E)
                  0000576a    00000006     --HOLE-- [fill = 0]
                  00005770    00000002                   : BIOS.obj (.text:ti_sysbios_knl_Clock_logTick__E)

.const     0    00005774    00002246     
                  00005774    00001c07     empty_pem4f.oem4f (.const:xdc_runtime_Text_charTab__A)
                  0000737b    00000001     empty_pem4f.oem4f (.const:xdc_runtime_Error_policy__C)
                  0000737c    000000fc     empty_pem4f.oem4f (.const:xdc_runtime_Text_nodeTab__A)
                  00007478    0000006c     driverlib.lib : sysctl.obj (.const:g_pui32Xtals)
                  000074e4    00000060     empty_pem4f.oem4f (.const:ti_uia_loggers_LoggerStopMode_Module__FXNS__C)
                  00007544    00000048     empty_pem4f.oem4f (.const:.string)
                  0000758c    00000028     empty_pem4f.oem4f (.const:ti_uia_loggers_LoggerStopMode_Object__PARAMS__C)
                  000075b4    00000028     empty_pem4f.oem4f (.const:xdc_runtime_HeapStd_Module__FXNS__C)
                  000075dc    00000028     empty_pem4f.oem4f (.const:xdc_runtime_Startup_sfxnTab__A)
                  00007604    00000024     empty_pem4f.oem4f (.const:ti_sysbios_gates_GateHwi_Module__FXNS__C)
                  00007628    00000024     empty_pem4f.oem4f (.const:ti_sysbios_gates_GateMutex_Module__FXNS__C)
                  0000764c    00000024     empty_pem4f.oem4f (.const:ti_sysbios_knl_Semaphore_Object__PARAMS__C)
                  00007670    00000020     empty_pem4f.oem4f (.const:ti_sysbios_gates_GateHwi_Object__DESC__C)
                  00007690    00000020     empty_pem4f.oem4f (.const:ti_sysbios_gates_GateMutex_Object__DESC__C)
                  000076b0    00000020     empty_pem4f.oem4f (.const:ti_sysbios_knl_Queue_Object__DESC__C)
                  000076d0    00000020     empty_pem4f.oem4f (.const:ti_sysbios_knl_Semaphore_Object__DESC__C)
                  000076f0    00000020     empty_pem4f.oem4f (.const:ti_uia_loggers_LoggerStopMode_Object__DESC__C)
                  00007710    00000020     empty_pem4f.oem4f (.const:xdc_runtime_HeapStd_Object__DESC__C)
                  00007730    0000001c     empty_pem4f.oem4f (.const:xdc_runtime_HeapStd_Object__PARAMS__C)
                  0000774c    00000018     empty_pem4f.oem4f (.const:ti_sysbios_gates_GateHwi_Object__PARAMS__C)
                  00007764    00000018     empty_pem4f.oem4f (.const:ti_sysbios_gates_GateMutex_Object__PARAMS__C)
                  0000777c    00000018     empty_pem4f.oem4f (.const:ti_sysbios_knl_Queue_Object__PARAMS__C)
                  00007794    00000014     empty_pem4f.oem4f (.const:xdc_runtime_Startup_sfxnRts__A)
                  000077a8    00000010     empty_pem4f.oem4f (.const:xdc_runtime_Startup_firstFxns__A)
                  000077b8    00000008     empty_pem4f.oem4f (.const:ti_sysbios_family_arm_m3_Hwi_excHookFuncs__A)
                  000077c0    00000008     empty_pem4f.oem4f (.const:ti_sysbios_knl_Idle_funcList__A)
                  000077c8    00000008     empty_pem4f.oem4f (.const:ti_sysbios_knl_Idle_funcList__C)
                  000077d0    00000008     empty_pem4f.oem4f (.const:xdc_runtime_Startup_firstFxns__C)
                  000077d8    00000008     empty_pem4f.oem4f (.const:xdc_runtime_Startup_lastFxns__C)
                  000077e0    00000004     empty_pem4f.oem4f (.const:ti_catalog_arm_cortexm4_tiva_ce_Boot_A_mustUseEnhancedClockMode__C)
                  000077e4    00000004     empty_pem4f.oem4f (.const:ti_catalog_arm_cortexm4_tiva_ce_Boot_Module__diagsEnabled__C)
                  000077e8    00000004     empty_pem4f.oem4f (.const:ti_catalog_arm_cortexm4_tiva_ce_Boot_Module__diagsIncluded__C)
                  000077ec    00000004     empty_pem4f.oem4f (.const:ti_catalog_arm_cortexm4_tiva_ce_Boot_Module__diagsMask__C)
                  000077f0    00000004     empty_pem4f.oem4f (.const:ti_sysbios_family_arm_lm4_Timer_enableFunc__C)
                  000077f4    00000004     empty_pem4f.oem4f (.const:ti_sysbios_family_arm_lm4_Timer_numTimerDevices__C)
                  000077f8    00000004     empty_pem4f.oem4f (.const:ti_sysbios_family_arm_lm4_Timer_startupNeeded__C)
                  000077fc    00000004     empty_pem4f.oem4f (.const:ti_sysbios_family_arm_m3_Hwi_E_NMI__C)
                  00007800    00000004     empty_pem4f.oem4f (.const:ti_sysbios_family_arm_m3_Hwi_E_busFault__C)
                  00007804    00000004     empty_pem4f.oem4f (.const:ti_sysbios_family_arm_m3_Hwi_E_debugMon__C)
                  00007808    00000004     empty_pem4f.oem4f (.const:ti_sysbios_family_arm_m3_Hwi_E_hardFault__C)
                  0000780c    00000004     empty_pem4f.oem4f (.const:ti_sysbios_family_arm_m3_Hwi_E_memFault__C)
                  00007810    00000004     empty_pem4f.oem4f (.const:ti_sysbios_family_arm_m3_Hwi_E_noIsr__C)
                  00007814    00000004     empty_pem4f.oem4f (.const:ti_sysbios_family_arm_m3_Hwi_E_reserved__C)
                  00007818    00000004     empty_pem4f.oem4f (.const:ti_sysbios_family_arm_m3_Hwi_E_svCall__C)
                  0000781c    00000004     empty_pem4f.oem4f (.const:ti_sysbios_family_arm_m3_Hwi_E_usageFault__C)
                  00007820    00000004     empty_pem4f.oem4f (.const:ti_sysbios_family_arm_m3_Hwi_NUM_INTERRUPTS__C)
                  00007824    00000004     empty_pem4f.oem4f (.const:ti_sysbios_family_arm_m3_Hwi_Object__count__C)
                  00007828    00000004     empty_pem4f.oem4f (.const:ti_sysbios_family_arm_m3_Hwi_ccr__C)
                  0000782c    00000004     empty_pem4f.oem4f (.const:ti_sysbios_family_arm_m3_Hwi_excHandlerFunc__C)
                  00007830    00000004     empty_pem4f.oem4f (.const:ti_sysbios_family_arm_m3_Hwi_excHookFuncs__C)
                  00007834    00000004     empty_pem4f.oem4f (.const:ti_sysbios_family_arm_m3_Hwi_nullIsrFunc__C)
                  00007838    00000004     empty_pem4f.oem4f (.const:ti_sysbios_family_arm_m3_Hwi_priGroup__C)
                  0000783c    00000004     empty_pem4f.oem4f (.const:ti_sysbios_gates_GateMutex_A_badContext__C)
                  00007840    00000004     empty_pem4f.oem4f (.const:ti_sysbios_gates_GateMutex_Instance_State_sem__O)
                  00007844    00000004     empty_pem4f.oem4f (.const:ti_sysbios_gates_GateMutex_Module__diagsEnabled__C)
                  00007848    00000004     empty_pem4f.oem4f (.const:ti_sysbios_gates_GateMutex_Module__diagsIncluded__C)
                  0000784c    00000004     empty_pem4f.oem4f (.const:ti_sysbios_gates_GateMutex_Module__diagsMask__C)
                  00007850    00000004     empty_pem4f.oem4f (.const:ti_sysbios_hal_Hwi_E_stackOverflow__C)
                  00007854    00000004     empty_pem4f.oem4f (.const:ti_sysbios_knl_Clock_Module_State_clockQ__O)
                  00007858    00000004     empty_pem4f.oem4f (.const:ti_sysbios_knl_Semaphore_A_badContext__C)
                  0000785c    00000004     empty_pem4f.oem4f (.const:ti_sysbios_knl_Semaphore_A_noEvents__C)
                  00007860    00000004     empty_pem4f.oem4f (.const:ti_sysbios_knl_Semaphore_A_overflow__C)
                  00007864    00000004     empty_pem4f.oem4f (.const:ti_sysbios_knl_Semaphore_A_pendTaskDisabled__C)
                  00007868    00000004     empty_pem4f.oem4f (.const:ti_sysbios_knl_Semaphore_Instance_State_pendQ__O)
                  0000786c    00000004     empty_pem4f.oem4f (.const:ti_sysbios_knl_Semaphore_Module__diagsEnabled__C)
                  00007870    00000004     empty_pem4f.oem4f (.const:ti_sysbios_knl_Semaphore_Module__diagsIncluded__C)
                  00007874    00000004     empty_pem4f.oem4f (.const:ti_sysbios_knl_Semaphore_Module__diagsMask__C)
                  00007878    00000004     empty_pem4f.oem4f (.const:ti_sysbios_knl_Swi_Object__count__C)
                  0000787c    00000004     empty_pem4f.oem4f (.const:ti_sysbios_knl_Task_E_spOutOfBounds__C)
                  00007880    00000004     empty_pem4f.oem4f (.const:ti_sysbios_knl_Task_E_stackOverflow__C)
                  00007884    00000004     empty_pem4f.oem4f (.const:ti_sysbios_knl_Task_Module_State_inactiveQ__O)
                  00007888    00000004     empty_pem4f.oem4f (.const:ti_sysbios_knl_Task_Object__count__C)
                  0000788c    00000004     empty_pem4f.oem4f (.const:ti_sysbios_knl_Task_allBlockedFunc__C)
                  00007890    00000004     empty_pem4f.oem4f (.const:ti_sysbios_knl_Task_numConstructedTasks__C)
                  00007894    00000004     empty_pem4f.oem4f (.const:ti_sysbios_utils_Load_Module__diagsEnabled__C)
                  00007898    00000004     empty_pem4f.oem4f (.const:ti_sysbios_utils_Load_Module__diagsIncluded__C)
                  0000789c    00000004     empty_pem4f.oem4f (.const:ti_sysbios_utils_Load_Module__diagsMask__C)
                  000078a0    00000004     empty_pem4f.oem4f (.const:ti_sysbios_utils_Load_postUpdate__C)
                  000078a4    00000004     empty_pem4f.oem4f (.const:ti_sysbios_utils_Load_windowInMs__C)
                  000078a8    00000004     empty_pem4f.oem4f (.const:ti_uia_loggers_LoggerStopMode_Module__diagsEnabled__C)
                  000078ac    00000004     empty_pem4f.oem4f (.const:ti_uia_loggers_LoggerStopMode_Module__diagsIncluded__C)
                  000078b0    00000004     empty_pem4f.oem4f (.const:ti_uia_loggers_LoggerStopMode_Module__diagsMask__C)
                  000078b4    00000004     empty_pem4f.oem4f (.const:ti_uia_loggers_LoggerStopMode_Object__count__C)
                  000078b8    00000004     empty_pem4f.oem4f (.const:ti_uia_runtime_ILoggerSnapshot_Interface__BASE__C)
                  000078bc    00000004     empty_pem4f.oem4f (.const:ti_uia_runtime_IUIATransfer_Interface__BASE__C)
                  000078c0    00000004     empty_pem4f.oem4f (.const:xdc_runtime_Assert_E_assertFailed__C)
                  000078c4    00000004     empty_pem4f.oem4f (.const:xdc_runtime_Core_A_initializedParams__C)
                  000078c8    00000004     empty_pem4f.oem4f (.const:xdc_runtime_Core_Module__diagsEnabled__C)
                  000078cc    00000004     empty_pem4f.oem4f (.const:xdc_runtime_Core_Module__diagsIncluded__C)
                  000078d0    00000004     empty_pem4f.oem4f (.const:xdc_runtime_Core_Module__diagsMask__C)
                  000078d4    00000004     empty_pem4f.oem4f (.const:xdc_runtime_Error_E_memory__C)
                  000078d8    00000004     empty_pem4f.oem4f (.const:xdc_runtime_Error_Module__diagsEnabled__C)
                  000078dc    00000004     empty_pem4f.oem4f (.const:xdc_runtime_Error_Module__diagsIncluded__C)
                  000078e0    00000004     empty_pem4f.oem4f (.const:xdc_runtime_Error_Module__diagsMask__C)
                  000078e4    00000004     empty_pem4f.oem4f (.const:xdc_runtime_Error_Module__loggerFxn8__C)
                  000078e8    00000004     empty_pem4f.oem4f (.const:xdc_runtime_Error_Module__loggerObj__C)
                  000078ec    00000004     empty_pem4f.oem4f (.const:xdc_runtime_Error_policyFxn__C)
                  000078f0    00000004     empty_pem4f.oem4f (.const:xdc_runtime_Error_raiseHook__C)
                  000078f4    00000004     empty_pem4f.oem4f (.const:xdc_runtime_HeapStd_A_align__C)
                  000078f8    00000004     empty_pem4f.oem4f (.const:xdc_runtime_HeapStd_A_invalidTotalFreeSize__C)
                  000078fc    00000004     empty_pem4f.oem4f (.const:xdc_runtime_HeapStd_A_zeroSize__C)
                  00007900    00000004     empty_pem4f.oem4f (.const:xdc_runtime_HeapStd_E_noRTSMemory__C)
                  00007904    00000004     empty_pem4f.oem4f (.const:xdc_runtime_HeapStd_Module__diagsEnabled__C)
                  00007908    00000004     empty_pem4f.oem4f (.const:xdc_runtime_HeapStd_Module__diagsIncluded__C)
                  0000790c    00000004     empty_pem4f.oem4f (.const:xdc_runtime_HeapStd_Module__diagsMask__C)
                  00007910    00000004     empty_pem4f.oem4f (.const:xdc_runtime_IFilterLogger_Interface__BASE__C)
                  00007914    00000004     empty_pem4f.oem4f (.const:xdc_runtime_IGateProvider_Interface__BASE__C)
                  00007918    00000004     empty_pem4f.oem4f (.const:xdc_runtime_IHeap_Interface__BASE__C)
                  0000791c    00000004     empty_pem4f.oem4f (.const:xdc_runtime_ILogger_Interface__BASE__C)
                  00007920    00000004     empty_pem4f.oem4f (.const:xdc_runtime_IModule_Interface__BASE__C)
                  00007924    00000004     empty_pem4f.oem4f (.const:xdc_runtime_Log_L_error__C)
                  00007928    00000004     empty_pem4f.oem4f (.const:xdc_runtime_Log_L_info__C)
                  0000792c    00000004     empty_pem4f.oem4f (.const:xdc_runtime_Main_Module__diagsEnabled__C)
                  00007930    00000004     empty_pem4f.oem4f (.const:xdc_runtime_Main_Module__diagsIncluded__C)
                  00007934    00000004     empty_pem4f.oem4f (.const:xdc_runtime_Main_Module__diagsMask__C)
                  00007938    00000004     empty_pem4f.oem4f (.const:xdc_runtime_Main_Module__loggerFxn4__C)
                  0000793c    00000004     empty_pem4f.oem4f (.const:xdc_runtime_Main_Module__loggerObj__C)
                  00007940    00000004     empty_pem4f.oem4f (.const:xdc_runtime_Memory_defaultHeapInstance__C)
                  00007944    00000004     empty_pem4f.oem4f (.const:xdc_runtime_Startup_execImpl__C)
                  00007948    00000004     empty_pem4f.oem4f (.const:xdc_runtime_Startup_lastFxns__A)
                  0000794c    00000004     empty_pem4f.oem4f (.const:xdc_runtime_Startup_maxPasses__C)
                  00007950    00000004     empty_pem4f.oem4f (.const:xdc_runtime_Startup_sfxnRts__C)
                  00007954    00000004     empty_pem4f.oem4f (.const:xdc_runtime_Startup_sfxnTab__C)
                  00007958    00000004     empty_pem4f.oem4f (.const:xdc_runtime_SysMin_bufSize__C)
                  0000795c    00000004     empty_pem4f.oem4f (.const:xdc_runtime_SysMin_outputFunc__C)
                  00007960    00000004     empty_pem4f.oem4f (.const:xdc_runtime_System_Module__gateObj__C)
                  00007964    00000004     empty_pem4f.oem4f (.const:xdc_runtime_System_abortFxn__C)
                  00007968    00000004     empty_pem4f.oem4f (.const:xdc_runtime_System_exitFxn__C)
                  0000796c    00000004     empty_pem4f.oem4f (.const:xdc_runtime_System_extendFxn__C)
                  00007970    00000004     empty_pem4f.oem4f (.const:xdc_runtime_System_maxAtexitHandlers__C)
                  00007974    00000004     empty_pem4f.oem4f (.const:xdc_runtime_Text_charTab__C)
                  00007978    00000004     empty_pem4f.oem4f (.const:xdc_runtime_Text_nameEmpty__C)
                  0000797c    00000004     empty_pem4f.oem4f (.const:xdc_runtime_Text_nameStatic__C)
                  00007980    00000004     empty_pem4f.oem4f (.const:xdc_runtime_Text_nameUnknown__C)
                  00007984    00000004     empty_pem4f.oem4f (.const:xdc_runtime_Text_nodeTab__C)
                  00007988    00000004     empty_pem4f.oem4f (.const:xdc_runtime_Text_visitRopeFxn__C)
                  0000798c    00000002     empty_pem4f.oem4f (.const:ti_catalog_arm_cortexm4_tiva_ce_Boot_Module__id__C)
                  0000798e    00000002     empty_pem4f.oem4f (.const:ti_sysbios_family_arm_lm4_TimestampProvider_useClockTimer__C)
                  00007990    00000002     empty_pem4f.oem4f (.const:ti_sysbios_family_arm_m3_Hwi_Module__id__C)
                  00007992    00000002     empty_pem4f.oem4f (.const:ti_sysbios_gates_GateMutex_Module__id__C)
                  00007994    00000002     empty_pem4f.oem4f (.const:ti_sysbios_hal_Hwi_Module__id__C)
                  00007996    00000002     empty_pem4f.oem4f (.const:ti_sysbios_knl_Semaphore_Module__id__C)
                  00007998    00000002     empty_pem4f.oem4f (.const:ti_sysbios_knl_Task_Module__id__C)
                  0000799a    00000002     empty_pem4f.oem4f (.const:ti_sysbios_utils_Load_Module__id__C)
                  0000799c    00000002     empty_pem4f.oem4f (.const:ti_sysbios_utils_Load_updateInIdle__C)
                  0000799e    00000002     empty_pem4f.oem4f (.const:ti_uia_loggers_LoggerStopMode_Module__id__C)
                  000079a0    00000002     empty_pem4f.oem4f (.const:ti_uia_loggers_LoggerStopMode_isTimestampEnabled__C)
                  000079a2    00000002     empty_pem4f.oem4f (.const:xdc_runtime_Core_Module__id__C)
                  000079a4    00000002     empty_pem4f.oem4f (.const:xdc_runtime_Error_Module__loggerDefined__C)
                  000079a6    00000002     empty_pem4f.oem4f (.const:xdc_runtime_Error_maxDepth__C)
                  000079a8    00000002     empty_pem4f.oem4f (.const:xdc_runtime_HeapStd_Module__id__C)
                  000079aa    00000002     empty_pem4f.oem4f (.const:xdc_runtime_Main_Module__id__C)
                  000079ac    00000002     empty_pem4f.oem4f (.const:xdc_runtime_Main_Module__loggerDefined__C)
                  000079ae    00000002     empty_pem4f.oem4f (.const:xdc_runtime_Memory_Module__id__C)
                  000079b0    00000002     empty_pem4f.oem4f (.const:xdc_runtime_SysMin_flushAtExit__C)
                  000079b2    00000002     empty_pem4f.oem4f (.const:xdc_runtime_Text_charCnt__C)
                  000079b4    00000002     empty_pem4f.oem4f (.const:xdc_runtime_Text_isLoaded__C)
                  000079b6    00000002     empty_pem4f.oem4f (.const:xdc_runtime_Text_registryModsLastId__C)
                  000079b8    00000002     empty_pem4f.oem4f (.const:xdc_runtime_Text_unnamedModsLastId__C)

.cinit     0    000079c0    000003c4     
                  000079c0    00000388     (.cinit..data.load) [load image, compression = rle]
                  00007d48    0000000b     (.cinit..bss.load) [load image, compression = rle]
                  00007d53    00000005     --HOLE-- [fill = 0]
                  00007d58    0000000b     (.cinit..vecs.load) [load image, compression = rle]
                  00007d63    00000001     --HOLE-- [fill = 0]
                  00007d64    00000008     (__TI_handler_table)
                  00007d6c    00000018     (__TI_cinit_table)

.init_array 
*          0    00000000    00000000     UNINITIALIZED

.resetVecs 
*          0    00000000    0000003c     
                  00000000    0000003c     empty_pem4f.oem4f (.resetVecs)

.vecs      0    20000000    00000360     UNINITIALIZED
                  20000000    00000360     empty_pem4f.oem4f (.vecs)

.bss       0    20000380    000018b0     UNINITIALIZED
                  20000380    00000800     empty_pem4f.oem4f (.bss:taskStackSection)
                  20000b80    00000400     (.common:ti_uia_loggers_LoggerStopMode_Instance_State_1_packetArray__A)
                  20000f80    00000400     (.common:ti_uia_loggers_LoggerStopMode_Instance_State_2_packetArray__A)
                  20001380    00000360     (.common:ti_sysbios_family_arm_m3_Hwi_dispatchTable)
                  200016e0    00000008     rtsv7M4_T_le_v4SPD16_eabi.lib : trgdrv.obj (.bss:parmbuf)
                  200016e8    00000018     --HOLE--
                  20001700    00000200     (.common:ti_uia_loggers_LoggerStopMode_Instance_State_0_packetArray__A)
                  20001900    00000120                                   : trgmsg.obj (.bss:_CIOBUF_)
                  20001a20    00000080     (.common:xdc_runtime_SysMin_Module_State_0_outbuf__A)
                  20001aa0    00000060     --HOLE--
                  20001b00    00000030     (.common:ti_uia_loggers_LoggerStopMode_Instance_State_0_hdr__A)
                  20001b30    00000050     --HOLE--
                  20001b80    00000030     (.common:ti_uia_loggers_LoggerStopMode_Instance_State_1_hdr__A)
                  20001bb0    00000050     --HOLE--
                  20001c00    00000030     (.common:ti_uia_loggers_LoggerStopMode_Instance_State_2_hdr__A)

.data      0    20001c30    00000590     UNINITIALIZED
                  20001c30    0000009c     empty_pem4f.oem4f (.data:ti_uia_loggers_LoggerStopMode_Object__table__V)
                  20001ccc    00000098     empty_pem4f.oem4f (.data:ti_sysbios_utils_Load_Module__state__V)
                  20001d64    00000080     empty_pem4f.oem4f (.data:ti_sysbios_family_arm_lm4_Timer_Object__table__V)
                  20001de4    00000080     empty_pem4f.oem4f (.data:ti_sysbios_knl_Swi_Module_State_0_readyQ__A)
                  20001e64    00000080     empty_pem4f.oem4f (.data:ti_sysbios_knl_Task_Module_State_0_readyQ__A)
                  20001ee4    0000004c     empty_pem4f.oem4f (.data:ti_sysbios_knl_Task_Object__table__V)
                  20001f30    00000048     empty_pem4f.oem4f (.data:ti_sysbios_family_arm_m3_Hwi_Object__table__V)
                  20001f78    00000044     empty_pem4f.oem4f (.data:ti_sysbios_knl_Task_Module__state__V)
                  20001fbc    00000034     empty_pem4f.oem4f (.data:ti_sysbios_family_arm_m3_Hwi_Module__state__V)
                  20001ff0    00000030     empty_pem4f.oem4f (.data:ti_sysbios_family_arm_lm4_Timer_Module_State_0_device__A)
                  20002020    00000030     empty_pem4f.oem4f (.data:ti_sysbios_knl_Swi_Object__table__V)
                  20002050    0000002c     empty_pem4f.oem4f (.data:ti_sysbios_knl_Clock_Module__state__V)
                  2000207c    00000024     empty_pem4f.oem4f (.data:ti_sysbios_BIOS_Module__state__V)
                  200020a0    0000001c     empty_pem4f.oem4f (.data:ti_sysbios_gates_GateMutex_Object__table__V)
                  200020bc    0000001c     empty_pem4f.oem4f (.data:ti_sysbios_knl_Swi_Module__state__V)
                  200020d8    00000018     empty_pem4f.oem4f (.data:ti_sysbios_family_arm_lm4_Timer_Module_State_0_handles__A)
                  200020f0    0000000c     rtsv7M4_T_le_v4SPD16_eabi.lib : exit.obj (.data:$O1$$)
                  200020fc    0000000c     empty_pem4f.oem4f (.data:ti_sysbios_family_arm_lm4_Timer_Module__state__V)
                  20002108    0000000c     empty_pem4f.oem4f (.data:ti_uia_runtime_QueueDescriptor_Module__state__V)
                  20002114    0000000c     empty_pem4f.oem4f (.data:xdc_runtime_HeapStd_Object__table__V)
                  20002120    0000000c     empty_pem4f.oem4f (.data:xdc_runtime_SysMin_Module__state__V)
                  2000212c    00000008     rtsv7M4_T_le_v4SPD16_eabi.lib : _lock.obj (.data:$O1$$)
                  20002134    00000008     ti.uia.runtime.aem4f : QueueDescriptor.oem4f (.data)
                  2000213c    00000008     empty_pem4f.oem4f (.data:ti_sysbios_family_arm_lm4_TimestampProvider_Module__state__V)
                  20002144    00000008     empty_pem4f.oem4f (.data:ti_sysbios_gates_GateHwi_Module__root__V)
                  2000214c    00000008     empty_pem4f.oem4f (.data:ti_sysbios_gates_GateMutex_Module__root__V)
                  20002154    00000008     empty_pem4f.oem4f (.data:ti_sysbios_knl_Queue_Module__root__V)
                  2000215c    00000008     empty_pem4f.oem4f (.data:ti_sysbios_knl_Semaphore_Module__root__V)
                  20002164    00000008     empty_pem4f.oem4f (.data:ti_uia_loggers_LoggerStopMode_Module__root__V)
                  2000216c    00000008     empty_pem4f.oem4f (.data:xdc_runtime_HeapStd_Module__root__V)
                  20002174    00000008     empty_pem4f.oem4f (.data:xdc_runtime_Registry_Module__state__V)
                  2000217c    00000008     empty_pem4f.oem4f (.data:xdc_runtime_Startup_Module__state__V)
                  20002184    00000008     empty_pem4f.oem4f (.data:xdc_runtime_System_Module_State_0_atexitHandlers__A)
                  2000218c    00000008     empty_pem4f.oem4f (.data:xdc_runtime_System_Module__state__V)
                  20002194    00000004     rtsv7M4_T_le_v4SPD16_eabi.lib : stkdepth_vars.obj (.data)
                  20002198    00000004     empty_pem4f.oem4f (.data:ti_sysbios_family_arm_m3_Hwi_Module_State_0_excContext__A)
                  2000219c    00000004     empty_pem4f.oem4f (.data:ti_sysbios_family_arm_m3_Hwi_Module_State_0_excStack__A)
                  200021a0    00000004     empty_pem4f.oem4f (.data:ti_sysbios_gates_GateHwi_Object__table__V)
                  200021a4    00000004     empty_pem4f.oem4f (.data:ti_sysbios_knl_Task_Module_State_0_idleTask__A)
                  200021a8    00000004     empty_pem4f.oem4f (.data:ti_sysbios_utils_Load_Module_State_0_runningTask__A)
                  200021ac    00000004     empty_pem4f.oem4f (.data:ti_sysbios_utils_Load_Module_State_0_taskStartTime__A)
                  200021b0    00000004     empty_pem4f.oem4f (.data:xdc_runtime_HeapStd_Module__state__V)
                  200021b4    00000004     empty_pem4f.oem4f (.data:xdc_runtime_Memory_Module__state__V)
                  200021b8    00000002     main.obj (.data)
                  200021ba    00000002     empty_pem4f.oem4f (.data:ti_sysbios_family_arm_m3_Hwi_Module_State_0_excActive__A)
                  200021bc    00000002     empty_pem4f.oem4f (.data:xdc_runtime_Error_Module__state__V)
                  200021be    00000002     empty_pem4f.oem4f (.data:xdc_runtime_Main_Module__root__V)

.stack     0    200021c0    00000400     UNINITIALIZED
                  200021c0    00000400     --HOLE--

.bootVecs 
*          0    00000000    00000008     DSECT
                  00000000    00000008     boot.aem4f : boot.oem4f (.bootVecs)

xdc.meta   0    00000000    000000f0     COPY SECTION
                  00000000    000000f0     empty_pem4f.oem4f (xdc.meta)

MODULE SUMMARY

       Module                     code    ro data   rw data
       ------                     ----    -------   -------
    .\
       main.obj                   336     0         2      
    +--+--------------------------+-------+---------+---------+
       Total:                     336     0         2      
                                                           
    C:\Brian\Fall2018\CPE403\Workspace\TIVAC_RTOS\blink_HWI\Debug\configPkg\package\cfg\
       empty_pem4f.oem4f          3092    8726      7998   
    +--+--------------------------+-------+---------+---------+
       Total:                     3092    8726      7998   
                                                           
    C:/ti/tirex-content/tirtos_tivac_2_16_00_08/products/TivaWare_C_Series-2.1.1.71b/driverlib/ccs/Debug/driverlib.lib
       sysctl.obj                 566     108       0      
       gpio.obj                   382     0         0      
       timer.obj                  140     0         0      
    +--+--------------------------+-------+---------+---------+
       Total:                     1088    108       0      
                                                           
    C:\Brian\Fall2018\CPE403\Workspace\TIVAC_RTOS\blink_HWI\src\sysbios\sysbios.aem4f
       BIOS.obj                   9354    0         0      
       m3_Hwi_asm.obj             314     0         0      
       m3_TaskSupport_asm.obj     180     0         0      
       m3_Hwi_asm_switch.obj      118     0         0      
    +--+--------------------------+-------+---------+---------+
       Total:                     9966    0         0      
                                                           
    C:\ti\ccsv6\tools\compiler\arm_15.12.3.LTS\lib\rtsv7M4_T_le_v4SPD16_eabi.lib
       trgdrv.obj                 804     0         8      
       trgmsg.obj                 104     0         288    
       memcpy_t2.obj              156     0         0      
       memset_t2.obj              122     0         0      
       copy_decompress_rle.obj    112     0         0      
       exit.obj                   84      0         12     
       cpy_tbl.obj                76      0         0      
       u_divt2.obj                64      0         0      
       _lock.obj                  20      0         8      
       args_main.obj              24      0         0      
       strcpy.obj                 20      0         0      
       strlen.obj                 20      0         0      
       copy_decompress_none.obj   14      0         0      
       stkdepth_vars.obj          0       0         4      
       i_div0.obj                 2       0         0      
    +--+--------------------------+-------+---------+---------+
       Total:                     1622    0         320    
                                                           
    C:\ti\tirex-content\tirtos_tivac_2_16_00_08\products\bios_6_45_01_29\packages\ti\catalog\arm\cortexm4\tiva\ce\lib\Boot.aem4f
       Boot_sysctl.oem4f          262     0         0      
       Boot.oem4f                 152     0         0      
    +--+--------------------------+-------+---------+---------+
       Total:                     414     0         0      
                                                           
    C:\ti\tirex-content\tirtos_tivac_2_16_00_08\products\bios_6_45_01_29\packages\ti\targets\arm\rtsarm\lib\auto_init.aem4f
       auto_init.oem4f            160     0         0      
    +--+--------------------------+-------+---------+---------+
       Total:                     160     0         0      
                                                           
    C:\ti\tirex-content\tirtos_tivac_2_16_00_08\products\bios_6_45_01_29\packages\ti\targets\arm\rtsarm\lib\boot.aem4f
       boot.oem4f                 88      0         0      
    +--+--------------------------+-------+---------+---------+
       Total:                     88      0         0      
                                                           
    C:\ti\tirex-content\tirtos_tivac_2_16_00_08\products\bios_6_45_01_29\packages\ti\targets\arm\rtsarm\lib\ti.targets.arm.rtsarm.aem4f
       System.oem4f               1255    0         0      
       HeapStd.oem4f              714     0         0      
       Text.oem4f                 672     0         0      
       Error.oem4f                524     0         0      
       Core-mem.oem4f             358     0         0      
       Startup.oem4f              328     0         0      
       SysMin.oem4f               248     0         0      
       Core-smem.oem4f            204     0         0      
       Memory.oem4f               176     0         0      
       Assert.oem4f               84      0         0      
       Core-params.oem4f          70      0         0      
       Core-label.oem4f           52      0         0      
       Registry.oem4f             32      0         0      
       Gate.oem4f                 28      0         0      
    +--+--------------------------+-------+---------+---------+
       Total:                     4745    0         0      
                                                           
    C:\ti\tirex-content\tirtos_tivac_2_16_00_08\products\uia_2_00_05_50\packages\ti\uia\loggers\lib\release\ti.uia.loggers.aem4f
       LoggerStopMode.oem4f       552     0         0      
    +--+--------------------------+-------+---------+---------+
       Total:                     552     0         0      
                                                           
    C:\ti\tirex-content\tirtos_tivac_2_16_00_08\products\uia_2_00_05_50\packages\ti\uia\runtime\lib\release\ti.uia.runtime.aem4f
       QueueDescriptor.oem4f      116     0         8      
    +--+--------------------------+-------+---------+---------+
       Total:                     116     0         8      
                                                           
       Stack:                     0       0         1024   
       Linker Generated:          0       958       0      
    +--+--------------------------+-------+---------+---------+
       Grand Total:               22179   9792      9352   


LINKER GENERATED COPY TABLES

__TI_cinit_table @ 00007d6c records: 3, size/record: 8, table size: 24
	.data: load addr=000079c0, load size=00000388 bytes, run addr=20001c30, run size=00000590 bytes, compression=rle
	.bss: load addr=00007d48, load size=0000000b bytes, run addr=20000380, run size=000018b0 bytes, compression=rle
	.vecs: load addr=00007d58, load size=0000000b bytes, run addr=20000000, run size=00000360 bytes, compression=rle


LINKER GENERATED HANDLER TABLE

__TI_handler_table @ 00007d64 records: 2, size/record: 4, table size: 8
	index: 0, handler: __TI_decompress_rle24
	index: 1, handler: __TI_decompress_none


GLOBAL SYMBOLS: SORTED ALPHABETICALLY BY Name 

address   name                                                              
-------   ----                                                              
00003fe9  C$$EXIT                                                           
00003a6f  C$$IO$$                                                           
00004d01  GPIODirModeSet                                                    
0000161d  GPIOPadConfigSet                                                  
00005493  GPIOPinRead                                                       
000052cf  GPIOPinTypeGPIOOutput                                             
000056f9  GPIOPinWrite                                                      
00000a93  HOSTclock                                                         
00000a5b  HOSTclose                                                         
00000a1d  HOSTgetenv                                                        
000009c1  HOSTlseek                                                         
0000096f  HOSTopen                                                          
00000923  HOSTread                                                          
000008c5  HOSTrename                                                        
0000088b  HOSTtime                                                          
00000841  HOSTtime64                                                        
00000809  HOSTunlink                                                        
000007bd  HOSTwrite                                                         
UNDEFED   SHT$$INIT_ARRAY$$Base                                             
UNDEFED   SHT$$INIT_ARRAY$$Limit                                            
00001979  SysCtlClockGet                                                    
00002271  SysCtlClockSet                                                    
000056ff  SysCtlDelay                                                       
00004899  SysCtlPeripheralEnable                                            
00003c45  TimerConfigure                                                    
000055d1  TimerEnable                                                       
00000f75  TimerIntClear                                                     
000056d5  TimerIntEnable                                                    
00005481  TimerLoadSet                                                      
00000000  __ASM__                                                           
20001900  __CIOBUF_                                                         
0000006e  __ISA__                                                           
00000081  __PLAT__                                                          
200025c0  __STACK_END                                                       
00000400  __STACK_SIZE                                                      
000000a2  __TARG__                                                          
00007d6c  __TI_CINIT_Base                                                   
00007d84  __TI_CINIT_Limit                                                  
00007d64  __TI_Handler_Table_Base                                           
00007d6c  __TI_Handler_Table_Limit                                          
00002e5d  __TI_auto_init                                                    
200020f0  __TI_cleanup_ptr                                                  
000055df  __TI_decompress_none                                              
00005705  __TI_decompress_rle24                                             
200020f4  __TI_dtors_ptr                                                    
200020f8  __TI_enable_exit_profile_output                                   
ffffffff  __TI_pprof_out_hndl                                               
ffffffff  __TI_prof_data_size                                               
ffffffff  __TI_prof_data_start                                              
00003a73  __TI_readmsg                                                      
000079c0  __TI_static_base__                                                
00003a41  __TI_writemsg                                                     
000000c8  __TRDR__                                                          
00003663  __aeabi_idiv0                                                     
000035e9  __aeabi_memclr                                                    
000035e9  __aeabi_memclr4                                                   
000035e9  __aeabi_memclr8                                                   
00002f9d  __aeabi_memcpy                                                    
00002f9d  __aeabi_memcpy4                                                   
00002f9d  __aeabi_memcpy8                                                   
000035eb  __aeabi_memset                                                    
000035eb  __aeabi_memset4                                                   
000035eb  __aeabi_memset8                                                   
000046b5  __aeabi_uidiv                                                     
000046b5  __aeabi_uidivmod                                                  
ffffffff  __binit__                                                         
ffffffff  __c_args__                                                        
200021c0  __stack                                                           
000052e9  _args_main                                                        
00003ee1  _c_int00                                                          
2000212c  _lock                                                             
00005413  _nop                                                              
0000540b  _register_lock                                                    
00005405  _register_unlock                                                  
20002130  _unlock                                                           
00003fed  abort                                                             
ffffffff  binit                                                             
00004231  copy_in                                                           
00003ff5  exit                                                              
0000320f  free                                                              
000039d9  hardware_init                                                     
200021b8  i16ToggleCount                                                    
00002619  ledToggle                                                         
00005629  main                                                              
20002194  main_func_sp                                                      
000010ed  malloc                                                            
00002f9d  memcpy                                                            
000035f1  memset                                                            
00005419  strcpy                                                            
0000542d  strlen                                                            
000077e0  ti_catalog_arm_cortexm4_tiva_ce_Boot_A_mustUseEnhancedClockMode__C
000077e4  ti_catalog_arm_cortexm4_tiva_ce_Boot_Module__diagsEnabled__C      
000077e8  ti_catalog_arm_cortexm4_tiva_ce_Boot_Module__diagsIncluded__C     
000077ec  ti_catalog_arm_cortexm4_tiva_ce_Boot_Module__diagsMask__C         
0000798c  ti_catalog_arm_cortexm4_tiva_ce_Boot_Module__id__C                
0000561d  ti_catalog_arm_cortexm4_tiva_ce_Boot_init__I                      
00001c99  ti_catalog_arm_cortexm4_tiva_ce_Boot_sysCtlClockSetI__I           
00003211  ti_catalog_arm_cortexm4_tiva_ce_Boot_sysCtlClockSet__E            
0000570b  ti_catalog_arm_cortexm4_tiva_ce_Boot_sysCtlDelayI__I              
2000207c  ti_sysbios_BIOS_Module__state__V                                  
00005219  ti_sysbios_BIOS_RtsGateProxy_Handle__label__S                     
00004e85  ti_sysbios_BIOS_RtsGateProxy_Object__delete__S                    
00001255  ti_sysbios_BIOS_RtsGateProxy_enter__E                             
00001865  ti_sysbios_BIOS_RtsGateProxy_leave__E                             
00005759  ti_sysbios_BIOS_RtsGateProxy_query__E                             
00004a0d  ti_sysbios_BIOS_atExitFunc__I                                     
00004df5  ti_sysbios_BIOS_errorRaiseHook__I                                 
000053c1  ti_sysbios_BIOS_exitFunc__I                                       
000054c1  ti_sysbios_BIOS_getCpuFreq__E                                     
00003747  ti_sysbios_BIOS_nullFunc__I                                       
00004e19  ti_sysbios_BIOS_registerRTSLock__I                                
00004e3d  ti_sysbios_BIOS_removeRTSLock__I                                  
00004f85  ti_sysbios_BIOS_rtsLock__I                                        
00005301  ti_sysbios_BIOS_rtsUnlock__I                                      
000054d1  ti_sysbios_BIOS_setThreadType__E                                  
00004e61  ti_sysbios_BIOS_startFunc__I                                      
000054e1  ti_sysbios_BIOS_start__E                                          
20001ff0  ti_sysbios_family_arm_lm4_Timer_Module_State_0_device__A          
200020d8  ti_sysbios_family_arm_lm4_Timer_Module_State_0_handles__A         
00005319  ti_sysbios_family_arm_lm4_Timer_Module__startupDone__F            
00005319  ti_sysbios_family_arm_lm4_Timer_Module__startupDone__S            
200020fc  ti_sysbios_family_arm_lm4_Timer_Module__state__V                  
00003b79  ti_sysbios_family_arm_lm4_Timer_Module_startup__E                 
20001d64  ti_sysbios_family_arm_lm4_Timer_Object__table__V                  
000077f0  ti_sysbios_family_arm_lm4_Timer_enableFunc__C                     
00004369  ti_sysbios_family_arm_lm4_Timer_enableTimers__I                   
00002d09  ti_sysbios_family_arm_lm4_Timer_enableTiva__I                     
00003459  ti_sysbios_family_arm_lm4_Timer_getExpiredCounts__E               
00005639  ti_sysbios_family_arm_lm4_Timer_getMaxTicks__E                    
00005749  ti_sysbios_family_arm_lm4_Timer_getPeriod__E                      
00004041  ti_sysbios_family_arm_lm4_Timer_initDevice__I                     
000044d1  ti_sysbios_family_arm_lm4_Timer_isrStub__E                        
000056dd  ti_sysbios_family_arm_lm4_Timer_masterDisable__I                  
00002965  ti_sysbios_family_arm_lm4_Timer_masterEnable__I                   
000077f4  ti_sysbios_family_arm_lm4_Timer_numTimerDevices__C                
00001b91  ti_sysbios_family_arm_lm4_Timer_start__E                          
000077f8  ti_sysbios_family_arm_lm4_Timer_startupNeeded__C                  
000046f9  ti_sysbios_family_arm_lm4_Timer_startup__E                        
00004a41  ti_sysbios_family_arm_lm4_Timer_stop__E                           
[...]
000056e9  ti_sysbios_family_arm_m3_Hwi_doSwiRestore__I                      
000056f1  ti_sysbios_family_arm_m3_Hwi_startup__E                           
000056f1  ti_sysbios_hal_Hwi_HwiProxy_startup__E                            
000056f9  GPIOPinWrite                                                      
000056ff  SysCtlDelay                                                       
00005705  __TI_decompress_rle24                                             
0000570b  ti_catalog_arm_cortexm4_tiva_ce_Boot_sysCtlDelayI__I              
00005711  ti_sysbios_family_arm_lm4_TimestampProvider_Module_startup__E     
00005719  ti_sysbios_family_arm_m3_Hwi_doTaskRestore__I                     
00005721  ti_sysbios_family_arm_m3_Hwi_restoreFxn__E                        
00005721  ti_sysbios_hal_Hwi_HwiProxy_restore__E                            
00005729  ti_sysbios_gates_GateHwi_leave__E                                 
00005731  ti_sysbios_knl_Queue_Instance_init__E                             
00005739  ti_sysbios_knl_Swi_startup__E                                     
0000573f  xdc_runtime_System_Module_startup__E                              
00005749  ti_sysbios_family_arm_lm4_Timer_getPeriod__E                      
00005751  ti_sysbios_gates_GateHwi_query__E                                 
00005751  xdc_runtime_Main_Module_GateProxy_query__E                        
00005751  xdc_runtime_System_Module_GateProxy_query__E                      
00005759  ti_sysbios_BIOS_RtsGateProxy_query__E                             
00005759  ti_sysbios_gates_GateMutex_query__E                               
00005761  ti_sysbios_knl_Task_startup__E                                    
00005769  ti_sysbios_gates_GateHwi_Instance_init__E                         
00005771  ti_sysbios_knl_Clock_logTick__E                                   
00005774  xdc_runtime_Text_charTab__A                                       
0000737b  xdc_runtime_Error_policy__C                                       
0000737c  xdc_runtime_Text_nodeTab__A                                       
000074e4  ti_uia_loggers_LoggerStopMode_Module__FXNS__C                     
0000758c  ti_uia_loggers_LoggerStopMode_Object__PARAMS__C                   
000075b4  xdc_runtime_HeapStd_Module__FXNS__C                               
000075dc  xdc_runtime_Startup_sfxnTab__A                                    
00007604  ti_sysbios_gates_GateHwi_Module__FXNS__C                          
00007628  ti_sysbios_gates_GateMutex_Module__FXNS__C                        
0000764c  ti_sysbios_knl_Semaphore_Object__PARAMS__C                        
00007670  ti_sysbios_gates_GateHwi_Object__DESC__C                          
00007690  ti_sysbios_gates_GateMutex_Object__DESC__C                        
000076b0  ti_sysbios_knl_Queue_Object__DESC__C                              
000076d0  ti_sysbios_knl_Semaphore_Object__DESC__C                          
000076f0  ti_uia_loggers_LoggerStopMode_Object__DESC__C                     
00007710  xdc_runtime_HeapStd_Object__DESC__C                               
00007730  xdc_runtime_HeapStd_Object__PARAMS__C                             
0000774c  ti_sysbios_gates_GateHwi_Object__PARAMS__C                        
00007764  ti_sysbios_gates_GateMutex_Object__PARAMS__C                      
0000777c  ti_sysbios_knl_Queue_Object__PARAMS__C                            
00007794  xdc_runtime_Startup_sfxnRts__A                                    
000077a8  xdc_runtime_Startup_firstFxns__A                                  
000077b8  ti_sysbios_family_arm_m3_Hwi_excHookFuncs__A                      
000077c0  ti_sysbios_knl_Idle_funcList__A                                   
000077c8  ti_sysbios_knl_Idle_funcList__C                                   
000077d0  xdc_runtime_Startup_firstFxns__C                                  
000077d8  xdc_runtime_Startup_lastFxns__C                                   
000077e0  ti_catalog_arm_cortexm4_tiva_ce_Boot_A_mustUseEnhancedClockMode__C
000077e4  ti_catalog_arm_cortexm4_tiva_ce_Boot_Module__diagsEnabled__C      
000077e8  ti_catalog_arm_cortexm4_tiva_ce_Boot_Module__diagsIncluded__C     
000077ec  ti_catalog_arm_cortexm4_tiva_ce_Boot_Module__diagsMask__C         
000077f0  ti_sysbios_family_arm_lm4_Timer_enableFunc__C                     
000077f4  ti_sysbios_family_arm_lm4_Timer_numTimerDevices__C                
000077f8  ti_sysbios_family_arm_lm4_Timer_startupNeeded__C                  
000077fc  ti_sysbios_family_arm_m3_Hwi_E_NMI__C                             
00007800  ti_sysbios_family_arm_m3_Hwi_E_busFault__C                        
00007804  ti_sysbios_family_arm_m3_Hwi_E_debugMon__C                        
00007808  ti_sysbios_family_arm_m3_Hwi_E_hardFault__C                       
0000780c  ti_sysbios_family_arm_m3_Hwi_E_memFault__C                        
00007810  ti_sysbios_family_arm_m3_Hwi_E_noIsr__C                           
00007814  ti_sysbios_family_arm_m3_Hwi_E_reserved__C                        
00007818  ti_sysbios_family_arm_m3_Hwi_E_svCall__C                          
0000781c  ti_sysbios_family_arm_m3_Hwi_E_usageFault__C                      
00007820  ti_sysbios_family_arm_m3_Hwi_NUM_INTERRUPTS__C                    
00007824  ti_sysbios_family_arm_m3_Hwi_Object__count__C                     
00007828  ti_sysbios_family_arm_m3_Hwi_ccr__C                               
0000782c  ti_sysbios_family_arm_m3_Hwi_excHandlerFunc__C                    
00007830  ti_sysbios_family_arm_m3_Hwi_excHookFuncs__C                      
00007834  ti_sysbios_family_arm_m3_Hwi_nullIsrFunc__C                       
00007838  ti_sysbios_family_arm_m3_Hwi_priGroup__C                          
0000783c  ti_sysbios_gates_GateMutex_A_badContext__C                        
00007840  ti_sysbios_gates_GateMutex_Instance_State_sem__O                  
00007844  ti_sysbios_gates_GateMutex_Module__diagsEnabled__C                
00007848  ti_sysbios_gates_GateMutex_Module__diagsIncluded__C               
0000784c  ti_sysbios_gates_GateMutex_Module__diagsMask__C                   
00007850  ti_sysbios_hal_Hwi_E_stackOverflow__C                             
00007854  ti_sysbios_knl_Clock_Module_State_clockQ__O                       
00007858  ti_sysbios_knl_Semaphore_A_badContext__C                          
0000785c  ti_sysbios_knl_Semaphore_A_noEvents__C                            
00007860  ti_sysbios_knl_Semaphore_A_overflow__C                            
00007864  ti_sysbios_knl_Semaphore_A_pendTaskDisabled__C                    
00007868  ti_sysbios_knl_Semaphore_Instance_State_pendQ__O                  
0000786c  ti_sysbios_knl_Semaphore_Module__diagsEnabled__C                  
00007870  ti_sysbios_knl_Semaphore_Module__diagsIncluded__C                 
00007874  ti_sysbios_knl_Semaphore_Module__diagsMask__C                     
00007878  ti_sysbios_knl_Swi_Object__count__C                               
0000787c  ti_sysbios_knl_Task_E_spOutOfBounds__C                            
00007880  ti_sysbios_knl_Task_E_stackOverflow__C                            
00007884  ti_sysbios_knl_Task_Module_State_inactiveQ__O                     
00007888  ti_sysbios_knl_Task_Object__count__C                              
0000788c  ti_sysbios_knl_Task_allBlockedFunc__C                             
00007890  ti_sysbios_knl_Task_numConstructedTasks__C                        
00007894  ti_sysbios_utils_Load_Module__diagsEnabled__C                     
00007898  ti_sysbios_utils_Load_Module__diagsIncluded__C                    
0000789c  ti_sysbios_utils_Load_Module__diagsMask__C                        
000078a0  ti_sysbios_utils_Load_postUpdate__C                               
000078a4  ti_sysbios_utils_Load_windowInMs__C                               
000078a8  ti_uia_loggers_LoggerStopMode_Module__diagsEnabled__C             
000078ac  ti_uia_loggers_LoggerStopMode_Module__diagsIncluded__C            
000078b0  ti_uia_loggers_LoggerStopMode_Module__diagsMask__C                
000078b4  ti_uia_loggers_LoggerStopMode_Object__count__C                    
000078b8  ti_uia_runtime_ILoggerSnapshot_Interface__BASE__C                 
000078bc  ti_uia_runtime_IUIATransfer_Interface__BASE__C                    
000078c0  xdc_runtime_Assert_E_assertFailed__C                              
000078c4  xdc_runtime_Core_A_initializedParams__C                           
000078c8  xdc_runtime_Core_Module__diagsEnabled__C                          
000078cc  xdc_runtime_Core_Module__diagsIncluded__C                         
000078d0  xdc_runtime_Core_Module__diagsMask__C                             
000078d4  xdc_runtime_Error_E_memory__C                                     
000078d8  xdc_runtime_Error_Module__diagsEnabled__C                         
000078dc  xdc_runtime_Error_Module__diagsIncluded__C                        
000078e0  xdc_runtime_Error_Module__diagsMask__C                            
000078e4  xdc_runtime_Error_Module__loggerFxn8__C                           
000078e8  xdc_runtime_Error_Module__loggerObj__C                            
000078ec  xdc_runtime_Error_policyFxn__C                                    
000078f0  xdc_runtime_Error_raiseHook__C                                    
000078f4  xdc_runtime_HeapStd_A_align__C                                    
000078f8  xdc_runtime_HeapStd_A_invalidTotalFreeSize__C                     
000078fc  xdc_runtime_HeapStd_A_zeroSize__C                                 
00007900  xdc_runtime_HeapStd_E_noRTSMemory__C                              
00007904  xdc_runtime_HeapStd_Module__diagsEnabled__C                       
00007908  xdc_runtime_HeapStd_Module__diagsIncluded__C                      
0000790c  xdc_runtime_HeapStd_Module__diagsMask__C                          
00007910  xdc_runtime_IFilterLogger_Interface__BASE__C                      
00007914  xdc_runtime_IGateProvider_Interface__BASE__C                      
00007918  xdc_runtime_IHeap_Interface__BASE__C                              
0000791c  xdc_runtime_ILogger_Interface__BASE__C                            
00007920  xdc_runtime_IModule_Interface__BASE__C                            
00007924  xdc_runtime_Log_L_error__C                                        
00007928  xdc_runtime_Log_L_info__C                                         
0000792c  xdc_runtime_Main_Module__diagsEnabled__C                          
00007930  xdc_runtime_Main_Module__diagsIncluded__C                         
00007934  xdc_runtime_Main_Module__diagsMask__C                             
00007938  xdc_runtime_Main_Module__loggerFxn4__C                            
0000793c  xdc_runtime_Main_Module__loggerObj__C                             
00007940  xdc_runtime_Memory_defaultHeapInstance__C                         
00007944  xdc_runtime_Startup_execImpl__C                                   
00007948  xdc_runtime_Startup_lastFxns__A                                   
0000794c  xdc_runtime_Startup_maxPasses__C                                  
00007950  xdc_runtime_Startup_sfxnRts__C                                    
00007954  xdc_runtime_Startup_sfxnTab__C                                    
00007958  xdc_runtime_SysMin_bufSize__C                                     
0000795c  xdc_runtime_SysMin_outputFunc__C                                  
00007960  xdc_runtime_System_Module__gateObj__C                             
00007964  xdc_runtime_System_abortFxn__C                                    
00007968  xdc_runtime_System_exitFxn__C                                     
0000796c  xdc_runtime_System_extendFxn__C                                   
00007970  xdc_runtime_System_maxAtexitHandlers__C                           
00007974  xdc_runtime_Text_charTab__C                                       
00007978  xdc_runtime_Text_nameEmpty__C                                     
0000797c  xdc_runtime_Text_nameStatic__C                                    
00007980  xdc_runtime_Text_nameUnknown__C                                   
00007984  xdc_runtime_Text_nodeTab__C                                       
00007988  xdc_runtime_Text_visitRopeFxn__C                                  
0000798c  ti_catalog_arm_cortexm4_tiva_ce_Boot_Module__id__C                
0000798e  ti_sysbios_family_arm_lm4_TimestampProvider_useClockTimer__C      
00007990  ti_sysbios_family_arm_m3_Hwi_Module__id__C                        
00007992  ti_sysbios_gates_GateMutex_Module__id__C                          
00007994  ti_sysbios_hal_Hwi_Module__id__C                                  
00007996  ti_sysbios_knl_Semaphore_Module__id__C                            
00007998  ti_sysbios_knl_Task_Module__id__C                                 
0000799a  ti_sysbios_utils_Load_Module__id__C                               
0000799c  ti_sysbios_utils_Load_updateInIdle__C                             
0000799e  ti_uia_loggers_LoggerStopMode_Module__id__C                       
000079a0  ti_uia_loggers_LoggerStopMode_isTimestampEnabled__C               
000079a2  xdc_runtime_Core_Module__id__C                                    
000079a4  xdc_runtime_Error_Module__loggerDefined__C                        
000079a6  xdc_runtime_Error_maxDepth__C                                     
000079a8  xdc_runtime_HeapStd_Module__id__C                                 
000079aa  xdc_runtime_Main_Module__id__C                                    
000079ac  xdc_runtime_Main_Module__loggerDefined__C                         
000079ae  xdc_runtime_Memory_Module__id__C                                  
000079b0  xdc_runtime_SysMin_flushAtExit__C                                 
000079b2  xdc_runtime_Text_charCnt__C                                       
000079b4  xdc_runtime_Text_isLoaded__C                                      
000079b6  xdc_runtime_Text_registryModsLastId__C                            
000079b8  xdc_runtime_Text_unnamedModsLastId__C                             
000079c0  __TI_static_base__                                                
00007d64  __TI_Handler_Table_Base                                           
00007d6c  __TI_CINIT_Base                                                   
00007d6c  __TI_Handler_Table_Limit                                          
00007d84  __TI_CINIT_Limit                                                  
20000000  ti_sysbios_family_arm_m3_Hwi_ramVectors                           
20000380  ti_sysbios_knl_Task_Instance_State_0_stack__A                     
20000b80  ti_uia_loggers_LoggerStopMode_Instance_State_1_packetArray__A     
20000f80  ti_uia_loggers_LoggerStopMode_Instance_State_2_packetArray__A     
20001380  ti_sysbios_family_arm_m3_Hwi_dispatchTable                        
20001700  ti_uia_loggers_LoggerStopMode_Instance_State_0_packetArray__A     
20001900  __CIOBUF_                                                         
20001a20  xdc_runtime_SysMin_Module_State_0_outbuf__A                       
20001b00  ti_uia_loggers_LoggerStopMode_Instance_State_0_hdr__A             
20001b80  ti_uia_loggers_LoggerStopMode_Instance_State_1_hdr__A             
20001c00  ti_uia_loggers_LoggerStopMode_Instance_State_2_hdr__A             
20001c30  ti_uia_loggers_LoggerStopMode_Object__table__V                    
20001ccc  ti_sysbios_utils_Load_Module__state__V                            
20001d64  ti_sysbios_family_arm_lm4_Timer_Object__table__V                  
20001de4  ti_sysbios_knl_Swi_Module_State_0_readyQ__A                       
20001e64  ti_sysbios_knl_Task_Module_State_0_readyQ__A                      
20001ee4  ti_sysbios_knl_Task_Object__table__V                              
20001f30  ti_sysbios_family_arm_m3_Hwi_Object__table__V                     
20001f78  ti_sysbios_knl_Task_Module__state__V                              
20001fbc  ti_sysbios_family_arm_m3_Hwi_Module__state__V                     
20001ff0  ti_sysbios_family_arm_lm4_Timer_Module_State_0_device__A          
20002020  ti_sysbios_knl_Swi_Object__table__V                               
20002050  ti_sysbios_knl_Clock_Module__state__V                             
2000207c  ti_sysbios_BIOS_Module__state__V                                  
200020a0  ti_sysbios_gates_GateMutex_Object__table__V                       
200020bc  ti_sysbios_knl_Swi_Module__state__V                               
200020d8  ti_sysbios_family_arm_lm4_Timer_Module_State_0_handles__A         
200020f0  __TI_cleanup_ptr                                                  
200020f4  __TI_dtors_ptr                                                    
200020f8  __TI_enable_exit_profile_output                                   
200020fc  ti_sysbios_family_arm_lm4_Timer_Module__state__V                  
20002108  ti_uia_runtime_QueueDescriptor_Module__state__V                   
20002114  xdc_runtime_HeapStd_Object__table__V                              
20002120  xdc_runtime_SysMin_Module__state__V                               
2000212c  _lock                                                             
20002130  _unlock                                                           
20002134  ti_uia_runtime_QueueDescriptor_gPtrToFirstDescriptor              
20002138  ti_uia_runtime_QueueDescriptor_gUpdateCount                       
2000213c  ti_sysbios_family_arm_lm4_TimestampProvider_Module__state__V      
20002144  ti_sysbios_gates_GateHwi_Module__root__V                          
2000214c  ti_sysbios_gates_GateMutex_Module__root__V                        
20002154  ti_sysbios_knl_Queue_Module__root__V                              
2000215c  ti_sysbios_knl_Semaphore_Module__root__V                          
20002164  ti_uia_loggers_LoggerStopMode_Module__root__V                     
2000216c  xdc_runtime_HeapStd_Module__root__V                               
20002174  xdc_runtime_Registry_Module__state__V                             
2000217c  xdc_runtime_Startup_Module__state__V                              
20002184  xdc_runtime_System_Module_State_0_atexitHandlers__A               
2000218c  xdc_runtime_System_Module__state__V                               
20002194  main_func_sp                                                      
20002198  ti_sysbios_family_arm_m3_Hwi_Module_State_0_excContext__A         
2000219c  ti_sysbios_family_arm_m3_Hwi_Module_State_0_excStack__A           
200021a0  ti_sysbios_gates_GateHwi_Object__table__V                         
200021a4  ti_sysbios_knl_Task_Module_State_0_idleTask__A                    
200021a8  ti_sysbios_utils_Load_Module_State_0_runningTask__A               
200021ac  ti_sysbios_utils_Load_Module_State_0_taskStartTime__A             
200021b0  xdc_runtime_HeapStd_Module__state__V                              
200021b4  xdc_runtime_Memory_Module__state__V                               
200021b8  i16ToggleCount                                                    
200021ba  ti_sysbios_family_arm_m3_Hwi_Module_State_0_excActive__A          
200021bc  xdc_runtime_Error_Module__state__V                                
200021be  xdc_runtime_Main_Module__root__V                                  
200021c0  __stack                                                           
200025c0  __STACK_END                                                       
e000e000  ti_sysbios_family_arm_m3_Hwi_nvic                                 
ffffffff  __TI_pprof_out_hndl                                               
ffffffff  __TI_prof_data_size                                               
ffffffff  __TI_prof_data_start                                              
ffffffff  __binit__                                                         
ffffffff  __c_args__                                                        
ffffffff  binit                                                             
UNDEFED   SHT$$INIT_ARRAY$$Base                                             
UNDEFED   SHT$$INIT_ARRAY$$Limit                                            

[594 symbols]
