******************************************************************************
                  TI ARM Linker PC v16.9.3                     
******************************************************************************
>> Linked Sat Nov 10 17:44:33 2018

OUTPUT FILE NAME:   <blink_TM4C.out>
ENTRY POINT SYMBOL: "_c_int00"  address: 00000681


MEMORY CONFIGURATION

         name            origin    length      used     unused   attr    fill
----------------------  --------  ---------  --------  --------  ----  --------
  FLASH                 00000000   00040000  0000086e  0003f792  R  X
  SRAM                  20000000   00008000  0000021a  00007de6  RW X


SEGMENT ALLOCATION MAP

run origin  load origin   length   init length attrs members
----------  ----------- ---------- ----------- ----- -------
00000000    00000000    00000874   00000874    r-x
  00000000    00000000    0000026c   0000026c    r-- .intvecs
  0000026c    0000026c    000005de   000005de    r-x .text
  00000850    00000850    00000024   00000024    r-- .cinit
20000000    20000000    0000021a   00000000    rw-
  20000000    20000000    00000200   00000000    rw- .stack
  20000200    20000200    0000001a   00000000    rw- .data


SECTION ALLOCATION MAP

 output                                  attributes/
section   page    origin      length       input sections
--------  ----  ----------  ----------   ----------------
.intvecs   0    00000000    0000026c     
                  00000000    0000026c     tm4c123gh6pm_startup_ccs.obj (.intvecs)

.text      0    0000026c    000005de     
                  0000026c    00000130     driverlib.lib : gpio.obj (.text:GPIOPadConfigSet)
                  0000039c    000000f0                   : sysctl.obj (.text:SysCtlClockSet)
                  0000048c    0000009c     rtsv7M4_T_le_v4SPD16_eabi.lib : memcpy_t2.obj (.text)
                  00000528    00000080     main.obj (.text)
                  000005a8    00000070     rtsv7M4_T_le_v4SPD16_eabi.lib : autoinit.obj (.text)
                  00000618    00000068                                   : copy_decompress_lzss.obj (.text:decompress:lzss)
                  00000680    00000054                                   : boot.obj (.text)
                  000006d4    00000054                                   : exit.obj (.text)
                  00000728    0000004c                                   : cpy_tbl.obj (.text)
                  00000774    00000034     driverlib.lib : sysctl.obj (.text:SysCtlPeripheralEnable)
                  000007a8    0000002a                   : gpio.obj (.text:GPIODirModeSet)
                  000007d2    00000018                   : gpio.obj (.text:GPIOPinTypeGPIOOutput)
                  000007ea    00000002     rtsv7M4_T_le_v4SPD16_eabi.lib : mpu_init.obj (.text)
                  000007ec    00000018                                   : args_main.obj (.text)
                  00000804    00000014                                   : _lock.obj (.text)
                  00000818    0000000e                                   : copy_decompress_none.obj (.text:decompress:none)
                  00000826    0000000c     tm4c123gh6pm_startup_ccs.obj (.text)
                  00000832    00000006     driverlib.lib : gpio.obj (.text:GPIOPinRead)
                  00000838    00000006                   : gpio.obj (.text:GPIOPinWrite)
                  0000083e    00000006                   : sysctl.obj (.text:SysCtlDelay)
                  00000844    00000004     rtsv7M4_T_le_v4SPD16_eabi.lib : pre_init.obj (.text)
                  00000848    00000002                                   : startup.obj (.text)

.cinit     0    00000850    00000024     
                  00000850    00000011     (.cinit..data.load) [load image, compression = lzss]
                  00000861    00000003     --HOLE-- [fill = 0]
                  00000864    00000008     (__TI_handler_table)
                  0000086c    00000008     (__TI_cinit_table)

.init_array 
*          0    00000000    00000000     UNINITIALIZED

.stack     0    20000000    00000200     UNINITIALIZED
                  20000000    00000200     --HOLE--

.data      0    20000200    0000001a     UNINITIALIZED
                  20000200    0000000c     rtsv7M4_T_le_v4SPD16_eabi.lib : exit.obj (.data:$O1$$)
                  2000020c    00000008                                   : _lock.obj (.data:$O1$$)
                  20000214    00000004                                   : stkdepth_vars.obj (.data)
                  20000218    00000002     main.obj (.data)

MODULE SUMMARY

       Module                         code   ro data   rw data
       ------                         ----   -------   -------
    .\
       tm4c123gh6pm_startup_ccs.obj   12     620       0      
       main.obj                       128    0         2      
    +--+------------------------------+------+---------+---------+
       Total:                         140    620       2      
                                                              
    ../driverlib.lib
       gpio.obj                       382    0         0      
       sysctl.obj                     298    0         0      
    +--+------------------------------+------+---------+---------+
       Total:                         680    0         0      
                                                              
    C:\ti\ccsv7\tools\compiler\ti-cgt-arm_16.9.3.LTS\lib\rtsv7M4_T_le_v4SPD16_eabi.lib
       memcpy_t2.obj                  156    0         0      
       autoinit.obj                   112    0         0      
       copy_decompress_lzss.obj       104    0         0      
       exit.obj                       84     0         12     
       boot.obj                       84     0         0      
       cpy_tbl.obj                    76     0         0      
       _lock.obj                      20     0         8      
       args_main.obj                  24     0         0      
       copy_decompress_none.obj       14     0         0      
       pre_init.obj                   4      0         0      
       stkdepth_vars.obj              0      0         4      
       mpu_init.obj                   2      0         0      
       startup.obj                    2      0         0      
    +--+------------------------------+------+---------+---------+
       Total:                         682    0         24     
                                                              
       Stack:                         0      0         512    
       Linker Generated:              0      33        0      
    +--+------------------------------+------+---------+---------+
       Grand Total:                   1502   653       538    


LINKER GENERATED COPY TABLES

__TI_cinit_table @ 0000086c records: 1, size/record: 8, table size: 8
	.data: load addr=00000850, load size=00000011 bytes, run addr=20000200, run size=0000001a bytes, compression=lzss


LINKER GENERATED HANDLER TABLE

__TI_handler_table @ 00000864 records: 2, size/record: 4, table size: 8
	index: 0, handler: __TI_decompress_lzss
	index: 1, handler: __TI_decompress_none


GLOBAL SYMBOLS: SORTED ALPHABETICALLY BY Name 

address   name                           
-------   ----                           
000006d5  C$$EXIT                        
000007a9  GPIODirModeSet                 
0000026d  GPIOPadConfigSet               
00000833  GPIOPinRead                    
000007d3  GPIOPinTypeGPIOOutput          
00000839  GPIOPinWrite                   
00000827  ResetISR                       
UNDEFED   SHT$$INIT_ARRAY$$Base          
UNDEFED   SHT$$INIT_ARRAY$$Limit         
0000039d  SysCtlClockSet                 
0000083f  SysCtlDelay                    
00000775  SysCtlPeripheralEnable         
20000200  __STACK_END                    
00000200  __STACK_SIZE                   
20000200  __STACK_TOP                    
0000086c  __TI_CINIT_Base                
00000874  __TI_CINIT_Limit               
00000864  __TI_Handler_Table_Base        
0000086c  __TI_Handler_Table_Limit       
000005a9  __TI_auto_init                 
20000200  __TI_cleanup_ptr               
00000619  __TI_decompress_lzss           
00000819  __TI_decompress_none           
20000204  __TI_dtors_ptr                 
20000208  __TI_enable_exit_profile_output
ffffffff  __TI_pprof_out_hndl            
ffffffff  __TI_prof_data_size            
ffffffff  __TI_prof_data_start           
00000000  __TI_static_base__             
0000048d  __aeabi_memcpy                 
0000048d  __aeabi_memcpy4                
0000048d  __aeabi_memcpy8                
ffffffff  __binit__                      
ffffffff  __c_args__                     
000007eb  __mpu_init                     
20000000  __stack                        
000007ed  _args_main                     
00000681  _c_int00                       
2000020c  _lock                          
00000813  _nop                           
0000080b  _register_lock                 
00000805  _register_unlock               
00000849  _system_post_cinit             
00000845  _system_pre_init               
20000210  _unlock                        
000006d9  abort                          
ffffffff  binit                          
00000729  copy_in                        
00000589  delay                          
000006e1  exit                           
00000000  g_pfnVectors                   
00000543  hardware_init                  
20000218  i16ToggleCount                 
00000565  ledToggle                      
00000529  main                           
20000214  main_func_sp                   
0000048d  memcpy                         


GLOBAL SYMBOLS: SORTED BY Symbol Address 

address   name                           
-------   ----                           
00000000  __TI_static_base__             
00000000  g_pfnVectors                   
00000200  __STACK_SIZE                   
0000026d  GPIOPadConfigSet               
0000039d  SysCtlClockSet                 
0000048d  __aeabi_memcpy                 
0000048d  __aeabi_memcpy4                
0000048d  __aeabi_memcpy8                
0000048d  memcpy                         
00000529  main                           
00000543  hardware_init                  
00000565  ledToggle                      
00000589  delay                          
000005a9  __TI_auto_init                 
00000619  __TI_decompress_lzss           
00000681  _c_int00                       
000006d5  C$$EXIT                        
000006d9  abort                          
000006e1  exit                           
00000729  copy_in                        
00000775  SysCtlPeripheralEnable         
000007a9  GPIODirModeSet                 
000007d3  GPIOPinTypeGPIOOutput          
000007eb  __mpu_init                     
000007ed  _args_main                     
00000805  _register_unlock               
0000080b  _register_lock                 
00000813  _nop                           
00000819  __TI_decompress_none           
00000827  ResetISR                       
00000833  GPIOPinRead                    
00000839  GPIOPinWrite                   
0000083f  SysCtlDelay                    
00000845  _system_pre_init               
00000849  _system_post_cinit             
00000864  __TI_Handler_Table_Base        
0000086c  __TI_CINIT_Base                
0000086c  __TI_Handler_Table_Limit       
00000874  __TI_CINIT_Limit               
20000000  __stack                        
20000200  __STACK_END                    
20000200  __STACK_TOP                    
20000200  __TI_cleanup_ptr               
20000204  __TI_dtors_ptr                 
20000208  __TI_enable_exit_profile_output
2000020c  _lock                          
20000210  _unlock                        
20000214  main_func_sp                   
20000218  i16ToggleCount                 
ffffffff  __TI_pprof_out_hndl            
ffffffff  __TI_prof_data_size            
ffffffff  __TI_prof_data_start           
ffffffff  __binit__                      
ffffffff  __c_args__                     
ffffffff  binit                          
UNDEFED   SHT$$INIT_ARRAY$$Base          
UNDEFED   SHT$$INIT_ARRAY$$Limit         

[57 symbols]
