******************************************************************************
                  TI ARM Linker PC v16.9.6                     
******************************************************************************
>> Linked Fri Nov 16 15:44:44 2018

OUTPUT FILE NAME:   <hello_CC1350_LAUNCHXL_tirtos_ccs.out>
ENTRY POINT SYMBOL: "ResetISR"  address: 0000437d


MEMORY CONFIGURATION

         name            origin    length      used     unused   attr    fill
----------------------  --------  ---------  --------  --------  ----  --------
  FLASH                 00000000   00020000  00006944  000196bc  R  X
  SRAM                  20000000   00005000  000032f2  00001d0e  RW X


SEGMENT ALLOCATION MAP

run origin  load origin   length   init length attrs members
----------  ----------- ---------- ----------- ----- -------
00000000    00000000    000068f0   000068f0    r-x
  00000000    00000000    0000003c   0000003c    r-- .resetVecs
  0000003c    0000003c    00005fd6   00005fd6    r-x .text
  00006014    00006014    00000702   00000702    r-- .const
  00006718    00006718    000001d8   000001d8    r-- .cinit
0001ffa8    0001ffa8    00000058   00000058    r--
  0001ffa8    0001ffa8    00000058   00000058    r-- .ccfg
20000100    20000100    000017b0   00000000    rw-
  20000100    20000100    000017b0   00000000    rw- .bss
200018b0    200018b0    00001000   00000000    r--
  200018b0    200018b0    00001000   00000000    r-- .priheap
200028b0    200028b0    0000067a   00000000    rw-
  200028b0    200028b0    0000067a   00000000    rw- .data
20004c00    20004c00    00000400   00000000    rw-
  20004c00    20004c00    00000400   00000000    rw- .stack


SECTION ALLOCATION MAP

 output                                  attributes/
section   page    origin      length       input sections
--------  ----  ----------  ----------   ----------------
.resetVecs 
*          0    00000000    0000003c     
                  00000000    0000003c     hello_pem3.oem3 (.resetVecs)

.binit     0    00000000    00000000     

.text      0    0000003c    00005fd6     
                  0000003c    0000030c     drivers_cc13x0.aem3 : PowerCC26XX_calibrateRCOSC.oem3 (.text:PowerCC26XX_auxISR)
                  00000348    00000228     driverlib.lib : sys_ctrl.obj (.text:NOROM_SysCtrlSetRechargeBeforePowerDown)
                  00000570    00000224     drivers_cc13x0.aem3 : PowerCC26XX.oem3 (.text:Power_sleep)
                  00000794    000001f4     rtsv7M3_T_le_eabi.lib : ull_div_t2.obj (.text)
                  00000988    000001b8     drivers_cc13x0.aem3 : PINCC26XX.oem3 (.text:PIN_init)
                  00000b40    00000190                         : PowerCC26XX_calibrateRCOSC.oem3 (.text:PowerCC26XX_doCalibrate)
                  00000cd0    00000138     hello_pem3.oem3 (.text:ti_uia_loggers_LoggerStopMode_writeMemoryRange__E)
                  00000e08    0000012c     sysbios.aem3 : BIOS.obj (.text:ti_sysbios_knl_Semaphore_pend__E)
                  00000f34    00000124     driverlib.lib : setup_rom.obj (.text:NOROM_SetupAfterColdResetWakeupFromShutDownCfg3)
                  00001058    00000118     sysbios.aem3 : BIOS.obj (.text:ti_sysbios_family_arm_m3_Hwi_dispatchC__I)
                  00001170    00000114     drivers_cc13x0.aem3 : PowerCC26XX.oem3 (.text:Power_init)
                  00001284    00000110     sysbios.aem3 : BIOS.obj (.text:ti_sysbios_knl_Swi_run__I)
                  00001394    0000010c     hello_pem3.oem3 (.text:ti_uia_loggers_LoggerStopMode_write8__E)
                  000014a0    00000100     drivers_cc13x0.aem3 : GPIOCC26XX.oem3 (.text:GPIO_setConfig)
                  000015a0    000000f8     sysbios.aem3 : BIOS.obj (.text:xdc_runtime_Startup_startMods__I)
                  00001698    000000f4     hello_pem3.oem3 (.text:ti_uia_loggers_LoggerStopMode_write4__E)
                  0000178c    000000f0     driverlib.lib : setup_rom.obj (.text:NOROM_SetupAfterColdResetWakeupFromShutDownCfg2)
                  0000187c    000000e8     hello_pem3.oem3 (.text:ti_uia_loggers_LoggerStopMode_write1__E)
                  00001964    000000e8     hello_pem3.oem3 (.text:ti_uia_loggers_LoggerStopMode_write2__E)
                  00001a4c    000000e4     dpl_cc13x0.aem3 : PowerCC26XX_tirtos.oem3 (.text:PowerCC26XX_standbyPolicy)
                  00001b30    000000dc     drivers_cc13x0.aem3 : PINCC26XX.oem3 (.text:PINCC26XX_setIoCfg)
                  00001c0c    000000d8     sysbios.aem3 : BIOS.obj (.text:ti_sysbios_knl_Clock_walkQueueDynamic__E)
                  00001ce4    000000d8     hello_pem3.oem3 (.text:ti_uia_loggers_LoggerStopMode_write0__E)
                  00001dbc    000000d4     sysbios.aem3 : BIOS.obj (.text:ti_sysbios_knl_Task_sleep__E)
                  00001e90    000000cc                  : m3_Hwi_asm.obj (.text:ti_sysbios_family_arm_m3_Hwi_dispatch__I)
                  00001f5c    000000c4     driverlib.lib : setup.obj (.text:TrimAfterColdResetWakeupFromShutDown)
                  00002020    000000c0     sysbios.aem3 : BIOS.obj (.text:ti_sysbios_knl_Task_schedule__I)
                  000020e0    000000bc     drivers_cc13x0.aem3 : GPIOCC26XX.oem3 (.text:GPIO_init)
                  0000219c    000000bc                         : PowerCC26XX.oem3 (.text:Power_releaseDependency)
                  00002258    000000bc     sysbios.aem3 : BIOS.obj (.text:ti_sysbios_knl_Task_Instance_init__E)
                  00002314    000000b8                  : BIOS.obj (.text:ti_sysbios_knl_Semaphore_post__E)
                  000023cc    000000b8                  : BIOS.obj (.text:ti_sysbios_knl_Task_startCore__E)
                  00002484    000000b4     drivers_cc13x0.aem3 : PowerCC26XX.oem3 (.text:Power_setDependency)
                  00002538    000000a8     driverlib.lib : setup.obj (.text:NOROM_SetupTrimDevice)
                  000025e0    000000a8     sysbios.aem3 : BIOS.obj (.text:ti_sysbios_knl_Swi_post__E)
                  00002688    000000a4     driverlib.lib : setup_rom.obj (.text:NOROM_SetupAfterColdResetWakeupFromShutDownCfg1)
                  0000272c    000000a4     drivers_cc13x0.aem3 : PowerCC26XX.oem3 (.text:switchXOSCHFclockFunc)
                  000027d0    000000a0     auto_init.aem3 : auto_init.oem3 (.text)
                  00002870    0000009c     rtsv7M3_T_le_eabi.lib : memcpy_t2.obj (.text)
                  0000290c    00000098     drivers_cc13x0.aem3 : PINCC26XX.oem3 (.text:PIN_open)
                  000029a4    00000098     sysbios.aem3 : BIOS.obj (.text:ti_sysbios_knl_Clock_workFuncDynamic__E)
                  00002a3c    00000098                  : BIOS.obj (.text:ti_sysbios_knl_Task_blockI__E)
                  00002ad4    00000094                  : BIOS.obj (.text:ti_sysbios_knl_Task_Instance_finalize__E)
                  00002b68    00000094                  : BIOS.obj (.text:ti_sysbios_knl_Task_exit__E)
                  00002bfc    00000090                  : BIOS.obj (.text:ti_sysbios_family_arm_cc26xx_Timer_start__E)
                  00002c8c    00000090     ti.uia.loggers.aem3 : LoggerStopMode.oem3 (.text:ti_uia_loggers_LoggerStopMode_initQueueDescriptor__E)
                  00002d1c    0000008c     sysbios.aem3 : BIOS.obj (.text:ti_sysbios_family_arm_m3_Hwi_Instance_init__E)
                  00002da8    0000008c                  : BIOS.obj (.text:ti_sysbios_knl_Task_unblockI__E)
                  00002e34    00000084     CC1350_LAUNCHXL_fxns.obj (.text:CC1350_LAUNCHXL_sendExtFlashByte)
                  00002eb8    00000084     sysbios.aem3 : BIOS.obj (.text:ti_sysbios_knl_Task_postInit__I)
                  00002f3c    00000080                  : BIOS.obj (.text:ti_sysbios_family_arm_m3_Hwi_initNVIC__E)
                  00002fbc    0000007a     rtsv7M3_T_le_eabi.lib : memset_t2.obj (.text)
                  00003036    00000002     drivers_cc13x0.aem3 : PowerCC26XX.oem3 (.text:emptyClockFunc)
                  00003038    00000074     driverlib.lib : setup_rom.obj (.text:NOROM_SetupSetVddrLevel)
                  000030ac    00000074     sysbios.aem3 : BIOS.obj (.text:ti_sysbios_heaps_HeapMem_allocUnprotected__E)
                  00003120    00000074     ti.uia.runtime.aem3 : QueueDescriptor.oem3 (.text:ti_uia_runtime_QueueDescriptor_addToList__E)
                  00003194    0000006e     sysbios.aem3 : BIOS.obj (.text:xdc_runtime_Core_createObject__I)
                  00003202    00000002                  : BIOS.obj (.text:ti_sysbios_BIOS_linkedWithIncorrectBootLibrary__E)
                  00003204    0000006c     drivers_cc13x0.aem3 : PowerCC26XX_calibrateRCOSC.oem3 (.text:PowerCC26XX_initiateCalibration)
                  00003270    0000006c     sysbios.aem3 : BIOS.obj (.text:xdc_runtime_Memory_alloc__E)
                  000032dc    00000068     driverlib.lib : setup_rom.obj (.text:NOROM_SetupGetTrimForAmpcompCtrl)
                  00003344    00000068                   : setup_rom.obj (.text:NOROM_SetupGetTrimForAnabypassValue1)
                  000033ac    00000068                   : sys_ctrl.obj (.text:NOROM_SysCtrlAdjustRechargeAfterPowerDown)
                  00003414    00000068                   : sys_ctrl.obj (.text:NOROM_SysCtrl_DCDC_VoltageConditionalControl)
                  0000347c    00000068     rtsv7M3_T_le_eabi.lib : copy_decompress_lzss.obj (.text:decompress:lzss)
                  000034e4    00000068     drivers_cc13x0.aem3 : PowerCC26XX.oem3 (.text:lfClockReadyCallback)
                  0000354c    00000068     rtsv7M3_T_le_eabi.lib : trgmsg.obj (.text)
                  000035b4    00000068     sysbios.aem3 : BIOS.obj (.text:ti_sysbios_knl_Clock_startI__E)
                  0000361c    00000068                  : BIOS.obj (.text:ti_sysbios_knl_Swi_restoreHwi__E)
                  00003684    00000066     ti.uia.loggers.aem3 : LoggerStopMode.oem3 (.text:ti_uia_loggers_LoggerStopMode_flush__E)
                  000036ea    00000066     sysbios.aem3 : BIOS.obj (.text:xdc_runtime_Core_deleteObject__I)
                  00003750    00000064     driverlib.lib : osc.obj (.text:NOROM_OSCHF_AttemptToSwitchToXosc)
                  000037b4    00000064     drivers_cc13x0.aem3 : PINCC26XX.oem3 (.text:PIN_add)
                  00003818    00000064                         : PowerCC26XX.oem3 (.text:configureXOSCHF)
                  0000387c    00000064     hello.obj (.text:main)
                  000038e0    00000064     sysbios.aem3 : BIOS.obj (.text:ti_sysbios_heaps_HeapMem_initPrimary__I)
                  00003944    00000060     driverlib.lib : osc.obj (.text:NOROM_OSCClockSourceSet)
                  000039a4    00000060     drivers_cc13x0.aem3 : PowerCC26XX.oem3 (.text:PowerCC26XX_calibrate)
                  00003a04    00000060     sysbios.aem3 : BIOS.obj (.text:ti_sysbios_knl_Clock_logTick__E)
                  00003a64    0000005e                  : BIOS.obj (.text:ti_sysbios_heaps_HeapMem_freeUnprotected__E)
                  00003ac2    00000002     hello_pem3.oem3 (.text:ti_sysbios_BIOS_nullFunc__I)
                  00003ac4    0000005c     drivers_cc13x0.aem3 : PowerCC26XX_calibrateRCOSC.oem3 (.text:PowerCC26XX_RCOSC_clockFunc)
                  00003b20    0000005c     sysbios.aem3 : BIOS.obj (.text:ti_sysbios_knl_Task_Module_startup__E)
                  00003b7c    00000058     drivers_cc13x0.aem3 : PINCC26XX.oem3 (.text:PIN_remove)
                  00003bd4    00000058     rtsv7M3_T_le_eabi.lib : hostwrite.obj (.text)
                  00003c2c    00000058     sysbios.aem3 : BIOS.obj (.text:ti_sysbios_family_arm_m3_Hwi_postInit__I)
                  00003c84    00000058                  : BIOS.obj (.text:ti_sysbios_heaps_HeapMem_alloc__E)
                  00003cdc    00000054     drivers_cc13x0.aem3 : GPIOCC26XX.oem3 (.text:GPIO_write)
                  00003d30    00000054                         : GPIOCC26XX.oem3 (.text:powerPostNotify)
                  00003d84    00000054     sysbios.aem3 : BIOS.obj (.text:ti_sysbios_knl_Swi_schedule__I)
                  00003dd8    00000050     dpl_cc13x0.aem3 : ClockP_tirtos.oem3 (.text:ClockP_construct)
                  00003e28    00000050     driverlib.lib : setup_rom.obj (.text:NOROM_SetupSetCacheModeAccordingToCcfgSetting)
                  00003e78    00000050     hello_pem3.oem3 (.text:ti_sysbios_family_arm_m3_Hwi_construct)
                  00003ec8    00000050     sysbios.aem3 : BIOS.obj (.text:ti_sysbios_knl_Swi_Instance_init__E)
                  00003f18    00000050                  : BIOS.obj (.text:ti_sysbios_knl_Swi_runLoop__I)
                  00003f68    00000050                  : BIOS.obj (.text:xdc_runtime_Startup_exec__E)
                  00003fb8    0000004c     CC1350_LAUNCHXL_fxns.obj (.text:CC1350_LAUNCHXL_wakeUpExtFlash)
                  00004004    0000004c     drivers_cc13x0.aem3 : GPIOCC26XX.oem3 (.text:GPIO_enableInt)
                  00004050    0000004c     rtsv7M3_T_le_eabi.lib : cpy_tbl.obj (.text)
                  0000409c    0000004c     sysbios.aem3 : m3_TaskSupport_asm.obj (.text:ti_sysbios_family_arm_m3_TaskSupport_buildTaskStack)
                  000040e8    0000004c     hello_pem3.oem3 (.text:ti_sysbios_knl_Swi_construct)
                  00004134    0000004c     hello_pem3.oem3 (.text:ti_sysbios_knl_Task_construct)
                  00004180    0000004c     ti.uia.loggers.aem3 : LoggerStopMode.oem3 (.text:ti_uia_loggers_LoggerStopMode_Module_startup__E)
                  000041cc    00000048     sysbios.aem3 : BIOS.obj (.text:ti_sysbios_family_arm_m3_Hwi_Module_startup__E)
                  00004214    00000048                  : m3_Hwi_asm_switch.obj (.text:ti_sysbios_family_arm_m3_Hwi_initStacks__E)
                  0000425c    00000048                  : BIOS.obj (.text:ti_sysbios_heaps_HeapMem_getStats__E)
                  000042a4    00000048                  : BIOS.obj (.text:xdc_runtime_Assert_raise__I)
                  000042ec    00000048                  : BIOS.obj (.text:xdc_runtime_Core_assignParams__I)
                  00004334    00000048                  : BIOS.obj (.text:xdc_runtime_Core_constructObject__I)
                  0000437c    00000044     boot.aem3 : boot.oem3 (.text)
                  000043c0    00000044     sysbios.aem3 : BIOS.obj (.text:ti_sysbios_family_arm_m3_Hwi_disableInterrupt__E)
                  00004404    00000044                  : BIOS.obj (.text:ti_sysbios_family_arm_m3_Hwi_enableInterrupt__E)
                  00004448    00000044                  : BIOS.obj (.text:ti_sysbios_knl_Task_allBlockedFunction__I)
                  0000448c    00000044     ti.uia.loggers.aem3 : LoggerStopMode.oem3 (.text:ti_uia_loggers_LoggerStopMode_initBuffer__I)
                  000044d0    00000044     sysbios.aem3 : BIOS.obj (.text:xdc_runtime_SysMin_flush__E)
                  00004514    00000040     CC1350_LAUNCHXL_fxns.obj (.text:CC1350_LAUNCHXL_shutDownExtFlash)
                  00004554    00000040     drivers_cc13x0.aem3 : PINCC26XX.oem3 (.text:PIN_swi)
                  00004594    00000040     sysbios.aem3 : BIOS.obj (.text:ti_sysbios_family_arm_cc26xx_Timer_setThreshold__I)
                  000045d4    00000040                  : BIOS.obj (.text:ti_sysbios_family_arm_m3_Hwi_getStackInfo__E)
                  00004614    0000003e     dpl_cc13x0.aem3 : HwiP_tirtos.oem3 (.text:HwiP_construct)
                  00004652    00000002     sysbios.aem3 : BIOS.obj (.text:ti_sysbios_gates_GateHwi_Instance_init__E)
                  00004654    0000003c     driverlib.lib : chipinfo.obj (.text:NOROM_ChipInfo_GetHwRevision)
                  00004690    0000003c                   : osc.obj (.text:NOROM_OSC_HPOSCRelativeFrequencyOffsetGet)
                  000046cc    0000003c     dpl_cc13x0.aem3 : SwiP_tirtos.oem3 (.text:SwiP_construct)
                  00004708    0000003c     drivers_cc13x0.aem3 : PowerCC26XX.oem3 (.text:disableLfClkQualifiersEnableClkLoss)
                  00004744    0000003c     sysbios.aem3 : BIOS.obj (.text:ti_sysbios_family_arm_m3_Hwi_construct2__E)
                  00004780    00000038     drivers_cc13x0.aem3 : PINCC26XX.oem3 (.text:PIN_setOutputValue)
                  000047b8    00000038     sysbios.aem3 : BIOS.obj (.text:ti_sysbios_family_arm_cc26xx_Timer_getCurrentTick__E)
                  000047f0    00000038                  : BIOS.obj (.text:ti_sysbios_family_arm_m3_Hwi_Instance_finalize__E)
                  00004828    00000038                  : BIOS.obj (.text:ti_sysbios_heaps_HeapMem_Instance_init__E)
                  00004860    00000038                  : BIOS.obj (.text:ti_sysbios_knl_Clock_Instance_init__E)
                  00004898    00000038                  : BIOS.obj (.text:xdc_runtime_SysMin_putch__E)
                  000048d0    00000038                  : BIOS.obj (.text:xdc_runtime_System_atexit__E)
                  00004908    00000034     drivers_cc13x0.aem3 : GPIOCC26XX.oem3 (.text:GPIO_setCallback)
                  0000493c    00000034     driverlib.lib : osc.obj (.text:NOROM_OSCHF_SwitchToRcOscTurnOffXosc)
                  00004970    00000034     drivers_cc13x0.aem3 : PINCC26XX.oem3 (.text:PIN_setConfig)
                  000049a4    00000034                         : PINCC26XX.oem3 (.text:PIN_setInterrupt)
                  000049d8    00000034                         : PowerCC26XX.oem3 (.text:Power_releaseConstraint)
                  00004a0c    00000034                         : PowerCC26XX.oem3 (.text:notify)
                  00004a40    00000034     sysbios.aem3 : BIOS.obj (.text:ti_sysbios_family_arm_cc26xx_Timer_initDevice__I)
                  00004a74    00000034     hello_pem3.oem3 (.text:ti_sysbios_knl_Semaphore_create)
                  00004aa8    00000034     sysbios.aem3 : BIOS.obj (.text:ti_sysbios_knl_Swi_restore__E)
                  00004adc    00000034     ti.uia.loggers.aem3 : LoggerStopMode.oem3 (.text:ti_uia_loggers_LoggerStopMode_reset__E)
                  00004b10    00000034     sysbios.aem3 : BIOS.obj (.text:xdc_runtime_Core_assignLabel__I)
                  00004b44    00000032                  : BIOS.obj (.text:ti_sysbios_family_arm_cc26xx_Timer_setNextTick__E)
                  00004b76    00000002                  : BIOS.obj (.text:ti_sysbios_knl_Clock_triggerFunc__I)
                  00004b78    00000030     drivers_cc13x0.aem3 : GPIOCC26XX.oem3 (.text:GPIO_hwiIntFxn)
                  00004ba8    00000030     driverlib.lib : chipinfo.obj (.text:NOROM_ChipInfo_GetChipType)
                  00004bd8    00000030                   : setup_rom.obj (.text:NOROM_SetupSetAonRtcSubSecInc)
                  00004c08    00000030     drivers_cc13x0.aem3 : PowerCC26XX.oem3 (.text:Power_setConstraint)
                  00004c38    00000030     hello_pem3.oem3 (.text:ti_sysbios_BIOS_atExitFunc__I)
                  00004c68    00000030     hello_pem3.oem3 (.text:ti_sysbios_BIOS_startFunc__I)
                  00004c98    00000030     hello_pem3.oem3 (.text:ti_sysbios_gates_GateHwi_Object__create__S)
                  00004cc8    00000030     hello_pem3.oem3 (.text:ti_sysbios_gates_GateMutex_Object__create__S)
                  00004cf8    00000030     sysbios.aem3 : BIOS.obj (.text:ti_sysbios_gates_GateMutex_enter__E)
                  00004d28    00000030     hello_pem3.oem3 (.text:ti_sysbios_heaps_HeapMem_Object__create__S)
                  00004d58    00000030     sysbios.aem3 : BIOS.obj (.text:ti_sysbios_heaps_HeapMem_free__E)
                  00004d88    00000030     hello_pem3.oem3 (.text:ti_sysbios_knl_Clock_construct)
                  00004db8    00000030     hello_pem3.oem3 (.text:ti_sysbios_knl_Semaphore_construct)
                  00004de8    00000030     sysbios.aem3 : BIOS.obj (.text:ti_sysbios_knl_Task_processVitalTaskFlag__I)
                  00004e18    00000030     hello_pem3.oem3 (.text:ti_uia_loggers_LoggerStopMode_Object__create__S)
                  00004e48    00000030     sysbios.aem3 : BIOS.obj (.text:xdc_runtime_SysMin_abort__E)
                  00004e78    00000030                  : BIOS.obj (.text:xdc_runtime_System_processAtExit__E)
                  00004ea8    0000002e                  : BIOS.obj (.text:ti_sysbios_family_arm_m3_TaskSupport_start__E)
                  00004ed6    0000002e                  : BIOS.obj (.text:ti_sysbios_hal_Hwi_initStack)
                  00004f04    0000002c     driverlib.lib : ddi.obj (.text:NOROM_DDI32RegWrite)
                  00004f30    0000002c                   : osc.obj (.text:NOROM_OSCClockSourceGet)
                  00004f5c    0000002c                   : setup_rom.obj (.text:NOROM_SetupGetTrimForRadcExtCfg)
                  00004f88    0000002c     dpl_cc13x0.aem3 : SemaphoreP_tirtos.oem3 (.text:SemaphoreP_constructBinary)
                  00004fb4    0000002c                     : SemaphoreP_tirtos.oem3 (.text:SemaphoreP_createBinary)
                  00004fe0    0000002c     sysbios.aem3 : BIOS.obj (.text:ti_sysbios_knl_Clock_getTicksUntilInterrupt__E)
                  0000500c    0000002c     hello_pem3.oem3 (.text:ti_sysbios_knl_Queue_construct)
                  00005038    0000002c     sysbios.aem3 : BIOS.obj (.text:ti_sysbios_knl_Semaphore_pendTimeout__I)
                  00005064    0000002c                  : BIOS.obj (.text:xdc_runtime_Text_cordText__E)
                  00005090    00000028     driverlib.lib : aon_batmon.obj (.text:NOROM_AONBatMonTemperatureGetDegC)
                  000050b8    00000028     drivers_cc13x0.aem3 : PowerCC26XX.oem3 (.text:Power_registerNotify)
                  000050e0    00000028     driverlib.lib : adi.obj (.text:SafeHapiVoid)
                  00005108    00000028     sysbios.aem3 : BIOS.obj (.text:ti_sysbios_knl_Clock_addI__E)
                  00005130    00000028                  : BIOS.obj (.text:ti_sysbios_knl_Task_restore__E)
                  00005158    00000028     hello.obj (.text:workTaskFunc)
                  00005180    00000024     hello_pem3.oem3 (.text:ti_sysbios_BIOS_registerRTSLock__I)
                  000051a4    00000024     hello_pem3.oem3 (.text:ti_sysbios_BIOS_removeRTSLock__I)
                  000051c8    00000024     sysbios.aem3 : BIOS.obj (.text:ti_sysbios_family_arm_cc26xx_Timer_Module_startup__E)
                  000051ec    00000024                  : BIOS.obj (.text:ti_sysbios_family_arm_cc26xx_Timer_getMaxTicks__E)
                  00005210    00000024                  : BIOS.obj (.text:ti_sysbios_family_arm_cc26xx_Timer_startup__E)
                  00005234    00000024     hello_pem3.oem3 (.text:ti_sysbios_gates_GateMutex_Object__delete__S)
                  00005258    00000024     sysbios.aem3 : BIOS.obj (.text:ti_sysbios_knl_Semaphore_Instance_init__E)
                  0000527c    00000024     hello_pem3.oem3 (.text:ti_sysbios_knl_Semaphore_Object__delete__S)
                  000052a0    00000024     sysbios.aem3 : BIOS.obj (.text:ti_sysbios_knl_Swi_Module_startup__E)
                  000052c4    00000024     hello.obj (.text:urgentWorkTaskFunc)
                  000052e8    00000022     drivers_cc13x0.aem3 : List.oem3 (.text:List_put)
                  0000530a    00000022     sysbios.aem3 : BIOS.obj (.text:ti_sysbios_family_arm_cc26xx_Timer_postInit__I)
                  0000532c    00000022     hello_pem3.oem3 (.text:xdc_runtime_SysMin_output__I)
                  0000534e    00000002     sysbios.aem3 : BIOS.obj (.text:ti_sysbios_knl_Swi_Instance_finalize__E)
                  00005350    00000020     driverlib.lib : setup_rom.obj (.text:NOROM_SetupGetTrimForXoscHfCtl)
                  00005370    00000020     dpl_cc13x0.aem3 : PowerCC26XX_tirtos.oem3 (.text:PowerCC26XX_schedulerDisable)
                  00005390    00000020                     : PowerCC26XX_tirtos.oem3 (.text:PowerCC26XX_schedulerRestore)
                  000053b0    00000020     hello.obj (.text:doUrgentWork)
                  000053d0    00000020     hello.obj (.text:doWork)
                  000053f0    00000020     hello_pem3.oem3 (.text:ti_sysbios_BIOS_rtsLock__I)
                  00005410    00000020     sysbios.aem3 : BIOS.obj (.text:ti_sysbios_family_arm_cc26xx_Timer_dynamicStub__E)
                  00005430    00000020                  : BIOS.obj (.text:ti_sysbios_family_arm_cc26xx_TimestampProvider_Module_startup__E)
                  00005450    00000020                  : m3_Hwi_asm.obj (.text:ti_sysbios_family_arm_m3_Hwi_excHandlerAsm__I)
                  00005470    00000020                  : BIOS.obj (.text:ti_sysbios_family_arm_m3_Hwi_excHandler__I)
                  00005490    00000020     hello_pem3.oem3 (.text:ti_sysbios_gates_GateHwi_Object__delete__S)
                  000054b0    00000020     hello_pem3.oem3 (.text:ti_sysbios_heaps_HeapMem_Object__delete__S)
                  000054d0    00000020     sysbios.aem3 : BIOS.obj (.text:ti_sysbios_knl_Clock_Module_startup__E)
                  000054f0    00000020                  : BIOS.obj (.text:ti_sysbios_knl_Clock_getTicks__E)
                  00005510    00000020                  : BIOS.obj (.text:ti_sysbios_knl_Clock_stop__E)
                  00005530    00000020                  : BIOS.obj (.text:ti_sysbios_knl_Idle_run__E)
                  00005550    00000020     hello_pem3.oem3 (.text:ti_sysbios_knl_Semaphore_destruct)
                  00005570    00000020     sysbios.aem3 : BIOS.obj (.text:ti_sysbios_knl_Task_restoreHwi__E)
                  00005590    00000020     hello_pem3.oem3 (.text:ti_uia_loggers_LoggerStopMode_Object__delete__S)
                  000055b0    00000020     sysbios.aem3 : BIOS.obj (.text:xdc_runtime_SysMin_Module_startup__E)
                  000055d0    0000001e     drivers_cc13x0.aem3 : PINCC26XX.oem3 (.text:PIN_close)
                  000055ee    0000001e                         : PowerCC26XX.oem3 (.text:Power_getTransitionLatency)
                  0000560c    0000001e     sysbios.aem3 : m3_Hwi_asm_switch.obj (.text:ti_sysbios_family_xxx_Hwi_switchAndRunFunc)
                  0000562a    00000002     hello_pem3.oem3 (.text:ti_uia_loggers_LoggerStopMode_setFilterLevel__E)
                  0000562c    0000001c     CC1350_LAUNCHXL.obj (.text:CC1350_LAUNCHXL_initGeneral)
                  00005648    0000001c     driverlib.lib : chipinfo.obj (.text:NOROM_ChipInfo_GetChipFamily)
                  00005664    0000001c                   : setup_rom.obj (.text:NOROM_SetupGetTrimForAmpcompTh2)
                  00005680    0000001c                   : setup_rom.obj (.text:NOROM_SetupGetTrimForRcOscLfRtuneCtuneTrim)
                  0000569c    0000001c     drivers_cc13x0.aem3 : PINCC26XX.oem3 (.text:PINCC26XX_setIoCfgMux)
                  000056b8    0000001c                         : PINCC26XX.oem3 (.text:PIN_hwi)
                  000056d4    0000001c     sysbios.aem3 : BIOS.obj (.text:ti_sysbios_family_arm_m3_Hwi_setPriority__E)
                  000056f0    0000001c                  : BIOS.obj (.text:ti_sysbios_gates_GateMutex_Instance_init__E)
                  0000570c    0000001c                  : BIOS.obj (.text:ti_sysbios_knl_Clock_scheduleNextTick__E)
                  00005728    0000001c     hello_pem3.oem3 (.text:ti_sysbios_knl_Queue_destruct)
                  00005744    0000001c     sysbios.aem3 : BIOS.obj (.text:ti_sysbios_knl_Queue_put__E)
                  00005760    0000001c                  : BIOS.obj (.text:ti_sysbios_knl_Swi_construct2__E)
                  0000577c    0000001c                  : BIOS.obj (.text:ti_sysbios_knl_Task_enter__I)
                  00005798    0000001c     ti.uia.loggers.aem3 : LoggerStopMode.oem3 (.text:ti_uia_loggers_LoggerStopMode_Instance_init__E)
                  000057b4    0000001c     sysbios.aem3 : BIOS.obj (.text:xdc_runtime_Error_check__E)
                  000057d0    0000001c                  : BIOS.obj (.text:xdc_runtime_Error_raiseX__E)
                  000057ec    0000001c                  : BIOS.obj (.text:xdc_runtime_Memory_valloc__E)
                  00005808    0000001c                  : BIOS.obj (.text:xdc_runtime_SysMin_exit__E)
                  00005824    0000001c                  : BIOS.obj (.text:xdc_runtime_System_abort__E)
                  00005840    0000001a                  : m3_Hwi_asm.obj (.text:ti_sysbios_family_arm_m3_Hwi_pendSV__I)
                  0000585a    0000001a                  : BIOS.obj (.text:ti_sysbios_knl_Task_sleepTimeout__I)
                  00005874    00000018     driverlib.lib : aon_rtc.obj (.text:NOROM_AONRTCCurrentCompareValueGet)
                  0000588c    00000018                   : chipinfo.obj (.text:NOROM_ChipInfo_GetPackageType)
                  000058a4    00000018                   : osc.obj (.text:NOROM_OSCHF_TurnOnXosc)
                  000058bc    00000018                   : setup_rom.obj (.text:NOROM_SetupGetTrimForAdcShModeEn)
                  000058d4    00000018                   : setup_rom.obj (.text:NOROM_SetupGetTrimForAdcShVbufEn)
                  000058ec    00000018                   : setup_rom.obj (.text:NOROM_SetupGetTrimForAmpcompTh1)
                  00005904    00000018                   : setup_rom.obj (.text:NOROM_SetupGetTrimForDblrLoopFilterResetVoltage)
                  0000591c    00000018                   : setup_rom.obj (.text:NOROM_SetupGetTrimForRcOscLfIBiasTrim)
                  00005934    00000018                   : setup_rom.obj (.text:NOROM_SetupGetTrimForXoscLfRegulatorAndCmirrwrRatio)
                  0000594c    00000018     drivers_cc13x0.aem3 : PowerCC26XX.oem3 (.text:Power_idleFunc)
                  00005964    00000018     rtsv7M3_T_le_eabi.lib : args_main.obj (.text)
                  0000597c    00000018                           : ll_mul_t2.obj (.text)
                  00005994    00000018     hello_pem3.oem3 (.text:ti_sysbios_BIOS_rtsUnlock__I)
                  000059ac    00000018     hello_pem3.oem3 (.text:ti_sysbios_family_arm_cc26xx_Timer_Module__startupDone__F)
                  000059c4    00000018     sysbios.aem3 : BIOS.obj (.text:ti_sysbios_family_arm_cc26xx_TimestampProvider_get64__E)
                  000059dc    00000018     hello_pem3.oem3 (.text:ti_sysbios_family_arm_m3_Hwi_Module__startupDone__F)
                  000059f4    00000018     sysbios.aem3 : BIOS.obj (.text:ti_sysbios_family_arm_m3_Hwi_plug__E)
                  00005a0c    00000018     hello_pem3.oem3 (.text:ti_sysbios_gates_GateHwi_Handle__label__S)
                  00005a24    00000018     hello_pem3.oem3 (.text:ti_sysbios_gates_GateMutex_Handle__label__S)
                  00005a3c    00000018     sysbios.aem3 : BIOS.obj (.text:ti_sysbios_gates_GateMutex_leave__E)
                  00005a54    00000018     hello_pem3.oem3 (.text:ti_sysbios_heaps_HeapMem_Handle__label__S)
                  00005a6c    00000018     sysbios.aem3 : BIOS.obj (.text:ti_sysbios_knl_Swi_or__E)
                  00005a84    00000018                  : BIOS.obj (.text:ti_sysbios_knl_Task_unblock__E)
                  00005a9c    00000018     hello_pem3.oem3 (.text:ti_uia_loggers_LoggerStopMode_Handle__label__S)
                  00005ab4    00000018     sysbios.aem3 : BIOS.obj (.text:xdc_runtime_System_exit__E)
                  00005acc    00000018                  : BIOS.obj (.text:xdc_runtime_Text_ropeText__E)
                  00005ae4    00000016     driverlib.lib : chipinfo.obj (.text:NOROM_ThisLibraryIsFor_CC13x0_HwRev20AndLater_HaltIfViolated)
                  00005afa    00000016     hello_pem3.oem3 (.text:ti_sysbios_BIOS_exitFunc__I)
                  00005b10    00000016     sysbios.aem3 : BIOS.obj (.text:ti_sysbios_knl_Clock_start__E)
                  00005b26    00000016     hello.obj (.text:ti_sysbios_knl_Task_Params_init)
                  00005b3c    00000016     ti.uia.loggers.aem3 : LoggerStopMode.oem3 (.text:ti_uia_loggers_LoggerStopMode_disable__E)
                  00005b52    00000016                         : LoggerStopMode.oem3 (.text:ti_uia_loggers_LoggerStopMode_enable__E)
                  00005b68    00000014     driverlib.lib : aon_rtc.obj (.text:NOROM_AONRTCCurrent64BitValueGet)
                  00005b7c    00000014     drivers_cc13x0.aem3 : PowerCC26XX.oem3 (.text:configureRFCoreClocks)
                  00005b90    00000014     rtsv7M3_T_le_eabi.lib : _lock.obj (.text)
                  00005ba4    00000014     hello_pem3.oem3 (.text:ti_sysbios_family_arm_m3_Hwi_Object__get__S)
                  00005bb8    00000014     sysbios.aem3 : BIOS.obj (.text:ti_sysbios_family_arm_m3_Hwi_switchFromBootStack__E)
                  00005bcc    00000014     hello_pem3.oem3 (.text:ti_sysbios_heaps_HeapMem_Object__get__S)
                  00005be0    00000014     hello_pem3.oem3 (.text:ti_sysbios_knl_Clock_doTick__I)
                  00005bf4    00000014     hello_pem3.oem3 (.text:ti_sysbios_knl_Swi_Object__get__S)
                  00005c08    00000012     dpl_cc13x0.aem3 : SemaphoreP_tirtos.oem3 (.text:SemaphoreP_pend)
                  00005c1a    00000012     sysbios.aem3 : BIOS.obj (.text:ti_sysbios_hal_Hwi_Module_startup__E)
                  00005c2c    00000012     hello_pem3.oem3 (.text:xdc_runtime_Startup_exec__I)
                  00005c3e    00000010     dpl_cc13x0.aem3 : HwiP_tirtos.oem3 (.text:HwiP_Params_init)
                  00005c4e    00000002     ti.uia.loggers.aem3 : LoggerStopMode.oem3 (.text:ti_uia_loggers_LoggerStopMode_setPriority__E)
                  00005c50    00000010     driverlib.lib : setup_rom.obj (.text:NOROM_SetupGetTrimForXoscHfFastStart)
                  00005c60    00000010                   : setup_rom.obj (.text:NOROM_SetupGetTrimForXoscHfIbiastherm)
                  00005c70    00000010     drivers_cc13x0.aem3 : PINCC26XX.oem3 (.text:PINCC26XX_getPinCount)
                  00005c80    00000010     dpl_cc13x0.aem3 : SwiP_tirtos.oem3 (.text:SwiP_Params_init)
                  00005c90    00000010     sysbios.aem3 : BIOS.obj (.text:ti_sysbios_BIOS_exit__E)
                  00005ca0    00000010                  : BIOS.obj (.text:ti_sysbios_BIOS_setThreadType__E)
                  00005cb0    00000010                  : BIOS.obj (.text:ti_sysbios_BIOS_start__E)
                  00005cc0    00000010                  : m3_TaskSupport_asm.obj (.text:ti_sysbios_family_arm_m3_TaskSupport_glue)
                  00005cd0    00000010                  : m3_TaskSupport_asm.obj (.text:ti_sysbios_family_arm_m3_TaskSupport_swap__E)
                  00005ce0    00000010                  : BIOS.obj (.text:ti_sysbios_gates_GateMutex_Instance_finalize__E)
                  00005cf0    00000010                  : BIOS.obj (.text:ti_sysbios_knl_Semaphore_Instance_finalize__E)
                  00005d00    00000010                  : BIOS.obj (.text:ti_sysbios_knl_Swi_disable__E)
                  00005d10    00000010                  : BIOS.obj (.text:ti_sysbios_knl_Swi_enabled__E)
                  00005d20    00000010     hello_pem3.oem3 (.text:ti_sysbios_knl_Task_Object__get__S)
                  00005d30    00000010     sysbios.aem3 : BIOS.obj (.text:ti_sysbios_knl_Task_disable__E)
                  00005d40    00000010     hello_pem3.oem3 (.text:ti_uia_loggers_LoggerStopMode_Object__get__S)
                  00005d50    00000010     ti.uia.loggers.aem3 : LoggerStopMode.oem3 (.text:ti_uia_loggers_LoggerStopMode_isEmpty__E)
                  00005d60    00000010     sysbios.aem3 : BIOS.obj (.text:xdc_runtime_Gate_leaveSystem__E)
                  00005d70    00000010                  : BIOS.obj (.text:xdc_runtime_Memory_free__E)
                  00005d80    0000000e     driverlib.lib : vims.obj (.text:NOROM_VIMSModeGet)
                  00005d8e    0000000e     rtsv7M3_T_le_eabi.lib : copy_decompress_none.obj (.text:decompress:none)
                  00005d9c    0000000e     sysbios.aem3 : BIOS.obj (.text:ti_sysbios_heaps_HeapMem_restore__E)
                  00005daa    0000000e                  : BIOS.obj (.text:ti_sysbios_knl_Queue_empty__E)
                  00005db8    0000000e                  : BIOS.obj (.text:ti_sysbios_knl_Queue_remove__E)
                  00005dc6    0000000c     driverlib.lib : cpu.obj (.text:NOROM_CPUcpsid)
                  00005dd2    0000000c                   : cpu.obj (.text:NOROM_CPUcpsie)
                  00005dde    0000000c                   : osc.obj (.text:NOROM_OSC_HPOSCRelativeFrequencyOffsetToRFCoreFormatConvert)
                  00005dea    0000000c     drivers_cc13x0.aem3 : PINCC26XX.oem3 (.text:PIN_registerIntCb)
                  00005df6    00000002     sysbios.aem3 : BIOS.obj (.text:xdc_runtime_Error_policySpin__E)
                  00005df8    0000000c     drivers_cc13x0.aem3 : PowerCC26XX.oem3 (.text:Power_getConstraintMask)
                  00005e04    0000000c                         : PowerCC26XX.oem3 (.text:Power_getDependencyCount)
                  00005e10    0000000c     dpl_cc13x0.aem3 : SemaphoreP_tirtos.oem3 (.text:SemaphoreP_delete)
                  00005e1c    0000000c     rtsv7M3_T_le_eabi.lib : copy_zero_init.obj (.text:decompress:ZI)
                  00005e28    0000000c     hello_pem3.oem3 (.text:ti_sysbios_family_arm_m3_Hwi_Params__init__S)
                  00005e34    0000000c     sysbios.aem3 : BIOS.obj (.text:ti_sysbios_family_arm_m3_Hwi_disableFxn__E)
                  00005e40    0000000c                  : BIOS.obj (.text:ti_sysbios_family_arm_m3_TaskSupport_getStackAlignment__E)
                  00005e4c    0000000c                  : BIOS.obj (.text:ti_sysbios_gates_GateHwi_enter__E)
                  00005e58    0000000c     hello_pem3.oem3 (.text:ti_sysbios_knl_Clock_Params__init__S)
                  00005e64    0000000c     sysbios.aem3 : BIOS.obj (.text:ti_sysbios_knl_Clock_getTimerHandle__E)
                  00005e70    0000000c     hello_pem3.oem3 (.text:ti_sysbios_knl_Queue_Object__get__S)
                  00005e7c    0000000c     sysbios.aem3 : BIOS.obj (.text:ti_sysbios_knl_Queue_dequeue__E)
                  00005e88    0000000c                  : BIOS.obj (.text:ti_sysbios_knl_Queue_enqueue__E)
                  00005e94    0000000c     hello_pem3.oem3 (.text:ti_sysbios_knl_Semaphore_Params__init__S)
                  00005ea0    0000000c     hello_pem3.oem3 (.text:ti_sysbios_knl_Swi_Params__init__S)
                  00005eac    0000000c     sysbios.aem3 : BIOS.obj (.text:ti_sysbios_knl_Swi_getTrigger__E)
                  00005eb8    0000000c     hello_pem3.oem3 (.text:ti_sysbios_knl_Task_Params__init__S)
                  00005ec4    0000000c     sysbios.aem3 : BIOS.obj (.text:ti_sysbios_knl_Task_self__E)
                  00005ed0    0000000c                  : BIOS.obj (.text:xdc_runtime_Gate_enterSystem__E)
                  00005edc    0000000c                  : BIOS.obj (.text:xdc_runtime_Memory_calloc__E)
                  00005ee8    0000000c                  : BIOS.obj (.text:xdc_runtime_Memory_getMaxDefaultTypeAlign__E)
                  00005ef4    0000000c                  : BIOS.obj (.text:xdc_runtime_Startup_rtsDone__E)
                  00005f00    0000000a     dpl_cc13x0.aem3 : ClockP_tirtos.oem3 (.text:ClockP_Params_init)
                  00005f0a    0000000a     hello_pem3.oem3 (.text:xdc_runtime_IHeap_alloc)
                  00005f14    0000000a     hello_pem3.oem3 (.text:xdc_runtime_IHeap_free)
                  00005f1e    00000008     CC1350_LAUNCHXL_fxns.obj (.text:Board_initHook)
                  00005f26    00000008     sysbios.aem3 : BIOS.obj (.text:ti_sysbios_family_arm_m3_Hwi_doSwiRestore__I)
                  00005f2e    00000008                  : BIOS.obj (.text:ti_sysbios_family_arm_m3_Hwi_startup__E)
                  00005f36    00000008                  : BIOS.obj (.text:ti_sysbios_knl_Idle_loop__E)
                  00005f3e    00000006     driverlib.lib : cpu.obj (.text:NOROM_CPUdelay)
                  00005f44    00000006     hello.obj (.text:myDelay)
                  00005f4a    00000006     sysbios.aem3 : BIOS.obj (.text:ti_sysbios_family_arm_m3_Hwi_doTaskRestore__I)
                  00005f50    00000006                  : BIOS.obj (.text:ti_sysbios_family_arm_m3_Hwi_restoreFxn__E)
                  00005f56    00000006                  : BIOS.obj (.text:ti_sysbios_gates_GateHwi_leave__E)
                  00005f5c    00000006                  : BIOS.obj (.text:ti_sysbios_heaps_HeapMem_isBlocking__E)
                  00005f62    00000006                  : BIOS.obj (.text:ti_sysbios_knl_Queue_Instance_init__E)
                  00005f68    00000006                  : BIOS.obj (.text:ti_sysbios_knl_Queue_elemClear__E)
                  00005f6e    00000006                  : BIOS.obj (.text:ti_sysbios_knl_Swi_startup__E)
                  00005f74    00000006                  : BIOS.obj (.text:xdc_runtime_System_Module_startup__E)
                  00005f7a    00000004     dpl_cc13x0.aem3 : PowerCC26XX_tirtos.oem3 (.text:CPUwfi)
                  00005f7e    00000004                     : ClockP_tirtos.oem3 (.text:ClockP_setTimeout)
                  00005f82    00000004                     : ClockP_tirtos.oem3 (.text:ClockP_start)
                  00005f86    00000004                     : ClockP_tirtos.oem3 (.text:ClockP_stop)
                  00005f8a    00000004                     : HwiP_tirtos.oem3 (.text:HwiP_disable)
                  00005f8e    00000004                     : SemaphoreP_tirtos.oem3 (.text:SemaphoreP_post)
                  00005f92    00000004                     : SwiP_tirtos.oem3 (.text:SwiP_disable)
                  00005f96    00000004                     : SwiP_tirtos.oem3 (.text:SwiP_getTrigger)
                  00005f9a    00000004                     : SwiP_tirtos.oem3 (.text:SwiP_or)
                  00005f9e    00000004     drivers_cc13x0.aem3 : PowerCC26XX.oem3 (.text:nopResourceHandler)
                  00005fa2    00000004     hello_pem3.oem3 (.text:ti_sysbios_BIOS_RtsGateProxy_enter__E)
                  00005fa6    00000004     hello_pem3.oem3 (.text:ti_sysbios_BIOS_RtsGateProxy_leave__E)
                  00005faa    00000004     sysbios.aem3 : BIOS.obj (.text:ti_sysbios_family_arm_cc26xx_Timer_getCount64__E)
                  00005fae    00000004                  : BIOS.obj (.text:ti_sysbios_family_arm_cc26xx_Timer_setPeriod__E)
                  00005fb2    00000004     hello_pem3.oem3 (.text:ti_sysbios_family_arm_m3_TaskSupport_Module__startupDone__S)
                  00005fb6    00000004     sysbios.aem3 : BIOS.obj (.text:ti_sysbios_gates_GateHwi_query__E)
                  00005fba    00000004                  : BIOS.obj (.text:ti_sysbios_gates_GateMutex_query__E)
                  00005fbe    00000004     hello_pem3.oem3 (.text:ti_sysbios_heaps_HeapMem_Module_GateProxy_enter__E)
                  00005fc2    00000004     hello_pem3.oem3 (.text:ti_sysbios_heaps_HeapMem_Module_GateProxy_leave__E)
                  00005fc6    00000004     hello_pem3.oem3 (.text:ti_sysbios_knl_Clock_TimerProxy_getCurrentTick__E)
                  00005fca    00000004     hello_pem3.oem3 (.text:ti_sysbios_knl_Clock_TimerProxy_getMaxTicks__E)
                  00005fce    00000004     hello_pem3.oem3 (.text:ti_sysbios_knl_Clock_TimerProxy_setNextTick__E)
                  00005fd2    00000004     sysbios.aem3 : BIOS.obj (.text:ti_sysbios_knl_Clock_removeI__E)
                  00005fd6    00000004                  : BIOS.obj (.text:ti_sysbios_knl_Clock_setTimeout__E)
                  00005fda    00000004                  : BIOS.obj (.text:ti_sysbios_knl_Queue_head__E)
                  00005fde    00000004                  : BIOS.obj (.text:ti_sysbios_knl_Queue_next__E)
                  00005fe2    00000004     hello_pem3.oem3 (.text:ti_sysbios_knl_Semaphore_delete)
                  00005fe6    00000004     sysbios.aem3 : BIOS.obj (.text:ti_sysbios_knl_Swi_postInit__I)
                  00005fea    00000004                  : BIOS.obj (.text:ti_sysbios_knl_Task_startup__E)
                  00005fee    00000004     ti.uia.loggers.aem3 : LoggerStopMode.oem3 (.text:ti_uia_loggers_LoggerStopMode_getContents__E)
                  00005ff2    00000004     hello_pem3.oem3 (.text:ti_uia_loggers_LoggerStopMode_getFilterLevel__E)
                  00005ff6    00000004     ti.uia.loggers.aem3 : LoggerStopMode.oem3 (.text:ti_uia_loggers_LoggerStopMode_getInstanceId__E)
                  00005ffa    00000004                         : LoggerStopMode.oem3 (.text:ti_uia_loggers_LoggerStopMode_getMaxLength__E)
                  00005ffe    00000004                         : LoggerStopMode.oem3 (.text:ti_uia_loggers_LoggerStopMode_getPriority__E)
                  00006002    00000004                         : LoggerStopMode.oem3 (.text:ti_uia_loggers_LoggerStopMode_getTransferType__E)
                  00006006    00000004     hello_pem3.oem3 (.text:xdc_runtime_System_Module_GateProxy_enter__E)
                  0000600a    00000004     hello_pem3.oem3 (.text:xdc_runtime_System_Module_GateProxy_leave__E)
                  0000600e    00000002     sysbios.aem3 : BIOS.obj (.text:xdc_runtime_System_abortSpin__E)
                  00006010    00000002                  : BIOS.obj (.text:xdc_runtime_System_exitSpin__E)

.const     0    00006014    00000702     
                  00006014    00000060     hello_pem3.oem3 (.const:ti_uia_loggers_LoggerStopMode_Module__FXNS__C)
                  00006074    0000004c     drivers_cc13x0.aem3 : PowerCC26XX.oem3 (.const:resourceDB)
                  000060c0    00000048     hello_pem3.oem3 (.const:.string)
                  00006108    00000040     drivers_cc13x0.aem3 : GPIOCC26XX.oem3 (.const:$O2$$)
                  00006148    0000003c     hello_pem3.oem3 (.const:ti_sysbios_knl_Task_Object__PARAMS__C)
                  00006184    00000034     CC1350_LAUNCHXL.obj (.const:BoardGpioInitTable)
                  000061b8    00000030     hello_pem3.oem3 (.const:ti_sysbios_family_arm_m3_Hwi_Object__PARAMS__C)
                  000061e8    00000028     hello_pem3.oem3 (.const:ti_sysbios_heaps_HeapMem_Module__FXNS__C)
                  00006210    00000028     hello_pem3.oem3 (.const:ti_sysbios_knl_Swi_Object__PARAMS__C)
                  00006238    00000028     hello_pem3.oem3 (.const:ti_uia_loggers_LoggerStopMode_Object__PARAMS__C)
                  00006260    00000028     hello_pem3.oem3 (.const:xdc_runtime_Startup_sfxnTab__A)
                  00006288    00000024     hello_pem3.oem3 (.const:ti_sysbios_gates_GateHwi_Module__FXNS__C)
                  000062ac    00000024     hello_pem3.oem3 (.const:ti_sysbios_gates_GateMutex_Module__FXNS__C)
                  000062d0    00000024     hello_pem3.oem3 (.const:ti_sysbios_heaps_HeapMem_Object__PARAMS__C)
                  000062f4    00000024     hello_pem3.oem3 (.const:ti_sysbios_knl_Clock_Object__PARAMS__C)
                  00006318    00000024     hello_pem3.oem3 (.const:ti_sysbios_knl_Semaphore_Object__PARAMS__C)
                  0000633c    00000020     hello_pem3.oem3 (.const:ti_sysbios_family_arm_m3_Hwi_Object__DESC__C)
                  0000635c    00000020     hello_pem3.oem3 (.const:ti_sysbios_gates_GateHwi_Object__DESC__C)
                  0000637c    00000020     hello_pem3.oem3 (.const:ti_sysbios_gates_GateMutex_Object__DESC__C)
                  0000639c    00000020     hello_pem3.oem3 (.const:ti_sysbios_heaps_HeapMem_Object__DESC__C)
                  000063bc    00000020     hello_pem3.oem3 (.const:ti_sysbios_knl_Clock_Object__DESC__C)
                  000063dc    00000020     hello_pem3.oem3 (.const:ti_sysbios_knl_Queue_Object__DESC__C)
                  000063fc    00000020     hello_pem3.oem3 (.const:ti_sysbios_knl_Semaphore_Object__DESC__C)
                  0000641c    00000020     hello_pem3.oem3 (.const:ti_sysbios_knl_Swi_Object__DESC__C)
                  0000643c    00000020     hello_pem3.oem3 (.const:ti_sysbios_knl_Task_Object__DESC__C)
                  0000645c    00000020     hello_pem3.oem3 (.const:ti_uia_loggers_LoggerStopMode_Object__DESC__C)
                  0000647c    00000018     CC1350_LAUNCHXL.obj (.const:PowerCC26XX_config)
                  00006494    00000018     hello_pem3.oem3 (.const:ti_sysbios_gates_GateHwi_Object__PARAMS__C)
                  000064ac    00000018     hello_pem3.oem3 (.const:ti_sysbios_gates_GateMutex_Object__PARAMS__C)
                  000064c4    00000018     hello_pem3.oem3 (.const:ti_sysbios_knl_Queue_Object__PARAMS__C)
                  000064dc    00000014     CC1350_LAUNCHXL_fxns.obj (.const:$P$T1$2)
                  000064f0    00000014     CC1350_LAUNCHXL.obj (.const:GPIOCC26XX_config)
                  00006504    00000014     hello_pem3.oem3 (.const:xdc_runtime_Startup_sfxnRts__A)
                  00006518    0000000c     hello_pem3.oem3 (.const:xdc_runtime_Startup_firstFxns__A)
                  00006524    00000008     CC1350_LAUNCHXL_fxns.obj (.const:$P$T0$1)
                  0000652c    00000008     CC1350_LAUNCHXL.obj (.const:PINCC26XX_hwAttrs)
                  00006534    00000008     hello_pem3.oem3 (.const:ti_sysbios_knl_Idle_funcList__C)
                  0000653c    00000008     hello_pem3.oem3 (.const:xdc_runtime_Startup_firstFxns__C)
                  00006544    00000008     hello_pem3.oem3 (.const:xdc_runtime_Startup_lastFxns__C)
                  0000654c    00000004     hello_pem3.oem3 (.const:ti_sysbios_family_arm_cc26xx_Timer_funcHookCH1__C)
                  00006550    00000004     hello_pem3.oem3 (.const:ti_sysbios_family_arm_cc26xx_Timer_funcHookCH2__C)
                  00006554    00000004     hello_pem3.oem3 (.const:ti_sysbios_family_arm_cc26xx_Timer_startupNeeded__C)
                  00006558    00000004     hello_pem3.oem3 (.const:ti_sysbios_family_arm_m3_Hwi_E_alreadyDefined__C)
                  0000655c    00000004     hello_pem3.oem3 (.const:ti_sysbios_family_arm_m3_Hwi_LD_end__C)
                  00006560    00000004     hello_pem3.oem3 (.const:ti_sysbios_family_arm_m3_Hwi_LM_begin__C)
                  00006564    00000004     hello_pem3.oem3 (.const:ti_sysbios_family_arm_m3_Hwi_Module__diagsEnabled__C)
                  00006568    00000004     hello_pem3.oem3 (.const:ti_sysbios_family_arm_m3_Hwi_Module__diagsIncluded__C)
                  0000656c    00000004     hello_pem3.oem3 (.const:ti_sysbios_family_arm_m3_Hwi_Module__diagsMask__C)
                  00006570    00000004     hello_pem3.oem3 (.const:ti_sysbios_family_arm_m3_Hwi_Module__loggerFxn1__C)
                  00006574    00000004     hello_pem3.oem3 (.const:ti_sysbios_family_arm_m3_Hwi_Module__loggerFxn8__C)
                  00006578    00000004     hello_pem3.oem3 (.const:ti_sysbios_family_arm_m3_Hwi_Module__loggerObj__C)
                  0000657c    00000004     hello_pem3.oem3 (.const:ti_sysbios_family_arm_m3_Hwi_NUM_INTERRUPTS__C)
                  00006580    00000004     hello_pem3.oem3 (.const:ti_sysbios_family_arm_m3_Hwi_Object__count__C)
                  00006584    00000004     hello_pem3.oem3 (.const:ti_sysbios_family_arm_m3_Hwi_ccr__C)
                  00006588    00000004     hello_pem3.oem3 (.const:ti_sysbios_family_arm_m3_Hwi_excHandlerFunc__C)
                  0000658c    00000004     hello_pem3.oem3 (.const:ti_sysbios_family_arm_m3_Hwi_nullIsrFunc__C)
                  00006590    00000004     hello_pem3.oem3 (.const:ti_sysbios_family_arm_m3_Hwi_priGroup__C)
                  00006594    00000004     hello_pem3.oem3 (.const:ti_sysbios_family_arm_m3_Hwi_swiDisable__C)
                  00006598    00000004     hello_pem3.oem3 (.const:ti_sysbios_family_arm_m3_Hwi_swiRestoreHwi__C)
                  0000659c    00000004     hello_pem3.oem3 (.const:ti_sysbios_family_arm_m3_TaskSupport_stackAlignment__C)
                  000065a0    00000004     hello_pem3.oem3 (.const:ti_sysbios_gates_GateMutex_Instance_State_sem__O)
                  000065a4    00000004     hello_pem3.oem3 (.const:ti_sysbios_heaps_HeapMem_E_memory__C)
                  000065a8    00000004     hello_pem3.oem3 (.const:ti_sysbios_heaps_HeapMem_Module__gateObj__C)
                  000065ac    00000004     hello_pem3.oem3 (.const:ti_sysbios_heaps_HeapMem_Object__count__C)
                  000065b0    00000004     hello_pem3.oem3 (.const:ti_sysbios_heaps_HeapMem_primaryHeapBaseAddr__C)
                  000065b4    00000004     hello_pem3.oem3 (.const:ti_sysbios_heaps_HeapMem_primaryHeapEndAddr__C)
                  000065b8    00000004     hello_pem3.oem3 (.const:ti_sysbios_heaps_HeapMem_reqAlign__C)
                  000065bc    00000004     hello_pem3.oem3 (.const:ti_sysbios_knl_Clock_LM_begin__C)
                  000065c0    00000004     hello_pem3.oem3 (.const:ti_sysbios_knl_Clock_LM_tick__C)
                  000065c4    00000004     hello_pem3.oem3 (.const:ti_sysbios_knl_Clock_Module_State_clockQ__O)
                  000065c8    00000004     hello_pem3.oem3 (.const:ti_sysbios_knl_Clock_Module__diagsEnabled__C)
                  000065cc    00000004     hello_pem3.oem3 (.const:ti_sysbios_knl_Clock_Module__diagsIncluded__C)
                  000065d0    00000004     hello_pem3.oem3 (.const:ti_sysbios_knl_Clock_Module__diagsMask__C)
                  000065d4    00000004     hello_pem3.oem3 (.const:ti_sysbios_knl_Clock_Module__loggerFxn1__C)
                  000065d8    00000004     hello_pem3.oem3 (.const:ti_sysbios_knl_Clock_Module__loggerFxn2__C)
                  000065dc    00000004     hello_pem3.oem3 (.const:ti_sysbios_knl_Clock_Module__loggerObj__C)
                  000065e0    00000004     hello_pem3.oem3 (.const:ti_sysbios_knl_Clock_tickPeriod__C)
                  000065e4    00000004     hello_pem3.oem3 (.const:ti_sysbios_knl_Clock_triggerClock__C)
                  000065e8    00000004     hello_pem3.oem3 (.const:ti_sysbios_knl_Idle_funcList__A)
                  000065ec    00000004     hello_pem3.oem3 (.const:ti_sysbios_knl_Semaphore_Instance_State_pendQ__O)
                  000065f0    00000004     hello_pem3.oem3 (.const:ti_sysbios_knl_Semaphore_LM_pend__C)
                  000065f4    00000004     hello_pem3.oem3 (.const:ti_sysbios_knl_Semaphore_LM_post__C)
                  000065f8    00000004     hello_pem3.oem3 (.const:ti_sysbios_knl_Semaphore_Module__diagsEnabled__C)
                  000065fc    00000004     hello_pem3.oem3 (.const:ti_sysbios_knl_Semaphore_Module__diagsIncluded__C)
                  00006600    00000004     hello_pem3.oem3 (.const:ti_sysbios_knl_Semaphore_Module__diagsMask__C)
                  00006604    00000004     hello_pem3.oem3 (.const:ti_sysbios_knl_Semaphore_Module__loggerFxn2__C)
                  00006608    00000004     hello_pem3.oem3 (.const:ti_sysbios_knl_Semaphore_Module__loggerFxn4__C)
                  0000660c    00000004     hello_pem3.oem3 (.const:ti_sysbios_knl_Semaphore_Module__loggerObj__C)
                  00006610    00000004     hello_pem3.oem3 (.const:ti_sysbios_knl_Swi_LD_end__C)
                  00006614    00000004     hello_pem3.oem3 (.const:ti_sysbios_knl_Swi_LM_begin__C)
                  00006618    00000004     hello_pem3.oem3 (.const:ti_sysbios_knl_Swi_LM_post__C)
                  0000661c    00000004     hello_pem3.oem3 (.const:ti_sysbios_knl_Swi_Module__diagsEnabled__C)
                  00006620    00000004     hello_pem3.oem3 (.const:ti_sysbios_knl_Swi_Module__diagsIncluded__C)
                  00006624    00000004     hello_pem3.oem3 (.const:ti_sysbios_knl_Swi_Module__diagsMask__C)
                  00006628    00000004     hello_pem3.oem3 (.const:ti_sysbios_knl_Swi_Module__loggerFxn1__C)
                  0000662c    00000004     hello_pem3.oem3 (.const:ti_sysbios_knl_Swi_Module__loggerFxn4__C)
                  00006630    00000004     hello_pem3.oem3 (.const:ti_sysbios_knl_Swi_Module__loggerObj__C)
                  00006634    00000004     hello_pem3.oem3 (.const:ti_sysbios_knl_Swi_Object__count__C)
                  00006638    00000004     hello_pem3.oem3 (.const:ti_sysbios_knl_Task_LD_block__C)
                  0000663c    00000004     hello_pem3.oem3 (.const:ti_sysbios_knl_Task_LD_exit__C)
                  00006640    00000004     hello_pem3.oem3 (.const:ti_sysbios_knl_Task_LD_ready__C)
                  00006644    00000004     hello_pem3.oem3 (.const:ti_sysbios_knl_Task_LM_sleep__C)
                  00006648    00000004     hello_pem3.oem3 (.const:ti_sysbios_knl_Task_LM_switch__C)
                  0000664c    00000004     hello_pem3.oem3 (.const:ti_sysbios_knl_Task_Module_State_inactiveQ__O)
                  00006650    00000004     hello_pem3.oem3 (.const:ti_sysbios_knl_Task_Module__diagsEnabled__C)
                  00006654    00000004     hello_pem3.oem3 (.const:ti_sysbios_knl_Task_Module__diagsIncluded__C)
                  00006658    00000004     hello_pem3.oem3 (.const:ti_sysbios_knl_Task_Module__diagsMask__C)
                  0000665c    00000004     hello_pem3.oem3 (.const:ti_sysbios_knl_Task_Module__loggerFxn2__C)
                  00006660    00000004     hello_pem3.oem3 (.const:ti_sysbios_knl_Task_Module__loggerFxn4__C)
                  00006664    00000004     hello_pem3.oem3 (.const:ti_sysbios_knl_Task_Module__loggerObj__C)
                  00006668    00000004     hello_pem3.oem3 (.const:ti_sysbios_knl_Task_Object__count__C)
                  0000666c    00000004     hello_pem3.oem3 (.const:ti_sysbios_knl_Task_allBlockedFunc__C)
                  00006670    00000004     hello_pem3.oem3 (.const:ti_sysbios_knl_Task_defaultStackHeap__C)
                  00006674    00000004     hello_pem3.oem3 (.const:ti_sysbios_knl_Task_defaultStackSize__C)
                  00006678    00000004     hello_pem3.oem3 (.const:ti_sysbios_knl_Task_numConstructedTasks__C)
                  0000667c    00000004     hello_pem3.oem3 (.const:ti_uia_loggers_LoggerStopMode_Module__diagsEnabled__C)
                  00006680    00000004     hello_pem3.oem3 (.const:ti_uia_loggers_LoggerStopMode_Module__diagsIncluded__C)
                  00006684    00000004     hello_pem3.oem3 (.const:ti_uia_loggers_LoggerStopMode_Module__diagsMask__C)
                  00006688    00000004     hello_pem3.oem3 (.const:ti_uia_loggers_LoggerStopMode_Object__count__C)
                  0000668c    00000004     hello_pem3.oem3 (.const:ti_uia_runtime_ILoggerSnapshot_Interface__BASE__C)
                  00006690    00000004     hello_pem3.oem3 (.const:ti_uia_runtime_IUIATransfer_Interface__BASE__C)
                  00006694    00000004     hello_pem3.oem3 (.const:xdc_runtime_Assert_E_assertFailed__C)
                  00006698    00000004     hello_pem3.oem3 (.const:xdc_runtime_Error_E_memory__C)
                  0000669c    00000004     hello_pem3.oem3 (.const:xdc_runtime_Error_policyFxn__C)
                  000066a0    00000004     hello_pem3.oem3 (.const:xdc_runtime_IFilterLogger_Interface__BASE__C)
                  000066a4    00000004     hello_pem3.oem3 (.const:xdc_runtime_IGateProvider_Interface__BASE__C)
                  000066a8    00000004     hello_pem3.oem3 (.const:xdc_runtime_IHeap_Interface__BASE__C)
                  000066ac    00000004     hello_pem3.oem3 (.const:xdc_runtime_ILogger_Interface__BASE__C)
                  000066b0    00000004     hello_pem3.oem3 (.const:xdc_runtime_IModule_Interface__BASE__C)
                  000066b4    00000004     hello_pem3.oem3 (.const:xdc_runtime_Memory_defaultHeapInstance__C)
                  000066b8    00000004     hello_pem3.oem3 (.const:xdc_runtime_Startup_execImpl__C)
                  000066bc    00000004     hello_pem3.oem3 (.const:xdc_runtime_Startup_maxPasses__C)
                  000066c0    00000004     hello_pem3.oem3 (.const:xdc_runtime_Startup_sfxnRts__C)
                  000066c4    00000004     hello_pem3.oem3 (.const:xdc_runtime_Startup_sfxnTab__C)
                  000066c8    00000004     hello_pem3.oem3 (.const:xdc_runtime_SysMin_bufSize__C)
                  000066cc    00000004     hello_pem3.oem3 (.const:xdc_runtime_SysMin_outputFunc__C)
                  000066d0    00000004     hello_pem3.oem3 (.const:xdc_runtime_System_Module__gateObj__C)
                  000066d4    00000004     hello_pem3.oem3 (.const:xdc_runtime_System_abortFxn__C)
                  000066d8    00000004     hello_pem3.oem3 (.const:xdc_runtime_System_exitFxn__C)
                  000066dc    00000004     hello_pem3.oem3 (.const:xdc_runtime_System_maxAtexitHandlers__C)
                  000066e0    00000004     hello_pem3.oem3 (.const:xdc_runtime_Text_charTab__C)
                  000066e4    00000004     hello_pem3.oem3 (.const:xdc_runtime_Text_nameEmpty__C)
                  000066e8    00000004     hello_pem3.oem3 (.const:xdc_runtime_Text_nameStatic__C)
                  000066ec    00000004     hello_pem3.oem3 (.const:xdc_runtime_Text_nameUnknown__C)
                  000066f0    00000002     hello_pem3.oem3 (.const:ti_sysbios_family_arm_cc26xx_TimestampProvider_useClockTimer__C)
                  000066f2    00000002     hello_pem3.oem3 (.const:ti_sysbios_family_arm_m3_Hwi_Module__id__C)
                  000066f4    00000002     hello_pem3.oem3 (.const:ti_sysbios_family_arm_m3_Hwi_Module__loggerDefined__C)
                  000066f6    00000002     hello_pem3.oem3 (.const:ti_sysbios_heaps_HeapMem_Module__id__C)
                  000066f8    00000002     hello_pem3.oem3 (.const:ti_sysbios_knl_Clock_Module__id__C)
                  000066fa    00000002     hello_pem3.oem3 (.const:ti_sysbios_knl_Clock_Module__loggerDefined__C)
                  000066fc    00000002     hello_pem3.oem3 (.const:ti_sysbios_knl_Semaphore_Module__id__C)
                  000066fe    00000002     hello_pem3.oem3 (.const:ti_sysbios_knl_Semaphore_Module__loggerDefined__C)
                  00006700    00000002     hello_pem3.oem3 (.const:ti_sysbios_knl_Swi_Module__id__C)
                  00006702    00000002     hello_pem3.oem3 (.const:ti_sysbios_knl_Swi_Module__loggerDefined__C)
                  00006704    00000002     hello_pem3.oem3 (.const:ti_sysbios_knl_Task_Module__id__C)
                  00006706    00000002     hello_pem3.oem3 (.const:ti_sysbios_knl_Task_Module__loggerDefined__C)
                  00006708    00000002     hello_pem3.oem3 (.const:ti_uia_loggers_LoggerStopMode_Module__id__C)
                  0000670a    00000002     hello_pem3.oem3 (.const:ti_uia_loggers_LoggerStopMode_isTimestampEnabled__C)
                  0000670c    00000002     hello_pem3.oem3 (.const:xdc_runtime_Memory_Module__id__C)
                  0000670e    00000002     hello_pem3.oem3 (.const:xdc_runtime_SysMin_flushAtExit__C)
                  00006710    00000002     hello_pem3.oem3 (.const:xdc_runtime_Text_charCnt__C)
                  00006712    00000002     hello_pem3.oem3 (.const:xdc_runtime_Text_isLoaded__C)
                  00006714    00000001     hello_pem3.oem3 (.const:xdc_runtime_Error_policy__C)
                  00006715    00000001     hello_pem3.oem3 (.const:xdc_runtime_Text_charTab__A)

.cinit     0    00006718    000001d8     
                  00006718    000001b0     (.cinit..data.load) [load image, compression = lzss]
                  000068c8    0000000c     (__TI_handler_table)
                  000068d4    00000004     --HOLE-- [fill = 0]
                  000068d8    00000008     (.cinit..bss.load) [load image, compression = zero_init]
                  000068e0    00000010     (__TI_cinit_table)

.init_array 
*          0    00000000    00000000     UNINITIALIZED

.ccfg      0    0001ffa8    00000058     
                  0001ffa8    00000058     ccfg.obj (.ccfg:retain)

.vecs      0    20000000    000000c8     NOLOAD SECTION
                  20000000    000000c8     hello_pem3.oem3 (.vecs)

.bss       0    20000100    000017b0     UNINITIALIZED
                  20000100    00000400     hello.obj (.bss:urgentWorkTaskStack)
                  20000500    00000400     hello.obj (.bss:workTaskStack)
                  20000900    00000400     (.common:ti_uia_loggers_LoggerStopMode_Instance_State_0_packetArray__A)
                  20000d00    00000400     (.common:ti_uia_loggers_LoggerStopMode_Instance_State_1_packetArray__A)
                  20001100    00000200     hello_pem3.oem3 (.bss:taskStackSection)
                  20001300    00000200     (.common:xdc_runtime_SysMin_Module_State_0_outbuf__A)
                  20001500    00000120     rtsv7M3_T_le_eabi.lib : trgmsg.obj (.bss:_CIOBUF_)
                  20001620    000000c8     (.common:ti_sysbios_family_arm_m3_Hwi_dispatchTable)
                  200016e8    00000050     (.common:urgentWorkTask)
                  20001738    00000050     (.common:workTask)
                  20001788    00000014     driverlib.lib : osc.obj (.bss:oscHfGlobals)
                  2000179c    00000008     dpl_cc13x0.aem3 : PowerCC26XX_tirtos.oem3 (.bss:$O1$$)
                  200017a4    00000008     driverlib.lib : sys_ctrl.obj (.bss:powerQualGlobals)
                  200017ac    00000008     (.common:parmbuf)
                  200017b4    00000004     (.common:ClockP_tickPeriod)
                  200017b8    00000001     (.common:driverlib_release_0_52354)
                  200017b9    00000047     --HOLE--
                  20001800    00000030     (.common:ti_uia_loggers_LoggerStopMode_Instance_State_0_hdr__A)
                  20001830    00000050     --HOLE--
                  20001880    00000030     (.common:ti_uia_loggers_LoggerStopMode_Instance_State_1_hdr__A)

.priheap   0    200018b0    00001000     UNINITIALIZED
                  200018b0    00001000     --HOLE--

.data      0    200028b0    0000067a     UNINITIALIZED
                  200028b0    00000114     drivers_cc13x0.aem3 : PINCC26XX.oem3 (.data:$O1$$)
                  200029c4    00000114                         : PowerCC26XX.oem3 (.data:PowerCC26XX_module)
                  20002ad8    00000068     hello_pem3.oem3 (.data:ti_uia_loggers_LoggerStopMode_Object__table__V)
                  20002b40    00000054     drivers_cc13x0.aem3 : GPIOCC26XX.oem3 (.data:$O1$$)
                  20002b94    0000004c     hello_pem3.oem3 (.data:ti_sysbios_knl_Task_Object__table__V)
                  20002be0    00000048     hello_pem3.oem3 (.data:ti_sysbios_family_arm_cc26xx_Timer_Object__table__V)
                  20002c28    00000044     hello_pem3.oem3 (.data:ti_sysbios_knl_Task_Module__state__V)
                  20002c6c    00000038     hello_pem3.oem3 (.data:ti_sysbios_gates_GateMutex_Object__table__V)
                  20002ca4    00000034     hello_pem3.oem3 (.data:ti_sysbios_family_arm_m3_Hwi_Module__state__V)
                  20002cd8    00000030     hello_pem3.oem3 (.data:ti_sysbios_knl_Swi_Module_State_0_readyQ__A)
                  20002d08    00000030     hello_pem3.oem3 (.data:ti_sysbios_knl_Swi_Object__table__V)
                  20002d38    0000002c     CC1350_LAUNCHXL.obj (.data:gpioPinConfigs)
                  20002d64    0000002c     hello_pem3.oem3 (.data:ti_sysbios_knl_Clock_Module__state__V)
                  20002d90    00000024     hello_pem3.oem3 (.data:ti_sysbios_BIOS_Module__state__V)
                  20002db4    00000020     hello_pem3.oem3 (.data:ti_sysbios_knl_Clock_Object__table__V)
                  20002dd4    00000020     hello_pem3.oem3 (.data:ti_sysbios_knl_Task_Module_State_0_readyQ__A)
                  20002df4    00000020     hello_pem3.oem3 (.data:xdc_runtime_Error_IgnoreBlock)
                  20002e14    0000001c     hello_pem3.oem3 (.data:ti_sysbios_knl_Swi_Module__state__V)
                  20002e30    00000018     hello_pem3.oem3 (.data:ti_sysbios_family_arm_m3_Hwi_Object__table__V)
                  20002e48    00000018     hello_pem3.oem3 (.data:ti_sysbios_heaps_HeapMem_Object__table__V)
                  20002e60    00000010     CC1350_LAUNCHXL.obj (.data:gpioCallbackFunctions)
                  20002e70    0000000c     hello_pem3.oem3 (.data:ti_sysbios_knl_Task_Module__root__V)
                  20002e7c    0000000c     hello_pem3.oem3 (.data:ti_uia_runtime_QueueDescriptor_Module__state__V)
                  20002e88    0000000c     hello_pem3.oem3 (.data:xdc_runtime_SysMin_Module__state__V)
                  20002e94    00000008     rtsv7M3_T_le_eabi.lib : _lock.obj (.data:$O1$$)
                  20002e9c    00000008     ti.uia.runtime.aem3 : QueueDescriptor.oem3 (.data)
                  20002ea4    00000008     hello_pem3.oem3 (.data:ti_sysbios_family_arm_cc26xx_Timer_Module__state__V)
                  20002eac    00000008     hello_pem3.oem3 (.data:ti_sysbios_family_arm_m3_Hwi_Module__root__V)
                  20002eb4    00000008     hello_pem3.oem3 (.data:ti_sysbios_gates_GateHwi_Module__root__V)
                  20002ebc    00000008     hello_pem3.oem3 (.data:ti_sysbios_gates_GateMutex_Module__root__V)
                  20002ec4    00000008     hello_pem3.oem3 (.data:ti_sysbios_heaps_HeapMem_Module__root__V)
                  20002ecc    00000008     hello_pem3.oem3 (.data:ti_sysbios_knl_Clock_Module__root__V)
                  20002ed4    00000008     hello_pem3.oem3 (.data:ti_sysbios_knl_Queue_Module__root__V)
                  20002edc    00000008     hello_pem3.oem3 (.data:ti_sysbios_knl_Semaphore_Module__root__V)
                  20002ee4    00000008     hello_pem3.oem3 (.data:ti_sysbios_knl_Swi_Module__root__V)
                  20002eec    00000008     hello_pem3.oem3 (.data:ti_uia_loggers_LoggerStopMode_Module__root__V)
                  20002ef4    00000008     hello_pem3.oem3 (.data:xdc_runtime_Startup_Module__state__V)
                  20002efc    00000008     hello_pem3.oem3 (.data:xdc_runtime_System_Module_State_0_atexitHandlers__A)
                  20002f04    00000008     hello_pem3.oem3 (.data:xdc_runtime_System_Module__state__V)
                  20002f0c    00000004     rtsv7M3_T_le_eabi.lib : stkdepth_vars.obj (.data)
                  20002f10    00000004     hello_pem3.oem3 (.data:ti_sysbios_family_arm_cc26xx_TimestampProvider_Module__state__V)
                  20002f14    00000004     hello_pem3.oem3 (.data:ti_sysbios_family_arm_m3_Hwi_Module_State_0_excContext__A)
                  20002f18    00000004     hello_pem3.oem3 (.data:ti_sysbios_family_arm_m3_Hwi_Module_State_0_excStack__A)
                  20002f1c    00000004     hello_pem3.oem3 (.data:ti_sysbios_gates_GateHwi_Object__table__V)
                  20002f20    00000004     hello_pem3.oem3 (.data:ti_sysbios_knl_Task_Module_State_0_idleTask__A)
                  20002f24    00000004     hello_pem3.oem3 (.data:xdc_runtime_Memory_Module__state__V)
                  20002f28    00000002     hello_pem3.oem3 (.data:ti_sysbios_family_arm_m3_Hwi_Module_State_0_excActive__A)

.stack     0    20004c00    00000400     UNINITIALIZED
                  20004c00    00000400     --HOLE--

.bootVecs 
*          0    00000000    00000008     DSECT
                  00000000    00000008     boot.aem3 : boot.oem3 (.bootVecs)

xdc.meta   0    00000000    00000106     COPY SECTION
                  00000000    00000106     hello_pem3.oem3 (xdc.meta)

xdc.noload 
*          0    00000000    00000000     COPY SECTION

MODULE SUMMARY

       Module                            code    ro data   rw data
       ------                            ----    -------   -------
    .\
       hello.obj                         268     0         2208   
       CC1350_LAUNCHXL_fxns.obj          280     28        0      
       CC1350_LAUNCHXL.obj               28      104       60     
       ccfg.obj                          0       88        0      
    +--+---------------------------------+-------+---------+---------+
       Total:                            576     220       2268   
                                                                  
    C:\Brian\Fall2018\CPE403\Workspace\CC1350\hello_CC1350_LAUNCHXL_tirtos_ccs\Debug\configPkg\package\cfg\
       hello_pem3.oem3                   3046    1582      4510   
    +--+---------------------------------+-------+---------+---------+
       Total:                            3046    1582      4510   
                                                                  
    C:/ti/simplelink_cc13x0_sdk_2_30_00_20/kernel/tirtos/packages/ti/dpl/lib/dpl_cc13x0.aem3
       PowerCC26XX_tirtos.oem3           296     0         8      
       SemaphoreP_tirtos.oem3            122     0         0      
       ClockP_tirtos.oem3                102     0         4      
       SwiP_tirtos.oem3                  88      0         0      
       HwiP_tirtos.oem3                  82      0         0      
    +--+---------------------------------+-------+---------+---------+
       Total:                            690     0         12     
                                                                  
    C:/ti/simplelink_cc13x0_sdk_2_30_00_20/source/ti/devices/cc13x0/driverlib/bin/ccs/driverlib.lib
       setup_rom.obj                     1456    0         0      
       sys_ctrl.obj                      760     0         8      
       osc.obj                           388     0         20     
       setup.obj                         364     0         0      
       chipinfo.obj                      182     0         0      
       aon_rtc.obj                       44      0         0      
       ddi.obj                           44      0         0      
       adi.obj                           40      0         0      
       aon_batmon.obj                    40      0         0      
       cpu.obj                           30      0         0      
       vims.obj                          14      0         0      
       driverlib_release.obj             0       0         1      
    +--+---------------------------------+-------+---------+---------+
       Total:                            3362    0         29     
                                                                  
    C:/ti/simplelink_cc13x0_sdk_2_30_00_20/source/ti/drivers/lib/drivers_cc13x0.aem3
       PowerCC26XX.oem3                  2012    76        276    
       PINCC26XX.oem3                    1338    0         276    
       PowerCC26XX_calibrateRCOSC.oem3   1380    0         0      
       GPIOCC26XX.oem3                   788     64        84     
       List.oem3                         34      0         0      
    +--+---------------------------------+-------+---------+---------+
       Total:                            5552    140       636    
                                                                  
    C:\Brian\Fall2018\CPE403\Workspace\CC1350\hello_CC1350_LAUNCHXL_tirtos_ccs\src\sysbios\sysbios.aem3
       BIOS.obj                          8696    0         0      
       m3_Hwi_asm.obj                    262     0         0      
       m3_TaskSupport_asm.obj            108     0         0      
       m3_Hwi_asm_switch.obj             102     0         0      
    +--+---------------------------------+-------+---------+---------+
       Total:                            9168    0         0      
                                                                  
    C:\ti\ccsv7\tools\compiler\ti-cgt-arm_16.9.6.LTS\lib\rtsv7M3_T_le_eabi.lib
       ull_div_t2.obj                    500     0         0      
       trgmsg.obj                        104     0         288    
       memcpy_t2.obj                     156     0         0      
       memset_t2.obj                     122     0         0      
       copy_decompress_lzss.obj          104     0         0      
       hostwrite.obj                     88      0         0      
       cpy_tbl.obj                       76      0         0      
       _lock.obj                         20      0         8      
       args_main.obj                     24      0         0      
       ll_mul_t2.obj                     24      0         0      
       copy_decompress_none.obj          14      0         0      
       copy_zero_init.obj                12      0         0      
       hostopen.obj                      0       0         8      
       stkdepth_vars.obj                 0       0         4      
    +--+---------------------------------+-------+---------+---------+
       Total:                            1244    0         308    
                                                                  
    C:\ti\simplelink_cc13x0_sdk_2_30_00_20\kernel\tirtos\packages\ti\targets\arm\rtsarm\lib\auto_init.aem3
       auto_init.oem3                    160     0         0      
    +--+---------------------------------+-------+---------+---------+
       Total:                            160     0         0      
                                                                  
    C:\ti\simplelink_cc13x0_sdk_2_30_00_20\kernel\tirtos\packages\ti\targets\arm\rtsarm\lib\boot.aem3
       boot.oem3                         68      0         0      
    +--+---------------------------------+-------+---------+---------+
       Total:                            68      0         0      
                                                                  
    C:\ti\simplelink_cc13x0_sdk_2_30_00_20\kernel\tirtos\packages\ti\uia\loggers\lib\release\ti.uia.loggers.aem3
       LoggerStopMode.oem3               552     0         0      
    +--+---------------------------------+-------+---------+---------+
       Total:                            552     0         0      
                                                                  
    C:\ti\simplelink_cc13x0_sdk_2_30_00_20\kernel\tirtos\packages\ti\uia\runtime\lib\release\ti.uia.runtime.aem3
       QueueDescriptor.oem3              116     0         8      
    +--+---------------------------------+-------+---------+---------+
       Total:                            116     0         8      
                                                                  
       Stack:                            0       0         1024   
       Linker Generated:                 0       468       0      
    +--+---------------------------------+-------+---------+---------+
       Grand Total:                      24534   2410      8795   


LINKER GENERATED COPY TABLES

__TI_cinit_table @ 000068e0 records: 2, size/record: 8, table size: 16
	.data: load addr=00006718, load size=000001b0 bytes, run addr=200028b0, run size=0000067a bytes, compression=lzss
	.bss: load addr=000068d8, load size=00000008 bytes, run addr=20000100, run size=000017b0 bytes, compression=zero_init


LINKER GENERATED HANDLER TABLE

__TI_handler_table @ 000068c8 records: 3, size/record: 4, table size: 12
	index: 0, handler: __TI_decompress_lzss
	index: 1, handler: __TI_decompress_none
	index: 2, handler: __TI_zero_init


GLOBAL SYMBOLS: SORTED ALPHABETICALLY BY Name 

address   name                                                            
-------   ----                                                            
00006184  BoardGpioInitTable                                              
00005f1f  Board_initHook                                                  
0000357b  C$$IO$$                                                         
0000562d  CC1350_LAUNCHXL_initGeneral                                     
00002e35  CC1350_LAUNCHXL_sendExtFlashByte                                
00004515  CC1350_LAUNCHXL_shutDownExtFlash                                
00003fb9  CC1350_LAUNCHXL_wakeUpExtFlash                                  
00005f01  ClockP_Params_init                                              
00003dd9  ClockP_construct                                                
000054f1  ClockP_getSystemTicks                                           
00005f7f  ClockP_setTimeout                                               
00005f83  ClockP_start                                                    
00005f87  ClockP_stop                                                     
200017b4  ClockP_tickPeriod                                               
000064f0  GPIOCC26XX_config                                               
00004005  GPIO_enableInt                                                  
00004b79  GPIO_hwiIntFxn                                                  
[...]
00005fcf  ti_sysbios_knl_Clock_TimerProxy_setNextTick__E                  
00005fd3  ti_sysbios_knl_Clock_removeI__E                                 
00005fd7  ti_sysbios_knl_Clock_setTimeout__E                              
00005fdb  ti_sysbios_knl_Queue_head__E                                    
00005fdf  ti_sysbios_knl_Queue_next__E                                    
00005fe3  ti_sysbios_knl_Semaphore_delete                                 
00005fe7  ti_sysbios_knl_Swi_postInit__I                                  
00005feb  ti_sysbios_knl_Task_startup__E                                  
00005fef  ti_uia_loggers_LoggerStopMode_getContents__E                    
00005ff3  ti_uia_loggers_LoggerStopMode_getFilterLevel__E                 
00005ff7  ti_uia_loggers_LoggerStopMode_getInstanceId__E                  
00005ffb  ti_uia_loggers_LoggerStopMode_getMaxLength__E                   
00005fff  ti_uia_loggers_LoggerStopMode_getPriority__E                    
00006003  ti_uia_loggers_LoggerStopMode_getTransferType__E                
00006007  xdc_runtime_System_Module_GateProxy_enter__E                    
0000600b  xdc_runtime_System_Module_GateProxy_leave__E                    
0000600f  xdc_runtime_System_abortSpin__E                                 
00006011  xdc_runtime_System_exitSpin__E                                  
00006014  ti_uia_loggers_LoggerStopMode_Module__FXNS__C                   
00006074  resourceDB                                                      
00006108  inPinTypes                                                      
00006114  outPinStrengths                                                 
00006120  outPinTypes                                                     
00006148  ti_sysbios_knl_Task_Object__PARAMS__C                           
00006184  BoardGpioInitTable                                              
000061b8  ti_sysbios_family_arm_m3_Hwi_Object__PARAMS__C                  
000061e8  ti_sysbios_heaps_HeapMem_Module__FXNS__C                        
00006210  ti_sysbios_knl_Swi_Object__PARAMS__C                            
00006238  ti_uia_loggers_LoggerStopMode_Object__PARAMS__C                 
00006260  xdc_runtime_Startup_sfxnTab__A                                  
00006288  ti_sysbios_gates_GateHwi_Module__FXNS__C                        
000062ac  ti_sysbios_gates_GateMutex_Module__FXNS__C                      
000062d0  ti_sysbios_heaps_HeapMem_Object__PARAMS__C                      
000062f4  ti_sysbios_knl_Clock_Object__PARAMS__C                          
00006318  ti_sysbios_knl_Semaphore_Object__PARAMS__C                      
0000633c  ti_sysbios_family_arm_m3_Hwi_Object__DESC__C                    
0000635c  ti_sysbios_gates_GateHwi_Object__DESC__C                        
0000637c  ti_sysbios_gates_GateMutex_Object__DESC__C                      
0000639c  ti_sysbios_heaps_HeapMem_Object__DESC__C                        
000063bc  ti_sysbios_knl_Clock_Object__DESC__C                            
000063dc  ti_sysbios_knl_Queue_Object__DESC__C                            
000063fc  ti_sysbios_knl_Semaphore_Object__DESC__C                        
0000641c  ti_sysbios_knl_Swi_Object__DESC__C                              
0000643c  ti_sysbios_knl_Task_Object__DESC__C                             
0000645c  ti_uia_loggers_LoggerStopMode_Object__DESC__C                   
0000647c  PowerCC26XX_config                                              
00006494  ti_sysbios_gates_GateHwi_Object__PARAMS__C                      
000064ac  ti_sysbios_gates_GateMutex_Object__PARAMS__C                    
000064c4  ti_sysbios_knl_Queue_Object__PARAMS__C                          
000064f0  GPIOCC26XX_config                                               
00006504  xdc_runtime_Startup_sfxnRts__A                                  
00006518  xdc_runtime_Startup_firstFxns__A                                
0000652c  PINCC26XX_hwAttrs                                               
00006534  ti_sysbios_knl_Idle_funcList__C                                 
0000653c  xdc_runtime_Startup_firstFxns__C                                
00006544  xdc_runtime_Startup_lastFxns__C                                 
0000654c  ti_sysbios_family_arm_cc26xx_Timer_funcHookCH1__C               
00006550  ti_sysbios_family_arm_cc26xx_Timer_funcHookCH2__C               
00006554  ti_sysbios_family_arm_cc26xx_Timer_startupNeeded__C             
00006558  ti_sysbios_family_arm_m3_Hwi_E_alreadyDefined__C                
0000655c  ti_sysbios_family_arm_m3_Hwi_LD_end__C                          
00006560  ti_sysbios_family_arm_m3_Hwi_LM_begin__C                        
00006564  ti_sysbios_family_arm_m3_Hwi_Module__diagsEnabled__C            
00006568  ti_sysbios_family_arm_m3_Hwi_Module__diagsIncluded__C           
0000656c  ti_sysbios_family_arm_m3_Hwi_Module__diagsMask__C               
00006570  ti_sysbios_family_arm_m3_Hwi_Module__loggerFxn1__C              
00006574  ti_sysbios_family_arm_m3_Hwi_Module__loggerFxn8__C              
00006578  ti_sysbios_family_arm_m3_Hwi_Module__loggerObj__C               
0000657c  ti_sysbios_family_arm_m3_Hwi_NUM_INTERRUPTS__C                  
00006580  ti_sysbios_family_arm_m3_Hwi_Object__count__C                   
00006584  ti_sysbios_family_arm_m3_Hwi_ccr__C                             
00006588  ti_sysbios_family_arm_m3_Hwi_excHandlerFunc__C                  
0000658c  ti_sysbios_family_arm_m3_Hwi_nullIsrFunc__C                     
00006590  ti_sysbios_family_arm_m3_Hwi_priGroup__C                        
00006594  ti_sysbios_family_arm_m3_Hwi_swiDisable__C                      
00006598  ti_sysbios_family_arm_m3_Hwi_swiRestoreHwi__C                   
0000659c  ti_sysbios_family_arm_m3_TaskSupport_stackAlignment__C          
000065a0  ti_sysbios_gates_GateMutex_Instance_State_sem__O                
000065a4  ti_sysbios_heaps_HeapMem_E_memory__C                            
000065a8  ti_sysbios_heaps_HeapMem_Module__gateObj__C                     
000065ac  ti_sysbios_heaps_HeapMem_Object__count__C                       
000065b0  ti_sysbios_heaps_HeapMem_primaryHeapBaseAddr__C                 
000065b4  ti_sysbios_heaps_HeapMem_primaryHeapEndAddr__C                  
000065b8  ti_sysbios_heaps_HeapMem_reqAlign__C                            
000065bc  ti_sysbios_knl_Clock_LM_begin__C                                
000065c0  ti_sysbios_knl_Clock_LM_tick__C                                 
000065c4  ti_sysbios_knl_Clock_Module_State_clockQ__O                     
000065c8  ti_sysbios_knl_Clock_Module__diagsEnabled__C                    
000065cc  ti_sysbios_knl_Clock_Module__diagsIncluded__C                   
000065d0  ti_sysbios_knl_Clock_Module__diagsMask__C                       
000065d4  ti_sysbios_knl_Clock_Module__loggerFxn1__C                      
000065d8  ti_sysbios_knl_Clock_Module__loggerFxn2__C                      
000065dc  ti_sysbios_knl_Clock_Module__loggerObj__C                       
000065e0  ti_sysbios_knl_Clock_tickPeriod__C                              
000065e4  ti_sysbios_knl_Clock_triggerClock__C                            
000065e8  ti_sysbios_knl_Idle_funcList__A                                 
000065ec  ti_sysbios_knl_Semaphore_Instance_State_pendQ__O                
000065f0  ti_sysbios_knl_Semaphore_LM_pend__C                             
000065f4  ti_sysbios_knl_Semaphore_LM_post__C                             
000065f8  ti_sysbios_knl_Semaphore_Module__diagsEnabled__C                
000065fc  ti_sysbios_knl_Semaphore_Module__diagsIncluded__C               
00006600  ti_sysbios_knl_Semaphore_Module__diagsMask__C                   
00006604  ti_sysbios_knl_Semaphore_Module__loggerFxn2__C                  
00006608  ti_sysbios_knl_Semaphore_Module__loggerFxn4__C                  
0000660c  ti_sysbios_knl_Semaphore_Module__loggerObj__C                   
00006610  ti_sysbios_knl_Swi_LD_end__C                                    
00006614  ti_sysbios_knl_Swi_LM_begin__C                                  
00006618  ti_sysbios_knl_Swi_LM_post__C                                   
0000661c  ti_sysbios_knl_Swi_Module__diagsEnabled__C                      
00006620  ti_sysbios_knl_Swi_Module__diagsIncluded__C                     
00006624  ti_sysbios_knl_Swi_Module__diagsMask__C                         
00006628  ti_sysbios_knl_Swi_Module__loggerFxn1__C                        
0000662c  ti_sysbios_knl_Swi_Module__loggerFxn4__C                        
00006630  ti_sysbios_knl_Swi_Module__loggerObj__C                         
00006634  ti_sysbios_knl_Swi_Object__count__C                             
00006638  ti_sysbios_knl_Task_LD_block__C                                 
0000663c  ti_sysbios_knl_Task_LD_exit__C                                  
00006640  ti_sysbios_knl_Task_LD_ready__C                                 
00006644  ti_sysbios_knl_Task_LM_sleep__C                                 
00006648  ti_sysbios_knl_Task_LM_switch__C                                
0000664c  ti_sysbios_knl_Task_Module_State_inactiveQ__O                   
00006650  ti_sysbios_knl_Task_Module__diagsEnabled__C                     
00006654  ti_sysbios_knl_Task_Module__diagsIncluded__C                    
00006658  ti_sysbios_knl_Task_Module__diagsMask__C                        
0000665c  ti_sysbios_knl_Task_Module__loggerFxn2__C                       
00006660  ti_sysbios_knl_Task_Module__loggerFxn4__C                       
00006664  ti_sysbios_knl_Task_Module__loggerObj__C                        
00006668  ti_sysbios_knl_Task_Object__count__C                            
0000666c  ti_sysbios_knl_Task_allBlockedFunc__C                           
00006670  ti_sysbios_knl_Task_defaultStackHeap__C                         
00006674  ti_sysbios_knl_Task_defaultStackSize__C                         
00006678  ti_sysbios_knl_Task_numConstructedTasks__C                      
0000667c  ti_uia_loggers_LoggerStopMode_Module__diagsEnabled__C           
00006680  ti_uia_loggers_LoggerStopMode_Module__diagsIncluded__C          
00006684  ti_uia_loggers_LoggerStopMode_Module__diagsMask__C              
00006688  ti_uia_loggers_LoggerStopMode_Object__count__C                  
0000668c  ti_uia_runtime_ILoggerSnapshot_Interface__BASE__C               
00006690  ti_uia_runtime_IUIATransfer_Interface__BASE__C                  
00006694  xdc_runtime_Assert_E_assertFailed__C                            
00006698  xdc_runtime_Error_E_memory__C                                   
0000669c  xdc_runtime_Error_policyFxn__C                                  
000066a0  xdc_runtime_IFilterLogger_Interface__BASE__C                    
000066a4  xdc_runtime_IGateProvider_Interface__BASE__C                    
000066a8  xdc_runtime_IHeap_Interface__BASE__C                            
000066ac  xdc_runtime_ILogger_Interface__BASE__C                          
000066b0  xdc_runtime_IModule_Interface__BASE__C                          
000066b4  xdc_runtime_Memory_defaultHeapInstance__C                       
000066b8  xdc_runtime_Startup_execImpl__C                                 
000066bc  xdc_runtime_Startup_maxPasses__C                                
000066c0  xdc_runtime_Startup_sfxnRts__C                                  
000066c4  xdc_runtime_Startup_sfxnTab__C                                  
000066c8  xdc_runtime_SysMin_bufSize__C                                   
000066cc  xdc_runtime_SysMin_outputFunc__C                                
000066d0  xdc_runtime_System_Module__gateObj__C                           
000066d4  xdc_runtime_System_abortFxn__C                                  
000066d8  xdc_runtime_System_exitFxn__C                                   
000066dc  xdc_runtime_System_maxAtexitHandlers__C                         
000066e0  xdc_runtime_Text_charTab__C                                     
000066e4  xdc_runtime_Text_nameEmpty__C                                   
000066e8  xdc_runtime_Text_nameStatic__C                                  
000066ec  xdc_runtime_Text_nameUnknown__C                                 
000066f0  ti_sysbios_family_arm_cc26xx_TimestampProvider_useClockTimer__C 
000066f2  ti_sysbios_family_arm_m3_Hwi_Module__id__C                      
000066f4  ti_sysbios_family_arm_m3_Hwi_Module__loggerDefined__C           
000066f6  ti_sysbios_heaps_HeapMem_Module__id__C                          
000066f8  ti_sysbios_knl_Clock_Module__id__C                              
000066fa  ti_sysbios_knl_Clock_Module__loggerDefined__C                   
000066fc  ti_sysbios_knl_Semaphore_Module__id__C                          
000066fe  ti_sysbios_knl_Semaphore_Module__loggerDefined__C               
00006700  ti_sysbios_knl_Swi_Module__id__C                                
00006702  ti_sysbios_knl_Swi_Module__loggerDefined__C                     
00006704  ti_sysbios_knl_Task_Module__id__C                               
00006706  ti_sysbios_knl_Task_Module__loggerDefined__C                    
00006708  ti_uia_loggers_LoggerStopMode_Module__id__C                     
0000670a  ti_uia_loggers_LoggerStopMode_isTimestampEnabled__C             
0000670c  xdc_runtime_Memory_Module__id__C                                
0000670e  xdc_runtime_SysMin_flushAtExit__C                               
00006710  xdc_runtime_Text_charCnt__C                                     
00006712  xdc_runtime_Text_isLoaded__C                                    
00006714  xdc_runtime_Error_policy__C                                     
00006715  xdc_runtime_Text_charTab__A                                     
00006718  __TI_static_base__                                              
000068c8  __TI_Handler_Table_Base                                         
000068d4  __TI_Handler_Table_Limit                                        
000068e0  __TI_CINIT_Base                                                 
000068f0  __TI_CINIT_Limit                                                
0001ffa8  __ccfg                                                          
20000000  ti_sysbios_family_arm_m3_Hwi_ramVectors                         
20000900  ti_uia_loggers_LoggerStopMode_Instance_State_0_packetArray__A   
20000d00  ti_uia_loggers_LoggerStopMode_Instance_State_1_packetArray__A   
20001100  ti_sysbios_knl_Task_Instance_State_0_stack__A                   
20001300  xdc_runtime_SysMin_Module_State_0_outbuf__A                     
20001500  __CIOBUF_                                                       
20001620  ti_sysbios_family_arm_m3_Hwi_dispatchTable                      
200016e8  urgentWorkTask                                                  
20001738  workTask                                                        
2000179c  PowerCC26XX_taskKey                                             
200017a0  PowerCC26XX_swiKey                                              
200017ac  parmbuf                                                         
200017b4  ClockP_tickPeriod                                               
200017b8  driverlib_release_0_52354                                       
20001800  ti_uia_loggers_LoggerStopMode_Instance_State_0_hdr__A           
20001880  ti_uia_loggers_LoggerStopMode_Instance_State_1_hdr__A           
200018b0  __primary_heap_start__                                          
200028b0  __primary_heap_end__                                            
200028b0  pinUpperBound                                                   
200028b4  pinLowerBound                                                   
20002948  pinHandleTable                                                  
200029c4  PowerCC26XX_module                                              
20002ad8  ti_uia_loggers_LoggerStopMode_Object__table__V                  
20002b94  ti_sysbios_knl_Task_Object__table__V                            
20002be0  ti_sysbios_family_arm_cc26xx_Timer_Object__table__V             
20002c28  ti_sysbios_knl_Task_Module__state__V                            
20002c6c  ti_sysbios_gates_GateMutex_Object__table__V                     
20002ca4  ti_sysbios_family_arm_m3_Hwi_Module__state__V                   
20002cd8  ti_sysbios_knl_Swi_Module_State_0_readyQ__A                     
20002d08  ti_sysbios_knl_Swi_Object__table__V                             
20002d38  gpioPinConfigs                                                  
20002d64  ti_sysbios_knl_Clock_Module__state__V                           
20002d90  ti_sysbios_BIOS_Module__state__V                                
20002db4  ti_sysbios_knl_Clock_Object__table__V                           
20002dd4  ti_sysbios_knl_Task_Module_State_0_readyQ__A                    
20002df4  xdc_runtime_Error_IgnoreBlock                                   
20002e14  ti_sysbios_knl_Swi_Module__state__V                             
20002e30  ti_sysbios_family_arm_m3_Hwi_Object__table__V                   
20002e48  ti_sysbios_heaps_HeapMem_Object__table__V                       
20002e60  gpioCallbackFunctions                                           
20002e70  ti_sysbios_knl_Task_Module__root__V                             
20002e7c  ti_uia_runtime_QueueDescriptor_Module__state__V                 
20002e88  xdc_runtime_SysMin_Module__state__V                             
20002e94  _lock                                                           
20002e98  _unlock                                                         
20002e9c  ti_uia_runtime_QueueDescriptor_gPtrToFirstDescriptor            
20002ea0  ti_uia_runtime_QueueDescriptor_gUpdateCount                     
20002ea4  ti_sysbios_family_arm_cc26xx_Timer_Module__state__V             
20002eac  ti_sysbios_family_arm_m3_Hwi_Module__root__V                    
20002eb4  ti_sysbios_gates_GateHwi_Module__root__V                        
20002ebc  ti_sysbios_gates_GateMutex_Module__root__V                      
20002ec4  ti_sysbios_heaps_HeapMem_Module__root__V                        
20002ecc  ti_sysbios_knl_Clock_Module__root__V                            
20002ed4  ti_sysbios_knl_Queue_Module__root__V                            
20002edc  ti_sysbios_knl_Semaphore_Module__root__V                        
20002ee4  ti_sysbios_knl_Swi_Module__root__V                              
20002eec  ti_uia_loggers_LoggerStopMode_Module__root__V                   
20002ef4  xdc_runtime_Startup_Module__state__V                            
20002efc  xdc_runtime_System_Module_State_0_atexitHandlers__A             
20002f04  xdc_runtime_System_Module__state__V                             
20002f0c  main_func_sp                                                    
20002f10  ti_sysbios_family_arm_cc26xx_TimestampProvider_Module__state__V 
20002f14  ti_sysbios_family_arm_m3_Hwi_Module_State_0_excContext__A       
20002f18  ti_sysbios_family_arm_m3_Hwi_Module_State_0_excStack__A         
20002f1c  ti_sysbios_gates_GateHwi_Object__table__V                       
20002f20  ti_sysbios_knl_Task_Module_State_0_idleTask__A                  
20002f24  xdc_runtime_Memory_Module__state__V                             
20002f28  ti_sysbios_family_arm_m3_Hwi_Module_State_0_excActive__A        
20004c00  __stack                                                         
20005000  __STACK_END                                                     
e000e000  ti_sysbios_family_arm_m3_Hwi_nvic                               
ffffffff  __TI_pprof_out_hndl                                             
ffffffff  __TI_prof_data_size                                             
ffffffff  __TI_prof_data_start                                            
ffffffff  __binit__                                                       
ffffffff  __c_args__                                                      
ffffffff  binit                                                           
UNDEFED   SHT$$INIT_ARRAY$$Base                                           
UNDEFED   SHT$$INIT_ARRAY$$Limit                                          

[693 symbols]
