******************************************************************************
                  TI ARM Linker PC v15.12.3                    
******************************************************************************
>> Linked Sun Nov 11 19:46:38 2018

OUTPUT FILE NAME:   <blink_ClkSwi.out>
ENTRY POINT SYMBOL: "_c_int00"  address: 00004719


MEMORY CONFIGURATION

         name            origin    length      used     unused   attr    fill
----------------------  --------  ---------  --------  --------  ----  --------
  FLASH                 00000000   00040000  00008819  000377e7  R  X
  SRAM                  20000000   00008000  00002968  00005698  RW X


SEGMENT ALLOCATION MAP

run origin  load origin   length   init length attrs members
----------  ----------- ---------- ----------- ----- -------
00000000    00000000    00008824   00008824    r-x
  00000000    00000000    0000003c   0000003c    r-- .resetVecs
  00000040    00000040    00005d8a   00005d8a    r-x .text
  00005dcc    00005dcc    0000265f   0000265f    r-- .const
  00008430    00008430    000003f4   000003f4    r-- .cinit
20000000    20000000    00000360   00000000    rw-
  20000000    20000000    00000360   00000000    rw- .vecs
20000380    20000380    00002608   00000000    rw-
  20000380    20000380    00001c30   00000000    rw- .bss
  20001fb0    20001fb0    000005d8   00000000    rw- .data
  20002588    20002588    00000400   00000000    rw- .stack


SECTION ALLOCATION MAP

 output                                  attributes/
section   page    origin      length       input sections
--------  ----  ----------  ----------   ----------------
.text      0    00000040    00005d8a     
                  00000040    00000430     sysbios.aem4f : BIOS.obj (.text:ti_sysbios_family_arm_m3_Hwi_excDumpRegs__I)
                  00000470    0000034c     ti.targets.arm.rtsarm.aem4f : System.oem4f (.text:xdc_runtime_System_doPrint__I)
                  000007bc    00000324     rtsv7M4_T_le_v4SPD16_eabi.lib : trgdrv.obj (.text)
                  00000ae0    00000314     sysbios.aem4f : BIOS.obj (.text:ti_sysbios_knl_Semaphore_pend__E)
                  00000df4    00000004     empty_pem4f.oem4f (.text:malloc)
                  00000df8    000001fc     sysbios.aem4f : BIOS.obj (.text:ti_sysbios_family_arm_m3_Hwi_excHandlerMax__I)
                  00000ff4    000001a4     main.obj (.text:ledToggle)
                  00001198    0000017c     sysbios.aem4f : BIOS.obj (.text:ti_sysbios_family_arm_lm4_TimestampProvider_get64__E)
                  00001314    00000004     empty_pem4f.oem4f (.text:ti_sysbios_BIOS_RtsGateProxy_enter__E)
                  00001318    00000174     sysbios.aem4f : BIOS.obj (.text:ti_sysbios_family_arm_m3_Hwi_excBusFault__I)
                  0000148c    00000004     empty_pem4f.oem4f (.text:ti_sysbios_BIOS_RtsGateProxy_leave__E)
                  00001490    00000168     sysbios.aem4f : BIOS.obj (.text:ti_sysbios_family_arm_lm4_Timer_start__E)
                  000015f8    00000164                   : BIOS.obj (.text:ti_sysbios_family_arm_m3_Hwi_excUsageFault__I)
                  0000175c    00000004                   : BIOS.obj (.text:ti_sysbios_family_arm_lm4_Timer_masterEnable__I)
                  00001760    00000148                   : BIOS.obj (.text:ti_sysbios_family_arm_m3_Hwi_excMemFault__I)
                  000018a8    00000144     ti.targets.arm.rtsarm.aem4f : HeapStd.oem4f (.text:xdc_runtime_HeapStd_alloc__E)
                  000019ec    00000004     empty_pem4f.oem4f (.text:ti_sysbios_family_arm_m3_TaskSupport_Module__startupDone__S)
                  000019f0    00000140     sysbios.aem4f : BIOS.obj (.text:ti_sysbios_knl_Semaphore_post__E)
                  00001b30    00000138                   : BIOS.obj (.text:ti_sysbios_family_arm_m3_Hwi_dispatchC__I)
                  00001c68    00000138     empty_pem4f.oem4f (.text:ti_uia_loggers_LoggerStopMode_writeMemoryRange__E)
                  00001da0    00000134     sysbios.aem4f : BIOS.obj (.text:ti_sysbios_knl_Clock_workFunc__E)
                  00001ed4    00000130     driverlib.lib : gpio.obj (.text:GPIOPadConfigSet)
                  00002004    00000004     empty_pem4f.oem4f (.text:ti_sysbios_knl_Clock_TimerProxy_getMaxTicks__E)
                  00002008    0000011c     sysbios.aem4f : BIOS.obj (.text:ti_sysbios_knl_Swi_run__I)
                  00002124    00000118     ti.targets.arm.rtsarm.aem4f : Error.oem4f (.text:xdc_runtime_Error_policyDefault__E)
                  0000223c    0000010c     empty_pem4f.oem4f (.text:ti_uia_loggers_LoggerStopMode_write8__E)
                  00002348    00000100     Boot.aem4f : Boot_sysctl.oem4f (.text:ti_catalog_arm_cortexm4_tiva_ce_Boot_sysCtlClockSetI__I)
                  00002448    00000100     ti.targets.arm.rtsarm.aem4f : Core-mem.oem4f (.text:xdc_runtime_Core_createObject__I)
                  00002548    000000f8                                 : Startup.oem4f (.text:xdc_runtime_Startup_startMods__I)
                  00002640    000000f8     empty_pem4f.oem4f (.text:xdc_runtime_System_printfExtend__I)
                  00002738    000000f4     sysbios.aem4f : m3_Hwi_asm.obj (.text:ti_sysbios_family_arm_m3_Hwi_dispatch__I)
                  0000282c    000000f4     empty_pem4f.oem4f (.text:ti_uia_loggers_LoggerStopMode_write4__E)
                  00002920    000000f0     driverlib.lib : sysctl.obj (.text:SysCtlClockSet)
                  00002a10    000000e8     empty_pem4f.oem4f (.text:ti_uia_loggers_LoggerStopMode_write2__E)
                  00002af8    000000e4     empty_pem4f.oem4f (.text:ti_uia_loggers_LoggerStopMode_write1__E)
                  00002bdc    00000004     empty_pem4f.oem4f (.text:ti_sysbios_knl_Clock_TimerProxy_getPeriod__E)
                  00002be0    000000d8     sysbios.aem4f : BIOS.obj (.text:ti_sysbios_family_arm_lm4_TimestampProvider_get32__E)
                  00002cb8    000000d8     empty_pem4f.oem4f (.text:ti_uia_loggers_LoggerStopMode_write0__E)
                  00002d90    000000cc     sysbios.aem4f : BIOS.obj (.text:ti_sysbios_knl_Task_schedule__I)
                  00002e5c    000000cc     ti.targets.arm.rtsarm.aem4f : Core-smem.oem4f (.text:xdc_runtime_Core_constructObject__I)
                  00002f28    000000cc                                 : HeapStd.oem4f (.text:xdc_runtime_HeapStd_Instance_init__E)
                  00002ff4    00000004     empty_pem4f.oem4f (.text:ti_sysbios_knl_Queue_destruct)
                  00002ff8    000000bc     sysbios.aem4f : BIOS.obj (.text:ti_sysbios_family_arm_m3_Hwi_excDebugMon__I)
                  000030b4    00000004     empty_pem4f.oem4f (.text:ti_sysbios_knl_Semaphore_destruct)
                  000030b8    000000bc     sysbios.aem4f : BIOS.obj (.text:ti_sysbios_family_arm_m3_Hwi_excHardFault__I)
                  00003174    00000004     ti.uia.loggers.aem4f : LoggerStopMode.oem4f (.text:ti_uia_loggers_LoggerStopMode_getContents__E)
                  00003178    000000bc     sysbios.aem4f : BIOS.obj (.text:ti_sysbios_knl_Task_startCore__E)
                  00003234    00000004     empty_pem4f.oem4f (.text:ti_uia_loggers_LoggerStopMode_getFilterLevel__E)
                  00003238    000000bc     sysbios.aem4f : BIOS.obj (.text:ti_sysbios_utils_Load_updateLoads__E)
                  000032f4    00000004     ti.uia.loggers.aem4f : LoggerStopMode.oem4f (.text:ti_uia_loggers_LoggerStopMode_getInstanceId__E)
                  000032f8    000000b4     sysbios.aem4f : BIOS.obj (.text:ti_sysbios_gates_GateMutex_enter__E)
                  000033ac    00000004     ti.uia.loggers.aem4f : LoggerStopMode.oem4f (.text:ti_uia_loggers_LoggerStopMode_getMaxLength__E)
                  000033b0    000000b4     sysbios.aem4f : BIOS.obj (.text:ti_sysbios_knl_Task_checkStacks__E)
                  00003464    00000004     ti.uia.loggers.aem4f : LoggerStopMode.oem4f (.text:ti_uia_loggers_LoggerStopMode_getPriority__E)
                  00003468    000000b0     sysbios.aem4f : BIOS.obj (.text:ti_sysbios_utils_Load_idleFxn__E)
                  00003518    000000ac                   : BIOS.obj (.text:ti_sysbios_family_arm_lm4_Timer_enableTiva__I)
                  000035c4    00000004     ti.uia.loggers.aem4f : LoggerStopMode.oem4f (.text:ti_uia_loggers_LoggerStopMode_getTransferType__E)
                  000035c8    000000ac     sysbios.aem4f : BIOS.obj (.text:ti_sysbios_knl_Swi_post__E)
                  00003674    00000004     ti.targets.arm.rtsarm.aem4f : Error.oem4f (.text:xdc_runtime_Error_getSite__E)
                  00003678    000000a8     sysbios.aem4f : BIOS.obj (.text:ti_sysbios_family_arm_lm4_Timer_enableTimers__I)
                  00003720    000000a8                   : BIOS.obj (.text:ti_sysbios_knl_Task_blockI__E)
                  000037c8    000000a8                   : BIOS.obj (.text:ti_sysbios_knl_Task_postInit__I)
                  00003870    000000a8     ti.targets.arm.rtsarm.aem4f : HeapStd.oem4f (.text:xdc_runtime_HeapStd_free__E)
                  00003918    000000a0     auto_init.aem4f : auto_init.oem4f (.text)
                  000039b8    000000a0     ti.targets.arm.rtsarm.aem4f : Text.oem4f (.text:xdc_runtime_Text_putMod__E)
                  00003a58    0000009c     rtsv7M4_T_le_v4SPD16_eabi.lib : memcpy_t2.obj (.text)
                  00003af4    00000004     ti.targets.arm.rtsarm.aem4f : HeapStd.oem4f (.text:xdc_runtime_HeapStd_isBlocking__E)
                  00003af8    0000009c     sysbios.aem4f : BIOS.obj (.text:ti_sysbios_knl_Semaphore_Instance_init__E)
                  00003b94    0000009a     ti.targets.arm.rtsarm.aem4f : Text.oem4f (.text:xdc_runtime_Text_putSite__E)
                  00003c2e    00000002     empty_pem4f.oem4f (.text:free)
                  00003c30    00000098     Boot.aem4f : Boot.oem4f (.text:ti_catalog_arm_cortexm4_tiva_ce_Boot_sysCtlClockSet__E)
                  00003cc8    00000094     sysbios.aem4f : BIOS.obj (.text:ti_sysbios_family_arm_m3_Hwi_initNVIC__E)
                  00003d5c    00000004     empty_pem4f.oem4f (.text:xdc_runtime_System_Module_GateProxy_enter__E)
                  00003d60    00000094     sysbios.aem4f : BIOS.obj (.text:ti_sysbios_knl_Task_exit__E)
                  00003df4    00000004     empty_pem4f.oem4f (.text:xdc_runtime_System_Module_GateProxy_leave__E)
                  00003df8    00000090     sysbios.aem4f : BIOS.obj (.text:ti_sysbios_knl_Task_unblockI__E)
                  00003e88    00000090     ti.uia.loggers.aem4f : LoggerStopMode.oem4f (.text:ti_uia_loggers_LoggerStopMode_initQueueDescriptor__E)
                  00003f18    0000008c     sysbios.aem4f : m3_TaskSupport_asm.obj (.text:ti_sysbios_family_arm_m3_TaskSupport_buildTaskStack)
                  00003fa4    00000004     ti.targets.arm.rtsarm.aem4f : System.oem4f (.text:xdc_runtime_System_aprintf_va__F)
                  00003fa8    00000084     sysbios.aem4f : BIOS.obj (.text:ti_sysbios_family_arm_m3_Hwi_postInit__I)
                  0000402c    0000007a     rtsv7M4_T_le_v4SPD16_eabi.lib : memset_t2.obj (.text)
                  000040a6    00000002                                   : i_div0.obj (.text)
                  000040a8    00000074     ti.uia.runtime.aem4f : QueueDescriptor.oem4f (.text:ti_uia_runtime_QueueDescriptor_addToList__E)
                  0000411c    0000006d     ti.targets.arm.rtsarm.aem4f : System.oem4f (.text:xdc_runtime_System_formatNum__I)
                  00004189    00000001     --HOLE-- [fill = 0]
                  0000418a    00000006     driverlib.lib : gpio.obj (.text:GPIOPinRead)
                  00004190    0000006c     sysbios.aem4f : BIOS.obj (.text:ti_sysbios_knl_Swi_restoreHwi__E)
                  000041fc    0000006c     ti.targets.arm.rtsarm.aem4f : Error.oem4f (.text:xdc_runtime_Error_print__E)
                  00004268    0000006c                                 : Memory.oem4f (.text:xdc_runtime_Memory_alloc__E)
                  000042d4    0000006a     rtsv7M4_T_le_v4SPD16_eabi.lib : copy_decompress_rle.obj (.text)
                  0000433e    00000002     empty_pem4f.oem4f (.text:ti_sysbios_BIOS_nullFunc__I)
                  00004340    00000068     rtsv7M4_T_le_v4SPD16_eabi.lib : trgmsg.obj (.text)
                  000043a8    00000066     ti.uia.loggers.aem4f : LoggerStopMode.oem4f (.text:ti_uia_loggers_LoggerStopMode_flush__E)
                  0000440e    00000066     ti.targets.arm.rtsarm.aem4f : Core-mem.oem4f (.text:xdc_runtime_Core_deleteObject__I)
                  00004474    00000004                                 : System.oem4f (.text:xdc_runtime_System_printf_va__F)
                  00004478    00000064     sysbios.aem4f : BIOS.obj (.text:ti_sysbios_family_arm_lm4_Timer_Module_startup__E)
                  000044dc    00000002     empty_pem4f.oem4f (.text:ti_uia_loggers_LoggerStopMode_setFilterLevel__E)
                  000044de    00000002     ti.uia.loggers.aem4f : LoggerStopMode.oem4f (.text:ti_uia_loggers_LoggerStopMode_setPriority__E)
                  000044e0    00000060     sysbios.aem4f : BIOS.obj (.text:ti_sysbios_family_arm_lm4_Timer_isrStub__E)
                  00004540    00000060                   : BIOS.obj (.text:ti_sysbios_knl_Clock_logTick__E)
                  000045a0    00000060                   : BIOS.obj (.text:ti_sysbios_utils_Load_logCPULoad__I)
                  00004600    0000005c                   : BIOS.obj (.text:ti_sysbios_knl_Swi_schedule__I)
                  0000465c    00000002     empty_pem4f.oem4f (.text:xdc_runtime_Startup_reset__I)
                  0000465e    00000002     --HOLE-- [fill = 0]
                  00004660    0000005c     sysbios.aem4f : BIOS.obj (.text:ti_sysbios_knl_Task_Module_startup__E)
                  000046bc    0000005b     ti.targets.arm.rtsarm.aem4f : Text.oem4f (.text:xdc_runtime_Text_putLab__E)
                  00004717    00000001     --HOLE-- [fill = 0]
                  00004718    00000058     boot.aem4f : boot.oem4f (.text)
                  00004770    00000058     sysbios.aem4f : m3_Hwi_asm_switch.obj (.text:ti_sysbios_family_arm_m3_Hwi_initStacks__E)
                  000047c8    00000058     empty_pem4f.oem4f (.text:xdc_runtime_HeapStd_Object__create__S)
                  00004820    00000054     rtsv7M4_T_le_v4SPD16_eabi.lib : exit.obj (.text)
                  00004874    00000054     ti.targets.arm.rtsarm.aem4f : Assert.oem4f (.text:xdc_runtime_Assert_raise__I)
                  000048c8    00000050     sysbios.aem4f : BIOS.obj (.text:ti_sysbios_family_arm_m3_Hwi_Module_startup__E)
                  00004918    00000050     ti.targets.arm.rtsarm.aem4f : Startup.oem4f (.text:xdc_runtime_Startup_exec__E)
                  00004968    00000050                                 : Text.oem4f (.text:xdc_runtime_Text_visitRope2__I)
                  000049b8    0000004c     rtsv7M4_T_le_v4SPD16_eabi.lib : cpy_tbl.obj (.text)
                  00004a04    00000004     --HOLE-- [fill = 0]
                  00004a08    0000004c     sysbios.aem4f : BIOS.obj (.text:ti_sysbios_knl_Swi_runLoop__I)
                  00004a54    00000004     --HOLE-- [fill = 0]
                  00004a58    0000004c                   : BIOS.obj (.text:ti_sysbios_knl_Task_allBlockedFunction__I)
                  00004aa4    0000004c     ti.uia.loggers.aem4f : LoggerStopMode.oem4f (.text:ti_uia_loggers_LoggerStopMode_Module_startup__E)
                  00004af0    00000048     sysbios.aem4f : BIOS.obj (.text:ti_sysbios_family_arm_m3_Hwi_disableInterrupt__E)
                  00004b38    00000048                   : BIOS.obj (.text:ti_sysbios_family_arm_m3_Hwi_enableInterrupt__E)
                  00004b80    00000048                   : BIOS.obj (.text:ti_sysbios_family_arm_m3_Hwi_excReserved__I)
                  00004bc8    00000046     ti.targets.arm.rtsarm.aem4f : Core-params.oem4f (.text:xdc_runtime_Core_assignParams__I)
                  00004c0e    00000002     --HOLE-- [fill = 0]
                  00004c10    00000044     sysbios.aem4f : BIOS.obj (.text:ti_sysbios_family_arm_lm4_Timer_stop__E)
                  00004c54    00000004     --HOLE-- [fill = 0]
                  00004c58    00000044                   : BIOS.obj (.text:ti_sysbios_family_arm_m3_Hwi_getStackInfo__E)
                  00004c9c    00000044     ti.uia.loggers.aem4f : LoggerStopMode.oem4f (.text:ti_uia_loggers_LoggerStopMode_initBuffer__I)
                  00004ce0    00000044     ti.targets.arm.rtsarm.aem4f : Error.oem4f (.text:xdc_runtime_Error_setX__E)
                  00004d24    00000044                                 : SysMin.oem4f (.text:xdc_runtime_SysMin_flush__E)
                  00004d68    00000044                                 : Text.oem4f (.text:xdc_runtime_Text_xprintf__I)
                  00004dac    00000040     rtsv7M4_T_le_v4SPD16_eabi.lib : u_divt2.obj (.text)
                  00004dec    00000004     --HOLE-- [fill = 0]
                  00004df0    00000040     sysbios.aem4f : BIOS.obj (.text:ti_sysbios_family_arm_lm4_Timer_startup__E)
                  00004e30    0000003c                   : BIOS.obj (.text:ti_sysbios_family_arm_m3_Hwi_excSvCall__I)
                  00004e6c    00000004     --HOLE-- [fill = 0]
                  00004e70    0000003c                   : BIOS.obj (.text:ti_sysbios_heaps_HeapMem_init__I)
                  00004eac    00000004     --HOLE-- [fill = 0]
                  00004eb0    0000003c                   : BIOS.obj (.text:ti_sysbios_knl_Swi_startup__E)
                  00004eec    00000004     --HOLE-- [fill = 0]
                  00004ef0    00000038                   : BIOS.obj (.text:ti_sysbios_family_arm_m3_Hwi_excNoIsr__I)
                  00004f28    00000038                   : BIOS.obj (.text:ti_sysbios_knl_Task_processVitalTaskFlag__I)
                  00004f60    00000038     ti.targets.arm.rtsarm.aem4f : SysMin.oem4f (.text:xdc_runtime_SysMin_putch__E)
                  00004f98    00000038                                 : System.oem4f (.text:xdc_runtime_System_atexit__E)
                  00004fd0    00000034     driverlib.lib : sysctl.obj (.text:SysCtlPeripheralEnable)
                  00005004    00000004     --HOLE-- [fill = 0]
                  00005008    00000034     sysbios.aem4f : BIOS.obj (.text:ti_sysbios_family_arm_m3_Hwi_excNmi__I)
                  0000503c    00000004     --HOLE-- [fill = 0]
                  00005040    00000034                   : BIOS.obj (.text:ti_sysbios_hal_Hwi_checkStack)
                  00005074    00000034     ti.uia.loggers.aem4f : LoggerStopMode.oem4f (.text:ti_uia_loggers_LoggerStopMode_reset__E)
                  000050a8    00000034     ti.targets.arm.rtsarm.aem4f : Core-label.oem4f (.text:xdc_runtime_Core_assignLabel__I)
                  000050dc    00000033                                 : Text.oem4f (.text:xdc_runtime_Text_printVisFxn__I)
                  0000510f    00000001     --HOLE-- [fill = 0]
                  00005110    00000032     sysbios.aem4f : BIOS.obj (.text:ti_sysbios_hal_Hwi_initStack)
                  00005142    00000006     driverlib.lib : gpio.obj (.text:GPIOPinWrite)
                  00005148    00000032     sysbios.aem4f : BIOS.obj (.text:ti_sysbios_knl_Semaphore_pendTimeout__I)
                  0000517a    00000002     --HOLE-- [fill = 0]
                  0000517c    00000030     main.obj (.text:hardware_init)
                  000051ac    00000030     empty_pem4f.oem4f (.text:ti_sysbios_BIOS_atExitFunc__I)
                  000051dc    00000004     --HOLE-- [fill = 0]
                  000051e0    00000030     sysbios.aem4f : BIOS.obj (.text:ti_sysbios_family_arm_m3_TaskSupport_start__E)
                  00005210    00000030     empty_pem4f.oem4f (.text:ti_sysbios_gates_GateHwi_Object__create__S)
                  00005240    00000030     empty_pem4f.oem4f (.text:ti_sysbios_gates_GateMutex_Object__create__S)
                  00005270    00000030     empty_pem4f.oem4f (.text:ti_sysbios_knl_Semaphore_construct)
                  000052a0    00000030     sysbios.aem4f : BIOS.obj (.text:ti_sysbios_utils_Load_updateCurrentThreadTime__E)
                  000052d0    00000030     empty_pem4f.oem4f (.text:ti_uia_loggers_LoggerStopMode_Object__create__S)
                  00005300    00000030     ti.targets.arm.rtsarm.aem4f : SysMin.oem4f (.text:xdc_runtime_SysMin_abort__E)
                  00005330    00000030                                 : System.oem4f (.text:xdc_runtime_System_processAtExit__E)
                  00005360    0000002c     empty_pem4f.oem4f (.text:ti_sysbios_knl_Clock_doTick__I)
                  0000538c    0000002c     empty_pem4f.oem4f (.text:ti_sysbios_knl_Queue_construct)
                  000053b8    0000002c     sysbios.aem4f : BIOS.obj (.text:ti_sysbios_knl_Task_restore__E)
                  000053e4    0000002c     ti.targets.arm.rtsarm.aem4f : Text.oem4f (.text:xdc_runtime_Text_cordText__E)
                  00005410    0000002a     driverlib.lib : gpio.obj (.text:GPIODirModeSet)
                  0000543a    0000002a     ti.targets.arm.rtsarm.aem4f : System.oem4f (.text:xdc_runtime_System_putchar__I)
                  00005464    00000004     --HOLE-- [fill = 0]
                  00005468    00000028     sysbios.aem4f : BIOS.obj (.text:ti_sysbios_knl_Swi_Module_startup__E)
                  00005490    00000026                   : m3_Hwi_asm.obj (.text:ti_sysbios_family_arm_m3_Hwi_pendSV__I)
                  000054b6    00000026     ti.targets.arm.rtsarm.aem4f : System.oem4f (.text:xdc_runtime_System_avprintf__E)
                  000054dc    00000024     empty_pem4f.oem4f (.text:ti_sysbios_BIOS_registerRTSLock__I)
                  00005500    00000024     empty_pem4f.oem4f (.text:ti_sysbios_BIOS_removeRTSLock__I)
                  00005524    00000024     empty_pem4f.oem4f (.text:ti_sysbios_BIOS_startFunc__I)
                  00005548    00000024     sysbios.aem4f : BIOS.obj (.text:ti_sysbios_family_arm_m3_Hwi_doTaskRestore__I)
                  0000556c    00000024     empty_pem4f.oem4f (.text:ti_sysbios_gates_GateMutex_Object__delete__S)
                  00005590    00000024     sysbios.aem4f : BIOS.obj (.text:ti_sysbios_knl_Clock_Module_startup__E)
                  000055b4    00000024     ti.targets.arm.rtsarm.aem4f : System.oem4f (.text:xdc_runtime_System_vprintf__E)
                  000055d8    00000022     sysbios.aem4f : BIOS.obj (.text:ti_sysbios_family_arm_lm4_Timer_write__I)
                  000055fa    00000022     empty_pem4f.oem4f (.text:xdc_runtime_SysMin_output__I)
                  0000561c    00000020     empty_pem4f.oem4f (.text:ti_sysbios_BIOS_rtsLock__I)
                  0000563c    00000020     sysbios.aem4f : m3_Hwi_asm.obj (.text:ti_sysbios_family_arm_m3_Hwi_excHandlerAsm__I)
                  0000565c    00000004     --HOLE-- [fill = 0]
                  00005660    00000020                   : BIOS.obj (.text:ti_sysbios_family_arm_m3_Hwi_excHandler__I)
                  00005680    00000020     empty_pem4f.oem4f (.text:ti_sysbios_gates_GateHwi_Object__delete__S)
                  000056a0    00000020     sysbios.aem4f : BIOS.obj (.text:ti_sysbios_knl_Idle_run__E)
                  000056c0    00000020     empty_pem4f.oem4f (.text:ti_sysbios_knl_Semaphore_Object__destruct__S)
                  000056e0    00000020     empty_pem4f.oem4f (.text:ti_uia_loggers_LoggerStopMode_Object__delete__S)
                  00005700    00000020     ti.targets.arm.rtsarm.aem4f : Registry.oem4f (.text:xdc_runtime_Registry_findById__E)
                  00005720    00000020                                 : SysMin.oem4f (.text:xdc_runtime_SysMin_Module_startup__E)
                  00005740    0000001e     empty_pem4f.oem4f (.text:ti_sysbios_BIOS_errorRaiseHook__I)
                  0000575e    0000001e     sysbios.aem4f : m3_Hwi_asm_switch.obj (.text:ti_sysbios_family_xxx_Hwi_switchAndRunFunc)
                  0000577c    00000004     --HOLE-- [fill = 0]
                  00005780    0000001c                   : BIOS.obj (.text:ti_sysbios_gates_GateMutex_Instance_init__E)
                  0000579c    0000001c     empty_pem4f.oem4f (.text:ti_sysbios_knl_Queue_Object__destruct__S)
                  000057b8    0000001c     sysbios.aem4f : BIOS.obj (.text:ti_sysbios_knl_Task_enter__I)
                  000057d4    0000001c     ti.uia.loggers.aem4f : LoggerStopMode.oem4f (.text:ti_uia_loggers_LoggerStopMode_Instance_init__E)
                  000057f0    0000001c     ti.targets.arm.rtsarm.aem4f : Error.oem4f (.text:xdc_runtime_Error_raiseX__E)
                  0000580c    0000001c     empty_pem4f.oem4f (.text:xdc_runtime_HeapStd_Object__delete__S)
                  00005828    0000001c     ti.targets.arm.rtsarm.aem4f : Memory.oem4f (.text:xdc_runtime_Memory_valloc__E)
                  00005844    0000001c                                 : SysMin.oem4f (.text:xdc_runtime_SysMin_exit__E)
                  00005860    0000001c                                 : System.oem4f (.text:xdc_runtime_System_abort__E)
                  0000587c    0000001a     empty_pem4f.oem4f (.text:ti_sysbios_family_arm_m3_Hwi_Handle__label__S)
                  00005896    0000001a     empty_pem4f.oem4f (.text:ti_sysbios_gates_GateHwi_Handle__label__S)
                  000058b0    0000001a     empty_pem4f.oem4f (.text:ti_sysbios_gates_GateMutex_Handle__label__S)
                  000058ca    0000001a     empty_pem4f.oem4f (.text:ti_sysbios_knl_Swi_Handle__label__S)
                  000058e4    0000001a     empty_pem4f.oem4f (.text:ti_sysbios_knl_Task_Handle__label__S)
                  000058fe    0000001a     empty_pem4f.oem4f (.text:ti_uia_loggers_LoggerStopMode_Handle__label__S)
                  00005918    0000001a     empty_pem4f.oem4f (.text:xdc_runtime_HeapStd_Handle__label__S)
                  00005932    0000001a     empty_pem4f.oem4f (.text:xdc_runtime_System_aprintf__E)
                  0000594c    0000001a     empty_pem4f.oem4f (.text:xdc_runtime_System_printf__E)
                  00005966    00000018     driverlib.lib : gpio.obj (.text:GPIOPinTypeGPIOOutput)
                  0000597e    00000002     --HOLE-- [fill = 0]
                  00005980    00000018     rtsv7M4_T_le_v4SPD16_eabi.lib : args_main.obj (.text)
                  00005998    00000018     empty_pem4f.oem4f (.text:ti_sysbios_BIOS_rtsUnlock__I)
                  000059b0    00000018     empty_pem4f.oem4f (.text:ti_sysbios_family_arm_lm4_Timer_Module__startupDone__F)
                  000059c8    00000018     empty_pem4f.oem4f (.text:ti_sysbios_family_arm_m3_Hwi_Module__startupDone__F)
                  000059e0    00000018     sysbios.aem4f : m3_TaskSupport_asm.obj (.text:ti_sysbios_family_arm_m3_TaskSupport_swap__E)
                  000059f8    00000018                   : BIOS.obj (.text:ti_sysbios_gates_GateMutex_leave__E)
                  00005a10    00000018     ti.targets.arm.rtsarm.aem4f : Error.oem4f (.text:xdc_runtime_Error_check__E)
                  00005a28    00000018                                 : System.oem4f (.text:xdc_runtime_System_exit__E)
                  00005a40    00000018                                 : Text.oem4f (.text:xdc_runtime_Text_ropeText__E)
                  00005a58    00000016     empty_pem4f.oem4f (.text:ti_sysbios_BIOS_exitFunc__I)
                  00005a6e    00000016     ti.uia.loggers.aem4f : LoggerStopMode.oem4f (.text:ti_uia_loggers_LoggerStopMode_disable__E)
                  00005a84    00000016                          : LoggerStopMode.oem4f (.text:ti_uia_loggers_LoggerStopMode_enable__E)
                  00005a9a    00000002     --HOLE-- [fill = 0]
                  00005a9c    00000014     rtsv7M4_T_le_v4SPD16_eabi.lib : _lock.obj (.text)
                  00005ab0    00000014                                   : strcpy.obj (.text)
                  00005ac4    00000014                                   : strlen.obj (.text)
                  00005ad8    00000014     empty_pem4f.oem4f (.text:ti_sysbios_family_arm_m3_Hwi_Object__get__S)
                  00005aec    00000004     --HOLE-- [fill = 0]
                  00005af0    00000014     sysbios.aem4f : BIOS.obj (.text:ti_sysbios_family_arm_m3_Hwi_switchFromBootStack__E)
                  00005b04    00000014     empty_pem4f.oem4f (.text:ti_sysbios_knl_Swi_Object__get__S)
                  00005b18    00000012     sysbios.aem4f : BIOS.obj (.text:ti_sysbios_hal_Hwi_Module_startup__E)
                  00005b2a    00000012     empty_pem4f.oem4f (.text:xdc_runtime_Startup_exec__I)
                  00005b3c    00000004     --HOLE-- [fill = 0]
                  00005b40    00000010     sysbios.aem4f : BIOS.obj (.text:ti_sysbios_BIOS_getCpuFreq__E)
                  00005b50    00000010                   : BIOS.obj (.text:ti_sysbios_BIOS_setThreadType__E)
                  00005b60    00000010                   : BIOS.obj (.text:ti_sysbios_BIOS_start__E)
                  00005b70    00000010                   : BIOS.obj (.text:ti_sysbios_family_arm_lm4_TimestampProvider_rolloverFunc__E)
                  00005b80    00000010                   : m3_TaskSupport_asm.obj (.text:ti_sysbios_family_arm_m3_TaskSupport_glue)
                  00005b90    00000010                   : BIOS.obj (.text:ti_sysbios_gates_GateMutex_Instance_finalize__E)
                  00005ba0    00000010     empty_pem4f.oem4f (.text:ti_sysbios_heaps_HeapMem_Object__get__S)
                  00005bb0    00000010     sysbios.aem4f : BIOS.obj (.text:ti_sysbios_knl_Semaphore_Instance_finalize__E)
                  00005bc0    00000010                   : BIOS.obj (.text:ti_sysbios_knl_Swi_disable__E)
                  00005bd0    00000010     empty_pem4f.oem4f (.text:ti_sysbios_knl_Task_Object__get__S)
                  00005be0    00000010     sysbios.aem4f : BIOS.obj (.text:ti_sysbios_knl_Task_disable__E)
                  00005bf0    00000010     empty_pem4f.oem4f (.text:ti_uia_loggers_LoggerStopMode_Object__get__S)
                  00005c00    00000010     ti.uia.loggers.aem4f : LoggerStopMode.oem4f (.text:ti_uia_loggers_LoggerStopMode_isEmpty__E)
                  00005c10    00000010     ti.targets.arm.rtsarm.aem4f : Gate.oem4f (.text:xdc_runtime_Gate_leaveSystem__E)
                  00005c20    00000010                                 : Memory.oem4f (.text:xdc_runtime_Memory_free__E)
                  00005c30    00000010                                 : SysMin.oem4f (.text:xdc_runtime_SysMin_ready__E)
                  00005c40    00000010                                 : System.oem4f (.text:xdc_runtime_System_vsnprintf__E)
                  00005c50    00000010     empty_pem4f.oem4f (.text:xdc_runtime_Text_visitRope__I)
                  00005c60    0000000e     rtsv7M4_T_le_v4SPD16_eabi.lib : copy_decompress_none.obj (.text:decompress:none)
                  00005c6e    00000002     --HOLE-- [fill = 0]
                  00005c70    0000000e     sysbios.aem4f : BIOS.obj (.text:ti_sysbios_knl_Idle_loop__E)
                  00005c7e    00000002     --HOLE-- [fill = 0]
                  00005c80    0000000e                   : BIOS.obj (.text:ti_sysbios_knl_Queue_empty__E)
                  00005c8e    0000000e     ti.targets.arm.rtsarm.aem4f : HeapStd.oem4f (.text:xdc_runtime_HeapStd_getStats__E)
                  00005c9c    0000000c     empty_pem4f.oem4f (.text:.bootCodeSection:ti_catalog_arm_cortexm4_tiva_ce_Boot_init__I)
                  00005ca8    0000000c     main.obj (.text:main)
                  00005cb4    00000004     --HOLE-- [fill = 0]
                  00005cb8    0000000c     sysbios.aem4f : BIOS.obj (.text:ti_sysbios_family_arm_lm4_Timer_getMaxTicks__E)
                  00005cc4    00000004     --HOLE-- [fill = 0]
                  00005cc8    0000000c                   : BIOS.obj (.text:ti_sysbios_family_arm_lm4_TimestampProvider_startTimer__E)
                  00005cd4    00000004     --HOLE-- [fill = 0]
                  00005cd8    0000000c                   : BIOS.obj (.text:ti_sysbios_family_arm_m3_Hwi_disableFxn__E)
                  00005ce4    00000004     --HOLE-- [fill = 0]
                  00005ce8    0000000c                   : BIOS.obj (.text:ti_sysbios_family_arm_m3_TaskSupport_checkStack__E)
                  00005cf4    00000004     --HOLE-- [fill = 0]
                  00005cf8    0000000c                   : BIOS.obj (.text:ti_sysbios_gates_GateHwi_enter__E)
                  00005d04    0000000c     empty_pem4f.oem4f (.text:ti_sysbios_knl_Queue_Object__get__S)
                  00005d10    0000000c     ti.targets.arm.rtsarm.aem4f : Error.oem4f (.text:xdc_runtime_Error_init__E)
                  00005d1c    0000000c                                 : Gate.oem4f (.text:xdc_runtime_Gate_enterSystem__E)
                  00005d28    0000000c                                 : Memory.oem4f (.text:xdc_runtime_Memory_calloc__E)
                  00005d34    0000000c                                 : Memory.oem4f (.text:xdc_runtime_Memory_getMaxDefaultTypeAlign__E)
                  00005d40    0000000a     empty_pem4f.oem4f (.text:xdc_runtime_IHeap_alloc)
                  00005d4a    0000000a     empty_pem4f.oem4f (.text:xdc_runtime_IHeap_free)
                  00005d54    00000008     sysbios.aem4f : BIOS.obj (.text:ti_sysbios_family_arm_lm4_Timer_masterDisable__I)
                  00005d5c    00000004     --HOLE-- [fill = 0]
                  00005d60    00000008                   : BIOS.obj (.text:ti_sysbios_family_arm_m3_Hwi_doSwiRestore__I)
                  00005d68    00000008                   : BIOS.obj (.text:ti_sysbios_family_arm_m3_Hwi_startup__E)
                  00005d70    00000006     driverlib.lib : sysctl.obj (.text:SysCtlDelay)
                  00005d76    00000006     rtsv7M4_T_le_v4SPD16_eabi.lib : copy_decompress_rle.obj (.text:decompress:rle24)
                  00005d7c    00000006     Boot.aem4f : Boot_sysctl.oem4f (.text:ti_catalog_arm_cortexm4_tiva_ce_Boot_sysCtlDelayI__I)
                  00005d82    00000006     ti.targets.arm.rtsarm.aem4f : System.oem4f (.text:xdc_runtime_System_Module_startup__E)
                  00005d88    00000006     sysbios.aem4f : BIOS.obj (.text:ti_sysbios_family_arm_lm4_TimestampProvider_Module_startup__E)
                  00005d8e    00000002     --HOLE-- [fill = 0]
                  00005d90    00000006                   : BIOS.obj (.text:ti_sysbios_family_arm_m3_Hwi_restoreFxn__E)
                  00005d96    00000002     --HOLE-- [fill = 0]
                  00005d98    00000006                   : BIOS.obj (.text:ti_sysbios_gates_GateHwi_leave__E)
                  00005d9e    00000002     --HOLE-- [fill = 0]
                  00005da0    00000006                   : BIOS.obj (.text:ti_sysbios_knl_Queue_Instance_init__E)
                  00005da6    00000002     --HOLE-- [fill = 0]
                  00005da8    00000004                   : BIOS.obj (.text:ti_sysbios_family_arm_lm4_Timer_getPeriod__E)
                  00005dac    00000004     --HOLE-- [fill = 0]
                  00005db0    00000004                   : BIOS.obj (.text:ti_sysbios_gates_GateHwi_query__E)
                  00005db4    00000004     --HOLE-- [fill = 0]
                  00005db8    00000004                   : BIOS.obj (.text:ti_sysbios_gates_GateMutex_query__E)
                  00005dbc    00000004     --HOLE-- [fill = 0]
                  00005dc0    00000004                   : BIOS.obj (.text:ti_sysbios_knl_Task_startup__E)
                  00005dc4    00000004     --HOLE-- [fill = 0]
                  00005dc8    00000002                   : BIOS.obj (.text:ti_sysbios_gates_GateHwi_Instance_init__E)

.const     0    00005dcc    0000265f     
                  00005dcc    00001fb8     empty_pem4f.oem4f (.const:xdc_runtime_Text_charTab__A)
                  00007d84    00000108     empty_pem4f.oem4f (.const:xdc_runtime_Text_nodeTab__A)
                  00007e8c    00000060     empty_pem4f.oem4f (.const:ti_uia_loggers_LoggerStopMode_Module__FXNS__C)
                  00007eec    00000048     empty_pem4f.oem4f (.const:.string)
                  00007f34    00000028     empty_pem4f.oem4f (.const:ti_uia_loggers_LoggerStopMode_Object__PARAMS__C)
                  00007f5c    00000028     empty_pem4f.oem4f (.const:xdc_runtime_HeapStd_Module__FXNS__C)
                  00007f84    00000028     empty_pem4f.oem4f (.const:xdc_runtime_Startup_sfxnTab__A)
                  00007fac    00000024     empty_pem4f.oem4f (.const:ti_sysbios_gates_GateHwi_Module__FXNS__C)
                  00007fd0    00000024     empty_pem4f.oem4f (.const:ti_sysbios_gates_GateMutex_Module__FXNS__C)
                  00007ff4    00000024     empty_pem4f.oem4f (.const:ti_sysbios_knl_Semaphore_Object__PARAMS__C)
                  00008018    00000020     empty_pem4f.oem4f (.const:ti_sysbios_gates_GateHwi_Object__DESC__C)
                  00008038    00000020     empty_pem4f.oem4f (.const:ti_sysbios_gates_GateMutex_Object__DESC__C)
                  00008058    00000020     empty_pem4f.oem4f (.const:ti_sysbios_knl_Queue_Object__DESC__C)
                  00008078    00000020     empty_pem4f.oem4f (.const:ti_sysbios_knl_Semaphore_Object__DESC__C)
                  00008098    00000020     empty_pem4f.oem4f (.const:ti_uia_loggers_LoggerStopMode_Object__DESC__C)
                  000080b8    00000020     empty_pem4f.oem4f (.const:xdc_runtime_HeapStd_Object__DESC__C)
                  000080d8    0000001c     empty_pem4f.oem4f (.const:xdc_runtime_HeapStd_Object__PARAMS__C)
                  000080f4    00000018     empty_pem4f.oem4f (.const:ti_sysbios_gates_GateHwi_Object__PARAMS__C)
                  0000810c    00000018     empty_pem4f.oem4f (.const:ti_sysbios_gates_GateMutex_Object__PARAMS__C)
                  00008124    00000018     empty_pem4f.oem4f (.const:ti_sysbios_knl_Queue_Object__PARAMS__C)
                  0000813c    00000014     empty_pem4f.oem4f (.const:xdc_runtime_Startup_firstFxns__A)
                  00008150    00000014     empty_pem4f.oem4f (.const:xdc_runtime_Startup_sfxnRts__A)
                  00008164    00000008     empty_pem4f.oem4f (.const:ti_sysbios_family_arm_m3_Hwi_excHookFuncs__A)
                  0000816c    00000008     empty_pem4f.oem4f (.const:ti_sysbios_knl_Idle_funcList__A)
                  00008174    00000008     empty_pem4f.oem4f (.const:ti_sysbios_knl_Idle_funcList__C)
                  0000817c    00000008     empty_pem4f.oem4f (.const:xdc_runtime_Startup_firstFxns__C)
                  00008184    00000008     empty_pem4f.oem4f (.const:xdc_runtime_Startup_lastFxns__C)
                  0000818c    00000004     empty_pem4f.oem4f (.const:ti_catalog_arm_cortexm4_tiva_ce_Boot_A_mustUseEnhancedClockMode__C)
                  00008190    00000004     empty_pem4f.oem4f (.const:ti_catalog_arm_cortexm4_tiva_ce_Boot_Module__diagsEnabled__C)
                  00008194    00000004     empty_pem4f.oem4f (.const:ti_catalog_arm_cortexm4_tiva_ce_Boot_Module__diagsIncluded__C)
                  00008198    00000004     empty_pem4f.oem4f (.const:ti_catalog_arm_cortexm4_tiva_ce_Boot_Module__diagsMask__C)
                  0000819c    00000004     empty_pem4f.oem4f (.const:ti_sysbios_family_arm_lm4_Timer_enableFunc__C)
                  000081a0    00000004     empty_pem4f.oem4f (.const:ti_sysbios_family_arm_lm4_Timer_numTimerDevices__C)
                  000081a4    00000004     empty_pem4f.oem4f (.const:ti_sysbios_family_arm_lm4_Timer_startupNeeded__C)
                  000081a8    00000004     empty_pem4f.oem4f (.const:ti_sysbios_family_arm_m3_Hwi_E_NMI__C)
                  000081ac    00000004     empty_pem4f.oem4f (.const:ti_sysbios_family_arm_m3_Hwi_E_busFault__C)
                  000081b0    00000004     empty_pem4f.oem4f (.const:ti_sysbios_family_arm_m3_Hwi_E_debugMon__C)
                  000081b4    00000004     empty_pem4f.oem4f (.const:ti_sysbios_family_arm_m3_Hwi_E_hardFault__C)
                  000081b8    00000004     empty_pem4f.oem4f (.const:ti_sysbios_family_arm_m3_Hwi_E_memFault__C)
                  000081bc    00000004     empty_pem4f.oem4f (.const:ti_sysbios_family_arm_m3_Hwi_E_noIsr__C)
                  000081c0    00000004     empty_pem4f.oem4f (.const:ti_sysbios_family_arm_m3_Hwi_E_reserved__C)
                  000081c4    00000004     empty_pem4f.oem4f (.const:ti_sysbios_family_arm_m3_Hwi_E_svCall__C)
                  000081c8    00000004     empty_pem4f.oem4f (.const:ti_sysbios_family_arm_m3_Hwi_E_usageFault__C)
                  000081cc    00000004     empty_pem4f.oem4f (.const:ti_sysbios_family_arm_m3_Hwi_LD_end__C)
                  000081d0    00000004     empty_pem4f.oem4f (.const:ti_sysbios_family_arm_m3_Hwi_LM_begin__C)
                  000081d4    00000004     empty_pem4f.oem4f (.const:ti_sysbios_family_arm_m3_Hwi_Module__diagsEnabled__C)
                  000081d8    00000004     empty_pem4f.oem4f (.const:ti_sysbios_family_arm_m3_Hwi_Module__diagsIncluded__C)
                  000081dc    00000004     empty_pem4f.oem4f (.const:ti_sysbios_family_arm_m3_Hwi_Module__diagsMask__C)
                  000081e0    00000004     empty_pem4f.oem4f (.const:ti_sysbios_family_arm_m3_Hwi_Module__loggerFxn1__C)
                  000081e4    00000004     empty_pem4f.oem4f (.const:ti_sysbios_family_arm_m3_Hwi_Module__loggerFxn8__C)
                  000081e8    00000004     empty_pem4f.oem4f (.const:ti_sysbios_family_arm_m3_Hwi_Module__loggerObj__C)
                  000081ec    00000004     empty_pem4f.oem4f (.const:ti_sysbios_family_arm_m3_Hwi_NUM_INTERRUPTS__C)
                  000081f0    00000004     empty_pem4f.oem4f (.const:ti_sysbios_family_arm_m3_Hwi_Object__count__C)
                  000081f4    00000004     empty_pem4f.oem4f (.const:ti_sysbios_family_arm_m3_Hwi_ccr__C)
                  000081f8    00000004     empty_pem4f.oem4f (.const:ti_sysbios_family_arm_m3_Hwi_excHandlerFunc__C)
                  000081fc    00000004     empty_pem4f.oem4f (.const:ti_sysbios_family_arm_m3_Hwi_excHookFuncs__C)
                  00008200    00000004     empty_pem4f.oem4f (.const:ti_sysbios_family_arm_m3_Hwi_nullIsrFunc__C)
                  00008204    00000004     empty_pem4f.oem4f (.const:ti_sysbios_family_arm_m3_Hwi_priGroup__C)
                  00008208    00000004     empty_pem4f.oem4f (.const:ti_sysbios_gates_GateMutex_A_badContext__C)
                  0000820c    00000004     empty_pem4f.oem4f (.const:ti_sysbios_gates_GateMutex_Instance_State_sem__O)
                  00008210    00000004     empty_pem4f.oem4f (.const:ti_sysbios_gates_GateMutex_Module__diagsEnabled__C)
                  00008214    00000004     empty_pem4f.oem4f (.const:ti_sysbios_gates_GateMutex_Module__diagsIncluded__C)
                  00008218    00000004     empty_pem4f.oem4f (.const:ti_sysbios_gates_GateMutex_Module__diagsMask__C)
                  0000821c    00000004     empty_pem4f.oem4f (.const:ti_sysbios_hal_Hwi_E_stackOverflow__C)
                  00008220    00000004     empty_pem4f.oem4f (.const:ti_sysbios_heaps_HeapMem_Object__count__C)
                  00008224    00000004     empty_pem4f.oem4f (.const:ti_sysbios_knl_Clock_LM_begin__C)
                  00008228    00000004     empty_pem4f.oem4f (.const:ti_sysbios_knl_Clock_LM_tick__C)
                  0000822c    00000004     empty_pem4f.oem4f (.const:ti_sysbios_knl_Clock_LW_delayed__C)
                  00008230    00000004     empty_pem4f.oem4f (.const:ti_sysbios_knl_Clock_Module_State_clockQ__O)
                  00008234    00000004     empty_pem4f.oem4f (.const:ti_sysbios_knl_Clock_Module__diagsEnabled__C)
                  00008238    00000004     empty_pem4f.oem4f (.const:ti_sysbios_knl_Clock_Module__diagsIncluded__C)
                  0000823c    00000004     empty_pem4f.oem4f (.const:ti_sysbios_knl_Clock_Module__diagsMask__C)
                  00008240    00000004     empty_pem4f.oem4f (.const:ti_sysbios_knl_Clock_Module__loggerFxn1__C)
                  00008244    00000004     empty_pem4f.oem4f (.const:ti_sysbios_knl_Clock_Module__loggerFxn2__C)
                  00008248    00000004     empty_pem4f.oem4f (.const:ti_sysbios_knl_Clock_Module__loggerObj__C)
                  0000824c    00000004     empty_pem4f.oem4f (.const:ti_sysbios_knl_Semaphore_A_badContext__C)
                  00008250    00000004     empty_pem4f.oem4f (.const:ti_sysbios_knl_Semaphore_A_noEvents__C)
                  00008254    00000004     empty_pem4f.oem4f (.const:ti_sysbios_knl_Semaphore_A_overflow__C)
                  00008258    00000004     empty_pem4f.oem4f (.const:ti_sysbios_knl_Semaphore_A_pendTaskDisabled__C)
                  0000825c    00000004     empty_pem4f.oem4f (.const:ti_sysbios_knl_Semaphore_Instance_State_pendQ__O)
                  00008260    00000004     empty_pem4f.oem4f (.const:ti_sysbios_knl_Semaphore_LM_pend__C)
                  00008264    00000004     empty_pem4f.oem4f (.const:ti_sysbios_knl_Semaphore_LM_post__C)
                  00008268    00000004     empty_pem4f.oem4f (.const:ti_sysbios_knl_Semaphore_Module__diagsEnabled__C)
                  0000826c    00000004     empty_pem4f.oem4f (.const:ti_sysbios_knl_Semaphore_Module__diagsIncluded__C)
                  00008270    00000004     empty_pem4f.oem4f (.const:ti_sysbios_knl_Semaphore_Module__diagsMask__C)
                  00008274    00000004     empty_pem4f.oem4f (.const:ti_sysbios_knl_Semaphore_Module__loggerFxn2__C)
                  00008278    00000004     empty_pem4f.oem4f (.const:ti_sysbios_knl_Semaphore_Module__loggerFxn4__C)
                  0000827c    00000004     empty_pem4f.oem4f (.const:ti_sysbios_knl_Semaphore_Module__loggerObj__C)
                  00008280    00000004     empty_pem4f.oem4f (.const:ti_sysbios_knl_Swi_LD_end__C)
                  00008284    00000004     empty_pem4f.oem4f (.const:ti_sysbios_knl_Swi_LM_begin__C)
                  00008288    00000004     empty_pem4f.oem4f (.const:ti_sysbios_knl_Swi_LM_post__C)
                  0000828c    00000004     empty_pem4f.oem4f (.const:ti_sysbios_knl_Swi_Module__diagsEnabled__C)
                  00008290    00000004     empty_pem4f.oem4f (.const:ti_sysbios_knl_Swi_Module__diagsIncluded__C)
                  00008294    00000004     empty_pem4f.oem4f (.const:ti_sysbios_knl_Swi_Module__diagsMask__C)
                  00008298    00000004     empty_pem4f.oem4f (.const:ti_sysbios_knl_Swi_Module__loggerFxn1__C)
                  0000829c    00000004     empty_pem4f.oem4f (.const:ti_sysbios_knl_Swi_Module__loggerFxn4__C)
                  000082a0    00000004     empty_pem4f.oem4f (.const:ti_sysbios_knl_Swi_Module__loggerObj__C)
                  000082a4    00000004     empty_pem4f.oem4f (.const:ti_sysbios_knl_Swi_Object__count__C)
                  000082a8    00000004     empty_pem4f.oem4f (.const:ti_sysbios_knl_Task_E_spOutOfBounds__C)
                  000082ac    00000004     empty_pem4f.oem4f (.const:ti_sysbios_knl_Task_E_stackOverflow__C)
                  000082b0    00000004     empty_pem4f.oem4f (.const:ti_sysbios_knl_Task_LD_block__C)
                  000082b4    00000004     empty_pem4f.oem4f (.const:ti_sysbios_knl_Task_LD_exit__C)
                  000082b8    00000004     empty_pem4f.oem4f (.const:ti_sysbios_knl_Task_LD_ready__C)
                  000082bc    00000004     empty_pem4f.oem4f (.const:ti_sysbios_knl_Task_LM_switch__C)
                  000082c0    00000004     empty_pem4f.oem4f (.const:ti_sysbios_knl_Task_Module_State_inactiveQ__O)
                  000082c4    00000004     empty_pem4f.oem4f (.const:ti_sysbios_knl_Task_Module__diagsEnabled__C)
                  000082c8    00000004     empty_pem4f.oem4f (.const:ti_sysbios_knl_Task_Module__diagsIncluded__C)
                  000082cc    00000004     empty_pem4f.oem4f (.const:ti_sysbios_knl_Task_Module__diagsMask__C)
                  000082d0    00000004     empty_pem4f.oem4f (.const:ti_sysbios_knl_Task_Module__loggerFxn2__C)
                  000082d4    00000004     empty_pem4f.oem4f (.const:ti_sysbios_knl_Task_Module__loggerFxn4__C)
                  000082d8    00000004     empty_pem4f.oem4f (.const:ti_sysbios_knl_Task_Module__loggerObj__C)
                  000082dc    00000004     empty_pem4f.oem4f (.const:ti_sysbios_knl_Task_Object__count__C)
                  000082e0    00000004     empty_pem4f.oem4f (.const:ti_sysbios_knl_Task_allBlockedFunc__C)
                  000082e4    00000004     empty_pem4f.oem4f (.const:ti_sysbios_knl_Task_numConstructedTasks__C)
                  000082e8    00000004     empty_pem4f.oem4f (.const:ti_sysbios_utils_Load_LS_cpuLoad__C)
                  000082ec    00000004     empty_pem4f.oem4f (.const:ti_sysbios_utils_Load_Module__diagsEnabled__C)
                  000082f0    00000004     empty_pem4f.oem4f (.const:ti_sysbios_utils_Load_Module__diagsIncluded__C)
                  000082f4    00000004     empty_pem4f.oem4f (.const:ti_sysbios_utils_Load_Module__diagsMask__C)
                  000082f8    00000004     empty_pem4f.oem4f (.const:ti_sysbios_utils_Load_Module__loggerFxn1__C)
                  000082fc    00000004     empty_pem4f.oem4f (.const:ti_sysbios_utils_Load_Module__loggerObj__C)
                  00008300    00000004     empty_pem4f.oem4f (.const:ti_sysbios_utils_Load_postUpdate__C)
                  00008304    00000004     empty_pem4f.oem4f (.const:ti_sysbios_utils_Load_windowInMs__C)
                  00008308    00000004     empty_pem4f.oem4f (.const:ti_uia_loggers_LoggerStopMode_Module__diagsEnabled__C)
                  0000830c    00000004     empty_pem4f.oem4f (.const:ti_uia_loggers_LoggerStopMode_Module__diagsIncluded__C)
                  00008310    00000004     empty_pem4f.oem4f (.const:ti_uia_loggers_LoggerStopMode_Module__diagsMask__C)
                  00008314    00000004     empty_pem4f.oem4f (.const:ti_uia_loggers_LoggerStopMode_Object__count__C)
                  00008318    00000004     empty_pem4f.oem4f (.const:ti_uia_runtime_ILoggerSnapshot_Interface__BASE__C)
                  0000831c    00000004     empty_pem4f.oem4f (.const:ti_uia_runtime_IUIATransfer_Interface__BASE__C)
                  00008320    00000004     empty_pem4f.oem4f (.const:xdc_runtime_Assert_E_assertFailed__C)
                  00008324    00000004     empty_pem4f.oem4f (.const:xdc_runtime_Core_A_initializedParams__C)
                  00008328    00000004     empty_pem4f.oem4f (.const:xdc_runtime_Core_Module__diagsEnabled__C)
                  0000832c    00000004     empty_pem4f.oem4f (.const:xdc_runtime_Core_Module__diagsIncluded__C)
                  00008330    00000004     empty_pem4f.oem4f (.const:xdc_runtime_Core_Module__diagsMask__C)
                  00008334    00000004     empty_pem4f.oem4f (.const:xdc_runtime_Error_E_memory__C)
                  00008338    00000004     empty_pem4f.oem4f (.const:xdc_runtime_Error_Module__diagsEnabled__C)
                  0000833c    00000004     empty_pem4f.oem4f (.const:xdc_runtime_Error_Module__diagsIncluded__C)
                  00008340    00000004     empty_pem4f.oem4f (.const:xdc_runtime_Error_Module__diagsMask__C)
                  00008344    00000004     empty_pem4f.oem4f (.const:xdc_runtime_Error_Module__loggerFxn8__C)
                  00008348    00000004     empty_pem4f.oem4f (.const:xdc_runtime_Error_Module__loggerObj__C)
                  0000834c    00000004     empty_pem4f.oem4f (.const:xdc_runtime_Error_policyFxn__C)
                  00008350    00000004     empty_pem4f.oem4f (.const:xdc_runtime_Error_raiseHook__C)
                  00008354    00000004     empty_pem4f.oem4f (.const:xdc_runtime_HeapStd_A_align__C)
                  00008358    00000004     empty_pem4f.oem4f (.const:xdc_runtime_HeapStd_A_invalidTotalFreeSize__C)
                  0000835c    00000004     empty_pem4f.oem4f (.const:xdc_runtime_HeapStd_A_zeroSize__C)
                  00008360    00000004     empty_pem4f.oem4f (.const:xdc_runtime_HeapStd_E_noRTSMemory__C)
                  00008364    00000004     empty_pem4f.oem4f (.const:xdc_runtime_HeapStd_Module__diagsEnabled__C)
                  00008368    00000004     empty_pem4f.oem4f (.const:xdc_runtime_HeapStd_Module__diagsIncluded__C)
                  0000836c    00000004     empty_pem4f.oem4f (.const:xdc_runtime_HeapStd_Module__diagsMask__C)
                  00008370    00000004     empty_pem4f.oem4f (.const:xdc_runtime_IFilterLogger_Interface__BASE__C)
                  00008374    00000004     empty_pem4f.oem4f (.const:xdc_runtime_IGateProvider_Interface__BASE__C)
                  00008378    00000004     empty_pem4f.oem4f (.const:xdc_runtime_IHeap_Interface__BASE__C)
                  0000837c    00000004     empty_pem4f.oem4f (.const:xdc_runtime_ILogger_Interface__BASE__C)
                  00008380    00000004     empty_pem4f.oem4f (.const:xdc_runtime_IModule_Interface__BASE__C)
                  00008384    00000004     empty_pem4f.oem4f (.const:xdc_runtime_Log_L_error__C)
                  00008388    00000004     empty_pem4f.oem4f (.const:xdc_runtime_Log_L_info__C)
                  0000838c    00000004     empty_pem4f.oem4f (.const:xdc_runtime_Main_Module__diagsEnabled__C)
                  00008390    00000004     empty_pem4f.oem4f (.const:xdc_runtime_Main_Module__diagsIncluded__C)
                  00008394    00000004     empty_pem4f.oem4f (.const:xdc_runtime_Main_Module__diagsMask__C)
                  00008398    00000004     empty_pem4f.oem4f (.const:xdc_runtime_Main_Module__loggerFxn4__C)
                  0000839c    00000004     empty_pem4f.oem4f (.const:xdc_runtime_Main_Module__loggerObj__C)
                  000083a0    00000004     empty_pem4f.oem4f (.const:xdc_runtime_Memory_defaultHeapInstance__C)
                  000083a4    00000004     empty_pem4f.oem4f (.const:xdc_runtime_Startup_execImpl__C)
                  000083a8    00000004     empty_pem4f.oem4f (.const:xdc_runtime_Startup_lastFxns__A)
                  000083ac    00000004     empty_pem4f.oem4f (.const:xdc_runtime_Startup_maxPasses__C)
                  000083b0    00000004     empty_pem4f.oem4f (.const:xdc_runtime_Startup_sfxnRts__C)
                  000083b4    00000004     empty_pem4f.oem4f (.const:xdc_runtime_Startup_sfxnTab__C)
                  000083b8    00000004     empty_pem4f.oem4f (.const:xdc_runtime_SysMin_bufSize__C)
                  000083bc    00000004     empty_pem4f.oem4f (.const:xdc_runtime_SysMin_outputFunc__C)
                  000083c0    00000004     empty_pem4f.oem4f (.const:xdc_runtime_System_Module__gateObj__C)
                  000083c4    00000004     empty_pem4f.oem4f (.const:xdc_runtime_System_abortFxn__C)
                  000083c8    00000004     empty_pem4f.oem4f (.const:xdc_runtime_System_exitFxn__C)
                  000083cc    00000004     empty_pem4f.oem4f (.const:xdc_runtime_System_extendFxn__C)
                  000083d0    00000004     empty_pem4f.oem4f (.const:xdc_runtime_System_maxAtexitHandlers__C)
                  000083d4    00000004     empty_pem4f.oem4f (.const:xdc_runtime_Text_charTab__C)
                  000083d8    00000004     empty_pem4f.oem4f (.const:xdc_runtime_Text_nameEmpty__C)
                  000083dc    00000004     empty_pem4f.oem4f (.const:xdc_runtime_Text_nameStatic__C)
                  000083e0    00000004     empty_pem4f.oem4f (.const:xdc_runtime_Text_nameUnknown__C)
                  000083e4    00000004     empty_pem4f.oem4f (.const:xdc_runtime_Text_nodeTab__C)
                  000083e8    00000004     empty_pem4f.oem4f (.const:xdc_runtime_Text_visitRopeFxn__C)
                  000083ec    00000002     empty_pem4f.oem4f (.const:ti_catalog_arm_cortexm4_tiva_ce_Boot_Module__id__C)
                  000083ee    00000002     empty_pem4f.oem4f (.const:ti_sysbios_family_arm_lm4_TimestampProvider_useClockTimer__C)
                  000083f0    00000002     empty_pem4f.oem4f (.const:ti_sysbios_family_arm_m3_Hwi_Module__id__C)
                  000083f2    00000002     empty_pem4f.oem4f (.const:ti_sysbios_family_arm_m3_Hwi_Module__loggerDefined__C)
                  000083f4    00000002     empty_pem4f.oem4f (.const:ti_sysbios_gates_GateMutex_Module__id__C)
                  000083f6    00000002     empty_pem4f.oem4f (.const:ti_sysbios_hal_Hwi_Module__id__C)
                  000083f8    00000002     empty_pem4f.oem4f (.const:ti_sysbios_knl_Clock_Module__id__C)
                  000083fa    00000002     empty_pem4f.oem4f (.const:ti_sysbios_knl_Clock_Module__loggerDefined__C)
                  000083fc    00000002     empty_pem4f.oem4f (.const:ti_sysbios_knl_Semaphore_Module__id__C)
                  000083fe    00000002     empty_pem4f.oem4f (.const:ti_sysbios_knl_Semaphore_Module__loggerDefined__C)
                  00008400    00000002     empty_pem4f.oem4f (.const:ti_sysbios_knl_Swi_Module__id__C)
                  00008402    00000002     empty_pem4f.oem4f (.const:ti_sysbios_knl_Swi_Module__loggerDefined__C)
                  00008404    00000002     empty_pem4f.oem4f (.const:ti_sysbios_knl_Task_Module__id__C)
                  00008406    00000002     empty_pem4f.oem4f (.const:ti_sysbios_knl_Task_Module__loggerDefined__C)
                  00008408    00000002     empty_pem4f.oem4f (.const:ti_sysbios_utils_Load_Module__id__C)
                  0000840a    00000002     empty_pem4f.oem4f (.const:ti_sysbios_utils_Load_Module__loggerDefined__C)
                  0000840c    00000002     empty_pem4f.oem4f (.const:ti_sysbios_utils_Load_updateInIdle__C)
                  0000840e    00000002     empty_pem4f.oem4f (.const:ti_uia_loggers_LoggerStopMode_Module__id__C)
                  00008410    00000002     empty_pem4f.oem4f (.const:ti_uia_loggers_LoggerStopMode_isTimestampEnabled__C)
                  00008412    00000002     empty_pem4f.oem4f (.const:xdc_runtime_Core_Module__id__C)
                  00008414    00000002     empty_pem4f.oem4f (.const:xdc_runtime_Error_Module__loggerDefined__C)
                  00008416    00000002     empty_pem4f.oem4f (.const:xdc_runtime_Error_maxDepth__C)
                  00008418    00000002     empty_pem4f.oem4f (.const:xdc_runtime_HeapStd_Module__id__C)
                  0000841a    00000002     empty_pem4f.oem4f (.const:xdc_runtime_Main_Module__id__C)
                  0000841c    00000002     empty_pem4f.oem4f (.const:xdc_runtime_Main_Module__loggerDefined__C)
                  0000841e    00000002     empty_pem4f.oem4f (.const:xdc_runtime_Memory_Module__id__C)
                  00008420    00000002     empty_pem4f.oem4f (.const:xdc_runtime_SysMin_flushAtExit__C)
                  00008422    00000002     empty_pem4f.oem4f (.const:xdc_runtime_Text_charCnt__C)
                  00008424    00000002     empty_pem4f.oem4f (.const:xdc_runtime_Text_isLoaded__C)
                  00008426    00000002     empty_pem4f.oem4f (.const:xdc_runtime_Text_registryModsLastId__C)
                  00008428    00000002     empty_pem4f.oem4f (.const:xdc_runtime_Text_unnamedModsLastId__C)
                  0000842a    00000001     empty_pem4f.oem4f (.const:xdc_runtime_Error_policy__C)

.cinit     0    00008430    000003f4     
                  00008430    000003b7     (.cinit..data.load) [load image, compression = rle]
                  000087e7    00000001     --HOLE-- [fill = 0]
                  000087e8    0000000b     (.cinit..bss.load) [load image, compression = rle]
                  000087f3    00000005     --HOLE-- [fill = 0]
                  000087f8    0000000b     (.cinit..vecs.load) [load image, compression = rle]
                  00008803    00000001     --HOLE-- [fill = 0]
                  00008804    00000008     (__TI_handler_table)
                  0000880c    00000018     (__TI_cinit_table)

.init_array 
*          0    00000000    00000000     UNINITIALIZED

.resetVecs 
*          0    00000000    0000003c     
                  00000000    0000003c     empty_pem4f.oem4f (.resetVecs)

.vecs      0    20000000    00000360     UNINITIALIZED
                  20000000    00000360     empty_pem4f.oem4f (.vecs)

.bss       0    20000380    00001c30     UNINITIALIZED
                  20000380    00000800     empty_pem4f.oem4f (.bss:taskStackSection)
                  20000b80    00000400     (.common:ti_uia_loggers_LoggerStopMode_Instance_State_1_packetArray__A)
                  20000f80    00000400     (.common:ti_uia_loggers_LoggerStopMode_Instance_State_2_packetArray__A)
                  20001380    00000400     (.common:xdc_runtime_SysMin_Module_State_0_outbuf__A)
                  20001780    00000360     (.common:ti_sysbios_family_arm_m3_Hwi_dispatchTable)
                  20001ae0    00000018     main.obj (.bss)
                  20001af8    00000008     rtsv7M4_T_le_v4SPD16_eabi.lib : trgdrv.obj (.bss:parmbuf)
                  20001b00    00000200     (.common:ti_uia_loggers_LoggerStopMode_Instance_State_0_packetArray__A)
                  20001d00    00000120                                   : trgmsg.obj (.bss:_CIOBUF_)
                  20001e20    00000060     --HOLE--
                  20001e80    00000030     (.common:ti_uia_loggers_LoggerStopMode_Instance_State_0_hdr__A)
                  20001eb0    00000050     --HOLE--
                  20001f00    00000030     (.common:ti_uia_loggers_LoggerStopMode_Instance_State_1_hdr__A)
                  20001f30    00000050     --HOLE--
                  20001f80    00000030     (.common:ti_uia_loggers_LoggerStopMode_Instance_State_2_hdr__A)

.data      0    20001fb0    000005d8     UNINITIALIZED
                  20001fb0    0000009c     empty_pem4f.oem4f (.data:ti_uia_loggers_LoggerStopMode_Object__table__V)
                  2000204c    00000098     empty_pem4f.oem4f (.data:ti_sysbios_utils_Load_Module__state__V)
                  200020e4    00000080     empty_pem4f.oem4f (.data:ti_sysbios_family_arm_lm4_Timer_Object__table__V)
                  20002164    00000080     empty_pem4f.oem4f (.data:ti_sysbios_knl_Swi_Module_State_0_readyQ__A)
                  200021e4    00000080     empty_pem4f.oem4f (.data:ti_sysbios_knl_Task_Module_State_0_readyQ__A)
                  20002264    0000004c     empty_pem4f.oem4f (.data:ti_sysbios_knl_Task_Object__table__V)
                  200022b0    00000044     empty_pem4f.oem4f (.data:ti_sysbios_knl_Task_Module__state__V)
                  200022f4    00000038     empty_pem4f.oem4f (.data:ti_sysbios_gates_GateMutex_Object__table__V)
                  2000232c    00000034     empty_pem4f.oem4f (.data:ti_sysbios_family_arm_m3_Hwi_Module__state__V)
                  20002360    00000030     empty_pem4f.oem4f (.data:ti_sysbios_family_arm_lm4_Timer_Module_State_0_device__A)
                  20002390    00000030     empty_pem4f.oem4f (.data:ti_sysbios_family_arm_m3_Hwi_Object__table__V)
                  200023c0    00000030     empty_pem4f.oem4f (.data:ti_sysbios_knl_Swi_Object__table__V)
                  200023f0    0000002c     empty_pem4f.oem4f (.data:ti_sysbios_knl_Clock_Module__state__V)
                  2000241c    00000024     empty_pem4f.oem4f (.data:ti_sysbios_BIOS_Module__state__V)
                  20002440    00000020     empty_pem4f.oem4f (.data:ti_sysbios_knl_Clock_Object__table__V)
                  20002460    00000020     empty_pem4f.oem4f (.data:xdc_runtime_System_Module_State_0_atexitHandlers__A)
                  20002480    0000001c     empty_pem4f.oem4f (.data:ti_sysbios_knl_Swi_Module__state__V)
                  2000249c    00000018     empty_pem4f.oem4f (.data:ti_sysbios_family_arm_lm4_Timer_Module_State_0_handles__A)
                  200024b4    0000000c     rtsv7M4_T_le_v4SPD16_eabi.lib : exit.obj (.data:$O1$$)
                  200024c0    0000000c     empty_pem4f.oem4f (.data:ti_sysbios_family_arm_lm4_Timer_Module__state__V)
                  200024cc    0000000c     empty_pem4f.oem4f (.data:ti_sysbios_knl_Task_Module__root__V)
                  200024d8    0000000c     empty_pem4f.oem4f (.data:ti_uia_runtime_QueueDescriptor_Module__state__V)
                  200024e4    0000000c     empty_pem4f.oem4f (.data:xdc_runtime_HeapStd_Object__table__V)
                  200024f0    0000000c     empty_pem4f.oem4f (.data:xdc_runtime_SysMin_Module__state__V)
                  200024fc    00000008     rtsv7M4_T_le_v4SPD16_eabi.lib : _lock.obj (.data:$O1$$)
                  20002504    00000008     ti.uia.runtime.aem4f : QueueDescriptor.oem4f (.data)
                  2000250c    00000008     empty_pem4f.oem4f (.data:ti_sysbios_family_arm_lm4_TimestampProvider_Module__state__V)
                  20002514    00000008     empty_pem4f.oem4f (.data:ti_sysbios_gates_GateHwi_Module__root__V)
                  2000251c    00000008     empty_pem4f.oem4f (.data:ti_sysbios_gates_GateMutex_Module__root__V)
                  20002524    00000008     empty_pem4f.oem4f (.data:ti_sysbios_knl_Queue_Module__root__V)
                  2000252c    00000008     empty_pem4f.oem4f (.data:ti_sysbios_knl_Semaphore_Module__root__V)
                  20002534    00000008     empty_pem4f.oem4f (.data:ti_uia_loggers_LoggerStopMode_Module__root__V)
                  2000253c    00000008     empty_pem4f.oem4f (.data:xdc_runtime_HeapStd_Module__root__V)
                  20002544    00000008     empty_pem4f.oem4f (.data:xdc_runtime_Registry_Module__state__V)
                  2000254c    00000008     empty_pem4f.oem4f (.data:xdc_runtime_Startup_Module__state__V)
                  20002554    00000008     empty_pem4f.oem4f (.data:xdc_runtime_System_Module__state__V)
                  2000255c    00000004     rtsv7M4_T_le_v4SPD16_eabi.lib : stkdepth_vars.obj (.data)
                  20002560    00000004     empty_pem4f.oem4f (.data:ti_sysbios_family_arm_m3_Hwi_Module_State_0_excContext__A)
                  20002564    00000004     empty_pem4f.oem4f (.data:ti_sysbios_family_arm_m3_Hwi_Module_State_0_excStack__A)
                  20002568    00000004     empty_pem4f.oem4f (.data:ti_sysbios_gates_GateHwi_Object__table__V)
                  2000256c    00000004     empty_pem4f.oem4f (.data:ti_sysbios_knl_Task_Module_State_0_idleTask__A)
                  20002570    00000004     empty_pem4f.oem4f (.data:ti_sysbios_utils_Load_Module_State_0_runningTask__A)
                  20002574    00000004     empty_pem4f.oem4f (.data:ti_sysbios_utils_Load_Module_State_0_taskStartTime__A)
                  20002578    00000004     empty_pem4f.oem4f (.data:xdc_runtime_HeapStd_Module__state__V)
                  2000257c    00000004     empty_pem4f.oem4f (.data:xdc_runtime_Memory_Module__state__V)
                  20002580    00000002     main.obj (.data)
                  20002582    00000002     empty_pem4f.oem4f (.data:ti_sysbios_family_arm_m3_Hwi_Module_State_0_excActive__A)
                  20002584    00000002     empty_pem4f.oem4f (.data:xdc_runtime_Error_Module__state__V)
                  20002586    00000002     empty_pem4f.oem4f (.data:xdc_runtime_Main_Module__root__V)

.stack     0    20002588    00000400     UNINITIALIZED
                  20002588    00000400     --HOLE--

.bootVecs 
*          0    00000000    00000008     DSECT
                  00000000    00000008     boot.aem4f : boot.oem4f (.bootVecs)

xdc.meta   0    00000000    000000f3     COPY SECTION
                  00000000    000000f3     empty_pem4f.oem4f (xdc.meta)

MODULE SUMMARY

       Module                     code    ro data   rw data
       ------                     ----    -------   -------
    .\
       main.obj                   480     0         26     
    +--+--------------------------+-------+---------+---------+
       Total:                     480     0         26     
                                                           
    C:\Brian\Fall2018\CPE403\Workspace\TIVAC_RTOS\blink_ClkSwi\Debug\configPkg\package\cfg\
       empty_pem4f.oem4f          3102    9883      8966   
    +--+--------------------------+-------+---------+---------+
       Total:                     3102    9883      8966   
                                                           
    C:/ti/tirex-content/tirtos_tivac_2_16_00_08/products/TivaWare_C_Series-2.1.1.71b/driverlib/ccs/Debug/driverlib.lib
       gpio.obj                   382     0         0      
       sysctl.obj                 298     0         0      
    +--+--------------------------+-------+---------+---------+
       Total:                     680     0         0      
                                                           
    C:\Brian\Fall2018\CPE403\Workspace\TIVAC_RTOS\blink_ClkSwi\src\sysbios\sysbios.aem4f
       BIOS.obj                   11250   0         0      
       m3_Hwi_asm.obj             314     0         0      
       m3_TaskSupport_asm.obj     180     0         0      
       m3_Hwi_asm_switch.obj      118     0         0      
    +--+--------------------------+-------+---------+---------+
       Total:                     11862   0         0      
                                                           
    C:\ti\ccsv6\tools\compiler\arm_15.12.3.LTS\lib\rtsv7M4_T_le_v4SPD16_eabi.lib
       trgdrv.obj                 804     0         8      
       trgmsg.obj                 104     0         288    
       memcpy_t2.obj              156     0         0      
       memset_t2.obj              122     0         0      
       copy_decompress_rle.obj    112     0         0      
       exit.obj                   84      0         12     
       cpy_tbl.obj                76      0         0      
       u_divt2.obj                64      0         0      
       _lock.obj                  20      0         8      
       args_main.obj              24      0         0      
       strcpy.obj                 20      0         0      
       strlen.obj                 20      0         0      
       copy_decompress_none.obj   14      0         0      
       stkdepth_vars.obj          0       0         4      
       i_div0.obj                 2       0         0      
    +--+--------------------------+-------+---------+---------+
       Total:                     1622    0         320    
                                                           
    C:\ti\tirex-content\tirtos_tivac_2_16_00_08\products\bios_6_45_01_29\packages\ti\catalog\arm\cortexm4\tiva\ce\lib\Boot.aem4f
       Boot_sysctl.oem4f          262     0         0      
       Boot.oem4f                 152     0         0      
    +--+--------------------------+-------+---------+---------+
       Total:                     414     0         0      
                                                           
    C:\ti\tirex-content\tirtos_tivac_2_16_00_08\products\bios_6_45_01_29\packages\ti\targets\arm\rtsarm\lib\auto_init.aem4f
       auto_init.oem4f            160     0         0      
    +--+--------------------------+-------+---------+---------+
       Total:                     160     0         0      
                                                           
    C:\ti\tirex-content\tirtos_tivac_2_16_00_08\products\bios_6_45_01_29\packages\ti\targets\arm\rtsarm\lib\boot.aem4f
       boot.oem4f                 88      0         0      
    +--+--------------------------+-------+---------+---------+
       Total:                     88      0         0      
                                                           
    C:\ti\tirex-content\tirtos_tivac_2_16_00_08\products\bios_6_45_01_29\packages\ti\targets\arm\rtsarm\lib\ti.targets.arm.rtsarm.aem4f
       System.oem4f               1255    0         0      
       HeapStd.oem4f              714     0         0      
       Text.oem4f                 672     0         0      
       Error.oem4f                524     0         0      
       Core-mem.oem4f             358     0         0      
       Startup.oem4f              328     0         0      
       SysMin.oem4f               248     0         0      
       Core-smem.oem4f            204     0         0      
       Memory.oem4f               176     0         0      
       Assert.oem4f               84      0         0      
       Core-params.oem4f          70      0         0      
       Core-label.oem4f           52      0         0      
       Registry.oem4f             32      0         0      
       Gate.oem4f                 28      0         0      
    +--+--------------------------+-------+---------+---------+
       Total:                     4745    0         0      
                                                           
    C:\ti\tirex-content\tirtos_tivac_2_16_00_08\products\uia_2_00_05_50\packages\ti\uia\loggers\lib\release\ti.uia.loggers.aem4f
       LoggerStopMode.oem4f       552     0         0      
    +--+--------------------------+-------+---------+---------+
       Total:                     552     0         0      
                                                           
    C:\ti\tirex-content\tirtos_tivac_2_16_00_08\products\uia_2_00_05_50\packages\ti\uia\runtime\lib\release\ti.uia.runtime.aem4f
       QueueDescriptor.oem4f      116     0         8      
    +--+--------------------------+-------+---------+---------+
       Total:                     116     0         8      
                                                           
       Stack:                     0       0         1024   
       Linker Generated:          0       1005      0      
    +--+--------------------------+-------+---------+---------+
       Grand Total:               23821   10888     10344  


LINKER GENERATED COPY TABLES

__TI_cinit_table @ 0000880c records: 3, size/record: 8, table size: 24
	.data: load addr=00008430, load size=000003b7 bytes, run addr=20001fb0, run size=000005d8 bytes, compression=rle
	.bss: load addr=000087e8, load size=0000000b bytes, run addr=20000380, run size=00001c30 bytes, compression=rle
	.vecs: load addr=000087f8, load size=0000000b bytes, run addr=20000000, run size=00000360 bytes, compression=rle


LINKER GENERATED HANDLER TABLE

__TI_handler_table @ 00008804 records: 2, size/record: 4, table size: 8
	index: 0, handler: __TI_decompress_rle24
	index: 1, handler: __TI_decompress_none


GLOBAL SYMBOLS: SORTED ALPHABETICALLY BY Name 

address   name                                                              
-------   ----                                                              
00004821  C$$EXIT                                                           
0000436f  C$$IO$$                                                           
00005411  GPIODirModeSet                                                    
00001ed5  GPIOPadConfigSet                                                  
0000418b  GPIOPinRead                                                       
00005967  GPIOPinTypeGPIOOutput                                             
00005143  GPIOPinWrite                                                      
00000a93  HOSTclock                                                         
00000a5b  HOSTclose                                                         
00000a1d  HOSTgetenv                                                        
000009c1  HOSTlseek                                                         
0000096f  HOSTopen                                                          
00000923  HOSTread                                                          
000008c5  HOSTrename                                                        
0000088b  HOSTtime                                                          
00000841  HOSTtime64                                                        
00000809  HOSTunlink                                                        
000007bd  HOSTwrite                                                         
UNDEFED   SHT$$INIT_ARRAY$$Base                                             
UNDEFED   SHT$$INIT_ARRAY$$Limit                                            
00002921  SysCtlClockSet                                                    
00005d71  SysCtlDelay                                                       
00004fd1  SysCtlPeripheralEnable                                            
00000000  __ASM__                                                           
20001d00  __CIOBUF_                                                         
00000071  __ISA__                                                           
00000084  __PLAT__                                                          
20002988  __STACK_END                                                       
00000400  __STACK_SIZE                                                      
000000a5  __TARG__                                                          
0000880c  __TI_CINIT_Base                                                   
00008824  __TI_CINIT_Limit                                                  
00008804  __TI_Handler_Table_Base                                           
0000880c  __TI_Handler_Table_Limit                                          
00003919  __TI_auto_init                                                    
200024b4  __TI_cleanup_ptr                                                  
00005c61  __TI_decompress_none                                              
00005d77  __TI_decompress_rle24                                             
200024b8  __TI_dtors_ptr                                                    
200024bc  __TI_enable_exit_profile_output                                   
ffffffff  __TI_pprof_out_hndl                                               
ffffffff  __TI_prof_data_size                                               
ffffffff  __TI_prof_data_start                                              
00004373  __TI_readmsg                                                      
00008430  __TI_static_base__                                                
00004341  __TI_writemsg                                                     
000000cb  __TRDR__                                                          
000040a7  __aeabi_idiv0                                                     
0000402d  __aeabi_memclr                                                    
0000402d  __aeabi_memclr4                                                   
0000402d  __aeabi_memclr8                                                   
00003a59  __aeabi_memcpy                                                    
00003a59  __aeabi_memcpy4                                                   
00003a59  __aeabi_memcpy8                                                   
0000402f  __aeabi_memset                                                    
0000402f  __aeabi_memset4                                                   
0000402f  __aeabi_memset8                                                   
00004dad  __aeabi_uidiv                                                     
00004dad  __aeabi_uidivmod                                                  
ffffffff  __binit__                                                         
ffffffff  __c_args__                                                        
20002588  __stack                                                           
00005981  _args_main                                                        
00004719  _c_int00                                                          
200024fc  _lock                                                             
00005aab  _nop                                                              
00005aa3  _register_lock                                                    
00005a9d  _register_unlock                                                  
20002500  _unlock                                                           
00004825  abort                                                             
ffffffff  binit                                                             
000049b9  copy_in                                                           
0000482d  exit                                                              
00003c2f  free                                                              
0000517d  hardware_init                                                     
[...]
000081a0  ti_sysbios_family_arm_lm4_Timer_numTimerDevices__C                
000081a4  ti_sysbios_family_arm_lm4_Timer_startupNeeded__C                  
000081a8  ti_sysbios_family_arm_m3_Hwi_E_NMI__C                             
000081ac  ti_sysbios_family_arm_m3_Hwi_E_busFault__C                        
000081b0  ti_sysbios_family_arm_m3_Hwi_E_debugMon__C                        
000081b4  ti_sysbios_family_arm_m3_Hwi_E_hardFault__C                       
000081b8  ti_sysbios_family_arm_m3_Hwi_E_memFault__C                        
000081bc  ti_sysbios_family_arm_m3_Hwi_E_noIsr__C                           
000081c0  ti_sysbios_family_arm_m3_Hwi_E_reserved__C                        
000081c4  ti_sysbios_family_arm_m3_Hwi_E_svCall__C                          
000081c8  ti_sysbios_family_arm_m3_Hwi_E_usageFault__C                      
000081cc  ti_sysbios_family_arm_m3_Hwi_LD_end__C                            
000081d0  ti_sysbios_family_arm_m3_Hwi_LM_begin__C                          
000081d4  ti_sysbios_family_arm_m3_Hwi_Module__diagsEnabled__C              
000081d8  ti_sysbios_family_arm_m3_Hwi_Module__diagsIncluded__C             
000081dc  ti_sysbios_family_arm_m3_Hwi_Module__diagsMask__C                 
000081e0  ti_sysbios_family_arm_m3_Hwi_Module__loggerFxn1__C                
000081e4  ti_sysbios_family_arm_m3_Hwi_Module__loggerFxn8__C                
000081e8  ti_sysbios_family_arm_m3_Hwi_Module__loggerObj__C                 
000081ec  ti_sysbios_family_arm_m3_Hwi_NUM_INTERRUPTS__C                    
000081f0  ti_sysbios_family_arm_m3_Hwi_Object__count__C                     
000081f4  ti_sysbios_family_arm_m3_Hwi_ccr__C                               
000081f8  ti_sysbios_family_arm_m3_Hwi_excHandlerFunc__C                    
000081fc  ti_sysbios_family_arm_m3_Hwi_excHookFuncs__C                      
00008200  ti_sysbios_family_arm_m3_Hwi_nullIsrFunc__C                       
00008204  ti_sysbios_family_arm_m3_Hwi_priGroup__C                          
00008208  ti_sysbios_gates_GateMutex_A_badContext__C                        
0000820c  ti_sysbios_gates_GateMutex_Instance_State_sem__O                  
00008210  ti_sysbios_gates_GateMutex_Module__diagsEnabled__C                
00008214  ti_sysbios_gates_GateMutex_Module__diagsIncluded__C               
00008218  ti_sysbios_gates_GateMutex_Module__diagsMask__C                   
0000821c  ti_sysbios_hal_Hwi_E_stackOverflow__C                             
00008220  ti_sysbios_heaps_HeapMem_Object__count__C                         
00008224  ti_sysbios_knl_Clock_LM_begin__C                                  
00008228  ti_sysbios_knl_Clock_LM_tick__C                                   
0000822c  ti_sysbios_knl_Clock_LW_delayed__C                                
00008230  ti_sysbios_knl_Clock_Module_State_clockQ__O                       
00008234  ti_sysbios_knl_Clock_Module__diagsEnabled__C                      
00008238  ti_sysbios_knl_Clock_Module__diagsIncluded__C                     
0000823c  ti_sysbios_knl_Clock_Module__diagsMask__C                         
00008240  ti_sysbios_knl_Clock_Module__loggerFxn1__C                        
00008244  ti_sysbios_knl_Clock_Module__loggerFxn2__C                        
00008248  ti_sysbios_knl_Clock_Module__loggerObj__C                         
0000824c  ti_sysbios_knl_Semaphore_A_badContext__C                          
00008250  ti_sysbios_knl_Semaphore_A_noEvents__C                            
00008254  ti_sysbios_knl_Semaphore_A_overflow__C                            
00008258  ti_sysbios_knl_Semaphore_A_pendTaskDisabled__C                    
0000825c  ti_sysbios_knl_Semaphore_Instance_State_pendQ__O                  
00008260  ti_sysbios_knl_Semaphore_LM_pend__C                               
00008264  ti_sysbios_knl_Semaphore_LM_post__C                               
00008268  ti_sysbios_knl_Semaphore_Module__diagsEnabled__C                  
0000826c  ti_sysbios_knl_Semaphore_Module__diagsIncluded__C                 
00008270  ti_sysbios_knl_Semaphore_Module__diagsMask__C                     
00008274  ti_sysbios_knl_Semaphore_Module__loggerFxn2__C                    
00008278  ti_sysbios_knl_Semaphore_Module__loggerFxn4__C                    
0000827c  ti_sysbios_knl_Semaphore_Module__loggerObj__C                     
00008280  ti_sysbios_knl_Swi_LD_end__C                                      
00008284  ti_sysbios_knl_Swi_LM_begin__C                                    
00008288  ti_sysbios_knl_Swi_LM_post__C                                     
0000828c  ti_sysbios_knl_Swi_Module__diagsEnabled__C                        
00008290  ti_sysbios_knl_Swi_Module__diagsIncluded__C                       
00008294  ti_sysbios_knl_Swi_Module__diagsMask__C                           
00008298  ti_sysbios_knl_Swi_Module__loggerFxn1__C                          
0000829c  ti_sysbios_knl_Swi_Module__loggerFxn4__C                          
000082a0  ti_sysbios_knl_Swi_Module__loggerObj__C                           
000082a4  ti_sysbios_knl_Swi_Object__count__C                               
000082a8  ti_sysbios_knl_Task_E_spOutOfBounds__C                            
000082ac  ti_sysbios_knl_Task_E_stackOverflow__C                            
000082b0  ti_sysbios_knl_Task_LD_block__C                                   
000082b4  ti_sysbios_knl_Task_LD_exit__C                                    
000082b8  ti_sysbios_knl_Task_LD_ready__C                                   
000082bc  ti_sysbios_knl_Task_LM_switch__C                                  
000082c0  ti_sysbios_knl_Task_Module_State_inactiveQ__O                     
000082c4  ti_sysbios_knl_Task_Module__diagsEnabled__C                       
000082c8  ti_sysbios_knl_Task_Module__diagsIncluded__C                      
000082cc  ti_sysbios_knl_Task_Module__diagsMask__C                          
000082d0  ti_sysbios_knl_Task_Module__loggerFxn2__C                         
000082d4  ti_sysbios_knl_Task_Module__loggerFxn4__C                         
000082d8  ti_sysbios_knl_Task_Module__loggerObj__C                          
000082dc  ti_sysbios_knl_Task_Object__count__C                              
000082e0  ti_sysbios_knl_Task_allBlockedFunc__C                             
000082e4  ti_sysbios_knl_Task_numConstructedTasks__C                        
000082e8  ti_sysbios_utils_Load_LS_cpuLoad__C                               
000082ec  ti_sysbios_utils_Load_Module__diagsEnabled__C                     
000082f0  ti_sysbios_utils_Load_Module__diagsIncluded__C                    
000082f4  ti_sysbios_utils_Load_Module__diagsMask__C                        
000082f8  ti_sysbios_utils_Load_Module__loggerFxn1__C                       
000082fc  ti_sysbios_utils_Load_Module__loggerObj__C                        
00008300  ti_sysbios_utils_Load_postUpdate__C                               
00008304  ti_sysbios_utils_Load_windowInMs__C                               
00008308  ti_uia_loggers_LoggerStopMode_Module__diagsEnabled__C             
0000830c  ti_uia_loggers_LoggerStopMode_Module__diagsIncluded__C            
00008310  ti_uia_loggers_LoggerStopMode_Module__diagsMask__C                
00008314  ti_uia_loggers_LoggerStopMode_Object__count__C                    
00008318  ti_uia_runtime_ILoggerSnapshot_Interface__BASE__C                 
0000831c  ti_uia_runtime_IUIATransfer_Interface__BASE__C                    
00008320  xdc_runtime_Assert_E_assertFailed__C                              
00008324  xdc_runtime_Core_A_initializedParams__C                           
00008328  xdc_runtime_Core_Module__diagsEnabled__C                          
0000832c  xdc_runtime_Core_Module__diagsIncluded__C                         
00008330  xdc_runtime_Core_Module__diagsMask__C                             
00008334  xdc_runtime_Error_E_memory__C                                     
00008338  xdc_runtime_Error_Module__diagsEnabled__C                         
0000833c  xdc_runtime_Error_Module__diagsIncluded__C                        
00008340  xdc_runtime_Error_Module__diagsMask__C                            
00008344  xdc_runtime_Error_Module__loggerFxn8__C                           
00008348  xdc_runtime_Error_Module__loggerObj__C                            
0000834c  xdc_runtime_Error_policyFxn__C                                    
00008350  xdc_runtime_Error_raiseHook__C                                    
00008354  xdc_runtime_HeapStd_A_align__C                                    
00008358  xdc_runtime_HeapStd_A_invalidTotalFreeSize__C                     
0000835c  xdc_runtime_HeapStd_A_zeroSize__C                                 
00008360  xdc_runtime_HeapStd_E_noRTSMemory__C                              
00008364  xdc_runtime_HeapStd_Module__diagsEnabled__C                       
00008368  xdc_runtime_HeapStd_Module__diagsIncluded__C                      
0000836c  xdc_runtime_HeapStd_Module__diagsMask__C                          
00008370  xdc_runtime_IFilterLogger_Interface__BASE__C                      
00008374  xdc_runtime_IGateProvider_Interface__BASE__C                      
00008378  xdc_runtime_IHeap_Interface__BASE__C                              
0000837c  xdc_runtime_ILogger_Interface__BASE__C                            
00008380  xdc_runtime_IModule_Interface__BASE__C                            
00008384  xdc_runtime_Log_L_error__C                                        
00008388  xdc_runtime_Log_L_info__C                                         
0000838c  xdc_runtime_Main_Module__diagsEnabled__C                          
00008390  xdc_runtime_Main_Module__diagsIncluded__C                         
00008394  xdc_runtime_Main_Module__diagsMask__C                             
00008398  xdc_runtime_Main_Module__loggerFxn4__C                            
0000839c  xdc_runtime_Main_Module__loggerObj__C                             
000083a0  xdc_runtime_Memory_defaultHeapInstance__C                         
000083a4  xdc_runtime_Startup_execImpl__C                                   
000083a8  xdc_runtime_Startup_lastFxns__A                                   
000083ac  xdc_runtime_Startup_maxPasses__C                                  
000083b0  xdc_runtime_Startup_sfxnRts__C                                    
000083b4  xdc_runtime_Startup_sfxnTab__C                                    
000083b8  xdc_runtime_SysMin_bufSize__C                                     
000083bc  xdc_runtime_SysMin_outputFunc__C                                  
000083c0  xdc_runtime_System_Module__gateObj__C                             
000083c4  xdc_runtime_System_abortFxn__C                                    
000083c8  xdc_runtime_System_exitFxn__C                                     
000083cc  xdc_runtime_System_extendFxn__C                                   
000083d0  xdc_runtime_System_maxAtexitHandlers__C                           
000083d4  xdc_runtime_Text_charTab__C                                       
000083d8  xdc_runtime_Text_nameEmpty__C                                     
000083dc  xdc_runtime_Text_nameStatic__C                                    
000083e0  xdc_runtime_Text_nameUnknown__C                                   
000083e4  xdc_runtime_Text_nodeTab__C                                       
000083e8  xdc_runtime_Text_visitRopeFxn__C                                  
000083ec  ti_catalog_arm_cortexm4_tiva_ce_Boot_Module__id__C                
000083ee  ti_sysbios_family_arm_lm4_TimestampProvider_useClockTimer__C      
000083f0  ti_sysbios_family_arm_m3_Hwi_Module__id__C                        
000083f2  ti_sysbios_family_arm_m3_Hwi_Module__loggerDefined__C             
000083f4  ti_sysbios_gates_GateMutex_Module__id__C                          
000083f6  ti_sysbios_hal_Hwi_Module__id__C                                  
000083f8  ti_sysbios_knl_Clock_Module__id__C                                
000083fa  ti_sysbios_knl_Clock_Module__loggerDefined__C                     
000083fc  ti_sysbios_knl_Semaphore_Module__id__C                            
000083fe  ti_sysbios_knl_Semaphore_Module__loggerDefined__C                 
00008400  ti_sysbios_knl_Swi_Module__id__C                                  
00008402  ti_sysbios_knl_Swi_Module__loggerDefined__C                       
00008404  ti_sysbios_knl_Task_Module__id__C                                 
00008406  ti_sysbios_knl_Task_Module__loggerDefined__C                      
00008408  ti_sysbios_utils_Load_Module__id__C                               
0000840a  ti_sysbios_utils_Load_Module__loggerDefined__C                    
0000840c  ti_sysbios_utils_Load_updateInIdle__C                             
0000840e  ti_uia_loggers_LoggerStopMode_Module__id__C                       
00008410  ti_uia_loggers_LoggerStopMode_isTimestampEnabled__C               
00008412  xdc_runtime_Core_Module__id__C                                    
00008414  xdc_runtime_Error_Module__loggerDefined__C                        
00008416  xdc_runtime_Error_maxDepth__C                                     
00008418  xdc_runtime_HeapStd_Module__id__C                                 
0000841a  xdc_runtime_Main_Module__id__C                                    
0000841c  xdc_runtime_Main_Module__loggerDefined__C                         
0000841e  xdc_runtime_Memory_Module__id__C                                  
00008420  xdc_runtime_SysMin_flushAtExit__C                                 
00008422  xdc_runtime_Text_charCnt__C                                       
00008424  xdc_runtime_Text_isLoaded__C                                      
00008426  xdc_runtime_Text_registryModsLastId__C                            
00008428  xdc_runtime_Text_unnamedModsLastId__C                             
0000842a  xdc_runtime_Error_policy__C                                       
00008430  __TI_static_base__                                                
00008804  __TI_Handler_Table_Base                                           
0000880c  __TI_CINIT_Base                                                   
0000880c  __TI_Handler_Table_Limit                                          
00008824  __TI_CINIT_Limit                                                  
20000000  ti_sysbios_family_arm_m3_Hwi_ramVectors                           
20000380  ti_sysbios_knl_Task_Instance_State_0_stack__A                     
20000b80  ti_uia_loggers_LoggerStopMode_Instance_State_1_packetArray__A     
20000f80  ti_uia_loggers_LoggerStopMode_Instance_State_2_packetArray__A     
20001380  xdc_runtime_SysMin_Module_State_0_outbuf__A                       
20001780  ti_sysbios_family_arm_m3_Hwi_dispatchTable                        
20001b00  ti_uia_loggers_LoggerStopMode_Instance_State_0_packetArray__A     
20001d00  __CIOBUF_                                                         
20001e80  ti_uia_loggers_LoggerStopMode_Instance_State_0_hdr__A             
20001f00  ti_uia_loggers_LoggerStopMode_Instance_State_1_hdr__A             
20001f80  ti_uia_loggers_LoggerStopMode_Instance_State_2_hdr__A             
20001fb0  ti_uia_loggers_LoggerStopMode_Object__table__V                    
2000204c  ti_sysbios_utils_Load_Module__state__V                            
200020e4  ti_sysbios_family_arm_lm4_Timer_Object__table__V                  
20002164  ti_sysbios_knl_Swi_Module_State_0_readyQ__A                       
200021e4  ti_sysbios_knl_Task_Module_State_0_readyQ__A                      
20002264  ti_sysbios_knl_Task_Object__table__V                              
200022b0  ti_sysbios_knl_Task_Module__state__V                              
200022f4  ti_sysbios_gates_GateMutex_Object__table__V                       
2000232c  ti_sysbios_family_arm_m3_Hwi_Module__state__V                     
20002360  ti_sysbios_family_arm_lm4_Timer_Module_State_0_device__A          
20002390  ti_sysbios_family_arm_m3_Hwi_Object__table__V                     
200023c0  ti_sysbios_knl_Swi_Object__table__V                               
200023f0  ti_sysbios_knl_Clock_Module__state__V                             
2000241c  ti_sysbios_BIOS_Module__state__V                                  
20002440  ti_sysbios_knl_Clock_Object__table__V                             
20002460  xdc_runtime_System_Module_State_0_atexitHandlers__A               
20002480  ti_sysbios_knl_Swi_Module__state__V                               
2000249c  ti_sysbios_family_arm_lm4_Timer_Module_State_0_handles__A         
200024b4  __TI_cleanup_ptr                                                  
200024b8  __TI_dtors_ptr                                                    
200024bc  __TI_enable_exit_profile_output                                   
200024c0  ti_sysbios_family_arm_lm4_Timer_Module__state__V                  
200024cc  ti_sysbios_knl_Task_Module__root__V                               
200024d8  ti_uia_runtime_QueueDescriptor_Module__state__V                   
200024e4  xdc_runtime_HeapStd_Object__table__V                              
200024f0  xdc_runtime_SysMin_Module__state__V                               
200024fc  _lock                                                             
20002500  _unlock                                                           
20002504  ti_uia_runtime_QueueDescriptor_gPtrToFirstDescriptor              
20002508  ti_uia_runtime_QueueDescriptor_gUpdateCount                       
2000250c  ti_sysbios_family_arm_lm4_TimestampProvider_Module__state__V      
20002514  ti_sysbios_gates_GateHwi_Module__root__V                          
2000251c  ti_sysbios_gates_GateMutex_Module__root__V                        
20002524  ti_sysbios_knl_Queue_Module__root__V                              
2000252c  ti_sysbios_knl_Semaphore_Module__root__V                          
20002534  ti_uia_loggers_LoggerStopMode_Module__root__V                     
2000253c  xdc_runtime_HeapStd_Module__root__V                               
20002544  xdc_runtime_Registry_Module__state__V                             
2000254c  xdc_runtime_Startup_Module__state__V                              
20002554  xdc_runtime_System_Module__state__V                               
2000255c  main_func_sp                                                      
20002560  ti_sysbios_family_arm_m3_Hwi_Module_State_0_excContext__A         
20002564  ti_sysbios_family_arm_m3_Hwi_Module_State_0_excStack__A           
20002568  ti_sysbios_gates_GateHwi_Object__table__V                         
2000256c  ti_sysbios_knl_Task_Module_State_0_idleTask__A                    
20002570  ti_sysbios_utils_Load_Module_State_0_runningTask__A               
20002574  ti_sysbios_utils_Load_Module_State_0_taskStartTime__A             
20002578  xdc_runtime_HeapStd_Module__state__V                              
2000257c  xdc_runtime_Memory_Module__state__V                               
20002580  i16ToggleCount                                                    
20002582  ti_sysbios_family_arm_m3_Hwi_Module_State_0_excActive__A          
20002584  xdc_runtime_Error_Module__state__V                                
20002586  xdc_runtime_Main_Module__root__V                                  
20002588  __stack                                                           
20002988  __STACK_END                                                       
e000e000  ti_sysbios_family_arm_m3_Hwi_nvic                                 
ffffffff  __TI_pprof_out_hndl                                               
ffffffff  __TI_prof_data_size                                               
ffffffff  __TI_prof_data_start                                              
ffffffff  __binit__                                                         
ffffffff  __c_args__                                                        
ffffffff  binit                                                             
UNDEFED   SHT$$INIT_ARRAY$$Base                                             
UNDEFED   SHT$$INIT_ARRAY$$Limit                                            

[643 symbols]
